Archive member included to satisfy reference by file (symbol)

../../DaisyExamples/libdaisy/build/libdaisy.a(daisy_field.o)
                              build/Fake08.o (daisy::DaisyField::Init(bool))
../../DaisyExamples/libdaisy/build/libdaisy.a(daisy_seed.o)
                              ../../DaisyExamples/libdaisy/build/libdaisy.a(daisy_field.o) (daisy::DaisySeed::Configure())
../../DaisyExamples/libdaisy/build/libdaisy.a(codec_ak4556.o)
                              ../../DaisyExamples/libdaisy/build/libdaisy.a(daisy_seed.o) (daisy::Ak4556::Init(dsy_gpio_pin))
../../DaisyExamples/libdaisy/build/libdaisy.a(sdram.o)
                              ../../DaisyExamples/libdaisy/build/libdaisy.a(daisy_seed.o) (dsy_sdram_init)
../../DaisyExamples/libdaisy/build/libdaisy.a(audio.o)
                              ../../DaisyExamples/libdaisy/build/libdaisy.a(daisy_seed.o) (daisy::AudioHandle::Init(daisy::AudioHandle::Config const&, daisy::SaiHandle))
../../DaisyExamples/libdaisy/build/libdaisy.a(ctrl.o)
                              ../../DaisyExamples/libdaisy/build/libdaisy.a(daisy_field.o) (daisy::AnalogControl::Init(unsigned short*, float, bool, bool, float))
../../DaisyExamples/libdaisy/build/libdaisy.a(gatein.o)
                              ../../DaisyExamples/libdaisy/build/libdaisy.a(daisy_field.o) (daisy::GateIn::Init(dsy_gpio_pin*))
../../DaisyExamples/libdaisy/build/libdaisy.a(oled_display.o)
                              ../../DaisyExamples/libdaisy/build/libdaisy.a(daisy_field.o) (daisy::OledDisplay::Fill(bool))
../../DaisyExamples/libdaisy/build/libdaisy.a(parameter.o)
                              build/Fake08.o (daisy::Parameter::Init(daisy::AnalogControl, float, float, daisy::Parameter::Curve))
../../DaisyExamples/libdaisy/build/libdaisy.a(switch.o)
                              ../../DaisyExamples/libdaisy/build/libdaisy.a(daisy_field.o) (daisy::Switch::Init(dsy_gpio_pin, float))
../../DaisyExamples/libdaisy/build/libdaisy.a(adc.o)
                              ../../DaisyExamples/libdaisy/build/libdaisy.a(daisy_field.o) (daisy::AdcChannelConfig::InitSingle(dsy_gpio_pin))
../../DaisyExamples/libdaisy/build/libdaisy.a(dac.o)
                              ../../DaisyExamples/libdaisy/build/libdaisy.a(daisy_field.o) (dsy_dac_init)
../../DaisyExamples/libdaisy/build/libdaisy.a(gpio.o)
                              ../../DaisyExamples/libdaisy/build/libdaisy.a(daisy_field.o) (dsy_gpio_init)
../../DaisyExamples/libdaisy/build/libdaisy.a(i2c.o)
                              build/Fake08.o (daisy::I2CHandle::Init(daisy::I2CHandle::Config const&))
../../DaisyExamples/libdaisy/build/libdaisy.a(qspi.o)
                              ../../DaisyExamples/libdaisy/build/libdaisy.a(daisy_seed.o) (dsy_qspi_init)
../../DaisyExamples/libdaisy/build/libdaisy.a(sai.o)
                              ../../DaisyExamples/libdaisy/build/libdaisy.a(daisy_seed.o) (daisy::SaiHandle::Init(daisy::SaiHandle::Config const&))
../../DaisyExamples/libdaisy/build/libdaisy.a(spi.o)
                              ../../DaisyExamples/libdaisy/build/libdaisy.a(oled_display.o) (daisy::SpiHandle::Init())
../../DaisyExamples/libdaisy/build/libdaisy.a(system.o)
                              ../../DaisyExamples/libdaisy/build/libdaisy.a(daisy_field.o) (daisy::System::GetNow())
../../DaisyExamples/libdaisy/build/libdaisy.a(system_stm32h7xx.o)
                              build/startup_stm32h750xx.o (SystemInit)
../../DaisyExamples/libdaisy/build/libdaisy.a(hal_map.o)
                              ../../DaisyExamples/libdaisy/build/libdaisy.a(sdram.o) (dsy_hal_map_get_port)
../../DaisyExamples/libdaisy/build/libdaisy.a(stm32h7xx_hal.o)
                              ../../DaisyExamples/libdaisy/build/libdaisy.a(system.o) (HAL_Init)
../../DaisyExamples/libdaisy/build/libdaisy.a(stm32h7xx_hal_adc.o)
                              ../../DaisyExamples/libdaisy/build/libdaisy.a(adc.o) (HAL_ADC_ConfigChannel)
../../DaisyExamples/libdaisy/build/libdaisy.a(stm32h7xx_hal_adc_ex.o)
                              ../../DaisyExamples/libdaisy/build/libdaisy.a(adc.o) (HAL_ADCEx_Calibration_Start)
../../DaisyExamples/libdaisy/build/libdaisy.a(stm32h7xx_hal_cortex.o)
                              ../../DaisyExamples/libdaisy/build/libdaisy.a(stm32h7xx_hal.o) (HAL_NVIC_SetPriorityGrouping)
../../DaisyExamples/libdaisy/build/libdaisy.a(stm32h7xx_hal_dac.o)
                              ../../DaisyExamples/libdaisy/build/libdaisy.a(dac.o) (HAL_DAC_Init)
../../DaisyExamples/libdaisy/build/libdaisy.a(stm32h7xx_hal_dac_ex.o)
                              ../../DaisyExamples/libdaisy/build/libdaisy.a(stm32h7xx_hal_dac.o) (HAL_DACEx_DMAUnderrunCallbackCh2)
../../DaisyExamples/libdaisy/build/libdaisy.a(stm32h7xx_hal_dma.o)
                              ../../DaisyExamples/libdaisy/build/libdaisy.a(adc.o) (HAL_DMA_Init)
../../DaisyExamples/libdaisy/build/libdaisy.a(stm32h7xx_hal_gpio.o)
[...]
Memory Configuration

Name             Origin             Length             Attributes
FLASH            0x0000000008000000 0x0000000000020000 xr
DTCMRAM          0x0000000020000000 0x0000000000020000 xrw
SRAM             0x0000000024000000 0x0000000000080000 xrw
RAM_D2           0x0000000030000000 0x0000000000048000 xrw
RAM_D3           0x0000000038000000 0x0000000000010000 xrw
ITCMRAM          0x0000000000000000 0x0000000000010000 xrw
SDRAM            0x00000000c0000000 0x0000000004000000 xrw
QSPIFLASH        0x0000000090000000 0x0000000000800000 xr
*default*        0x0000000000000000 0xffffffffffffffff

Linker script and memory map

LOAD /usr/local/Caskroom/gcc-arm-embedded/10-2020-q4-major/gcc-arm-none-eabi-10-2020-q4-major/bin/../lib/gcc/arm-none-eabi/10.2.1/thumb/v7e-m+dp/hard/crti.o
LOAD /usr/local/Caskroom/gcc-arm-embedded/10-2020-q4-major/gcc-arm-none-eabi-10-2020-q4-major/bin/../lib/gcc/arm-none-eabi/10.2.1/thumb/v7e-m+dp/hard/crtbegin.o
LOAD /usr/local/Caskroom/gcc-arm-embedded/10-2020-q4-major/gcc-arm-none-eabi-10-2020-q4-major/bin/../lib/gcc/arm-none-eabi/10.2.1/../../../../arm-none-eabi/lib/thumb/v7e-m+dp/hard/crt0.o
LOAD build/startup_stm32h750xx.o
LOAD build/Fake08.o
LOAD ../../DaisyExamples/libdaisy/build/libdaisy.a
LOAD /usr/local/Caskroom/gcc-arm-embedded/10-2020-q4-major/gcc-arm-none-eabi-10-2020-q4-major/bin/../lib/gcc/arm-none-eabi/10.2.1/../../../../arm-none-eabi/lib/thumb/v7e-m+dp/hard/libnosys.a
LOAD ../../DaisyExamples/DaisySP/build/libdaisysp.a
LOAD /usr/local/Caskroom/gcc-arm-embedded/10-2020-q4-major/gcc-arm-none-eabi-10-2020-q4-major/bin/../lib/gcc/arm-none-eabi/10.2.1/../../../../arm-none-eabi/lib/thumb/v7e-m+dp/hard/libstdc++_nano.a
LOAD /usr/local/Caskroom/gcc-arm-embedded/10-2020-q4-major/gcc-arm-none-eabi-10-2020-q4-major/bin/../lib/gcc/arm-none-eabi/10.2.1/../../../../arm-none-eabi/lib/thumb/v7e-m+dp/hard/libm.a
LOAD /usr/local/Caskroom/gcc-arm-embedded/10-2020-q4-major/gcc-arm-none-eabi-10-2020-q4-major/bin/../lib/gcc/arm-none-eabi/10.2.1/../../../../arm-none-eabi/lib/thumb/v7e-m+dp/hard/libc_nano.a
START GROUP
LOAD /usr/local/Caskroom/gcc-arm-embedded/10-2020-q4-major/gcc-arm-none-eabi-10-2020-q4-major/bin/../lib/gcc/arm-none-eabi/10.2.1/thumb/v7e-m+dp/hard/libgcc.a
LOAD /usr/local/Caskroom/gcc-arm-embedded/10-2020-q4-major/gcc-arm-none-eabi-10-2020-q4-major/bin/../lib/gcc/arm-none-eabi/10.2.1/../../../../arm-none-eabi/lib/thumb/v7e-m+dp/hard/libc_nano.a
END GROUP
START GROUP
LOAD /usr/local/Caskroom/gcc-arm-embedded/10-2020-q4-major/gcc-arm-none-eabi-10-2020-q4-major/bin/../lib/gcc/arm-none-eabi/10.2.1/thumb/v7e-m+dp/hard/libgcc.a
LOAD /usr/local/Caskroom/gcc-arm-embedded/10-2020-q4-major/gcc-arm-none-eabi-10-2020-q4-major/bin/../lib/gcc/arm-none-eabi/10.2.1/../../../../arm-none-eabi/lib/thumb/v7e-m+dp/hard/libc_nano.a
LOAD /usr/local/Caskroom/gcc-arm-embedded/10-2020-q4-major/gcc-arm-none-eabi-10-2020-q4-major/bin/../lib/gcc/arm-none-eabi/10.2.1/../../../../arm-none-eabi/lib/thumb/v7e-m+dp/hard/libnosys.a
END GROUP
START GROUP
LOAD /usr/local/Caskroom/gcc-arm-embedded/10-2020-q4-major/gcc-arm-none-eabi-10-2020-q4-major/bin/../lib/gcc/arm-none-eabi/10.2.1/thumb/v7e-m+dp/hard/libgcc.a
LOAD /usr/local/Caskroom/gcc-arm-embedded/10-2020-q4-major/gcc-arm-none-eabi-10-2020-q4-major/bin/../lib/gcc/arm-none-eabi/10.2.1/../../../../arm-none-eabi/lib/thumb/v7e-m+dp/hard/libc_nano.a
LOAD /usr/local/Caskroom/gcc-arm-embedded/10-2020-q4-major/gcc-arm-none-eabi-10-2020-q4-major/bin/../lib/gcc/arm-none-eabi/10.2.1/../../../../arm-none-eabi/lib/thumb/v7e-m+dp/hard/libnosys.a
END GROUP
LOAD /usr/local/Caskroom/gcc-arm-embedded/10-2020-q4-major/gcc-arm-none-eabi-10-2020-q4-major/bin/../lib/gcc/arm-none-eabi/10.2.1/thumb/v7e-m+dp/hard/crtend.o
LOAD /usr/local/Caskroom/gcc-arm-embedded/10-2020-q4-major/gcc-arm-none-eabi-10-2020-q4-major/bin/../lib/gcc/arm-none-eabi/10.2.1/thumb/v7e-m+dp/hard/crtn.o
                0x0000000020020000                _estack = 0x20020000

.isr_vector     0x0000000008000000      0x298
                0x0000000008000000                . = ALIGN (0x4)
 *(.isr_vector)
 .isr_vector    0x0000000008000000      0x298 build/startup_stm32h750xx.o
                0x0000000008000000                g_pfnVectors
                0x0000000008000298                . = ALIGN (0x4)

.text           0x0000000008000298     0xd4e8
                0x0000000008000298                . = ALIGN (0x4)
                0x0000000008000298                _stext = .
 *(.text)
 .text          0x0000000008000298       0x40 /usr/local/Caskroom/gcc-arm-embedded/10-2020-q4-major/gcc-arm-none-eabi-10-2020-q4-major/bin/../lib/gcc/arm-none-eabi/10.2.1/thumb/v7e-m+dp/hard/crtbegin.o
 .text          0x00000000080002d8      0x378 /usr/local/Caskroom/gcc-arm-embedded/10-2020-q4-major/gcc-arm-none-eabi-10-2020-q4-major/bin/../lib/gcc/arm-none-eabi/10.2.1/thumb/v7e-m+dp/hard/libgcc.a(_arm_addsubdf3.o)
                0x00000000080002d8                __aeabi_drsub
                0x00000000080002e0                __subdf3
                0x00000000080002e0                __aeabi_dsub
                0x00000000080002e4                __aeabi_dadd
                0x00000000080002e4                __adddf3
                0x000000000800055c                __aeabi_ui2d
                0x000000000800055c                __floatunsidf
                0x000000000800057c                __floatsidf
                0x000000000800057c                __aeabi_i2d
                0x00000000080005a0                __extendsfdf2
                0x00000000080005a0                __aeabi_f2d
                0x00000000080005e4                __aeabi_ul2d
                0x00000000080005e4                __floatundidf
                0x00000000080005f4                __aeabi_l2d
                0x00000000080005f4                __floatdidf
 *(.text*)
 .text.Default_Handler
                0x0000000008000650        0x4 build/startup_stm32h750xx.o
                0x0000000008000650                SAI1_IRQHandler
                0x0000000008000650                HASH_RNG_IRQHandler
                0x0000000008000650                EXTI2_IRQHandler
                0x0000000008000650                TIM8_CC_IRQHandler
                0x0000000008000650                HRTIM1_Master_IRQHandler
                0x0000000008000650                DebugMon_Handler
                0x0000000008000650                UART8_IRQHandler
                0x0000000008000650                SPI4_IRQHandler
                0x0000000008000650                TIM1_CC_IRQHandler
                0x0000000008000650                BDMA_Channel6_IRQHandler
                0x0000000008000650                DMA2_Stream5_IRQHandler
                0x0000000008000650                HRTIM1_FLT_IRQHandler
                0x0000000008000650                JPEG_IRQHandler
                0x0000000008000650                DMA1_Stream5_IRQHandler
                0x0000000008000650                BDMA_Channel1_IRQHandler
                0x0000000008000650                HRTIM1_TIMD_IRQHandler
                0x0000000008000650                TAMP_STAMP_IRQHandler
                0x0000000008000650                PendSV_Handler
                0x0000000008000650                NMI_Handler
                0x0000000008000650                EXTI3_IRQHandler
                0x0000000008000650                LPTIM4_IRQHandler
                0x0000000008000650                TIM8_TRG_COM_TIM14_IRQHandler
                0x0000000008000650                LPTIM2_IRQHandler
                0x0000000008000650                DFSDM1_FLT1_IRQHandler
                0x0000000008000650                DMAMUX2_OVR_IRQHandler
                0x0000000008000650                TIM8_UP_TIM13_IRQHandler
                0x0000000008000650                I2C3_ER_IRQHandler
                0x0000000008000650                DFSDM1_FLT2_IRQHandler
                0x0000000008000650                MDMA_IRQHandler
                0x0000000008000650                LPTIM3_IRQHandler
                0x0000000008000650                HSEM1_IRQHandler
                0x0000000008000650                EXTI0_IRQHandler
                0x0000000008000650                FPU_IRQHandler
                0x0000000008000650                OTG_HS_WKUP_IRQHandler
                0x0000000008000650                FDCAN1_IT1_IRQHandler
                0x0000000008000650                UsageFault_Handler
                0x0000000008000650                LTDC_ER_IRQHandler
                0x0000000008000650                DMA2_Stream2_IRQHandler
                0x0000000008000650                HRTIM1_TIME_IRQHandler
                0x0000000008000650                SPI1_IRQHandler
                0x0000000008000650                TIM6_DAC_IRQHandler
                0x0000000008000650                DCMI_IRQHandler
                0x0000000008000650                HRTIM1_TIMC_IRQHandler
                0x0000000008000650                DMA2_Stream3_IRQHandler
                0x0000000008000650                SAI2_IRQHandler
                0x0000000008000650                DFSDM1_FLT3_IRQHandler
                0x0000000008000650                USART6_IRQHandler
                0x0000000008000650                TIM17_IRQHandler
                0x0000000008000650                USART3_IRQHandler
                0x0000000008000650                CRYP_IRQHandler
                0x0000000008000650                BDMA_Channel7_IRQHandler
                0x0000000008000650                LPTIM5_IRQHandler
                0x0000000008000650                UART5_IRQHandler
                0x0000000008000650                ADC3_IRQHandler
                0x0000000008000650                DMA2_Stream0_IRQHandler
                0x0000000008000650                TIM4_IRQHandler
                0x0000000008000650                BDMA_Channel2_IRQHandler
                0x0000000008000650                DMAMUX1_OVR_IRQHandler
                0x0000000008000650                TIM16_IRQHandler
                0x0000000008000650                UART4_IRQHandler
                0x0000000008000650                BDMA_Channel5_IRQHandler
                0x0000000008000650                TIM3_IRQHandler
                0x0000000008000650                RCC_IRQHandler
                0x0000000008000650                TIM8_BRK_TIM12_IRQHandler
                0x0000000008000650                TIM1_TRG_COM_IRQHandler
                0x0000000008000650                Default_Handler
                0x0000000008000650                ECC_IRQHandler
                0x0000000008000650                CEC_IRQHandler
                0x0000000008000650                EXTI15_10_IRQHandler
                0x0000000008000650                BDMA_Channel0_IRQHandler
                0x0000000008000650                ADC_IRQHandler
                0x0000000008000650                DMA1_Stream7_IRQHandler
                0x0000000008000650                HRTIM1_TIMA_IRQHandler
                0x0000000008000650                SPI5_IRQHandler
                0x0000000008000650                TIM7_IRQHandler
                0x0000000008000650                SDMMC1_IRQHandler
                0x0000000008000650                TIM5_IRQHandler
                0x0000000008000650                DMA2_Stream7_IRQHandler
                0x0000000008000650                TIM15_IRQHandler
                0x0000000008000650                PVD_AVD_IRQHandler
                0x0000000008000650                EXTI9_5_IRQHandler
                0x0000000008000650                RTC_WKUP_IRQHandler
                0x0000000008000650                LTDC_IRQHandler
                0x0000000008000650                SAI3_IRQHandler
                0x0000000008000650                ETH_WKUP_IRQHandler
                0x0000000008000650                SPDIF_RX_IRQHandler
                0x0000000008000650                SPI2_IRQHandler
                0x0000000008000650                OTG_HS_EP1_IN_IRQHandler
                0x0000000008000650                MemManage_Handler
                0x0000000008000650                SVC_Handler
                0x0000000008000650                CRS_IRQHandler
                0x0000000008000650                EXTI4_IRQHandler
                0x0000000008000650                HRTIM1_TIMB_IRQHandler
                0x0000000008000650                FDCAN2_IT1_IRQHandler
                0x0000000008000650                ETH_IRQHandler
                0x0000000008000650                TIM1_UP_IRQHandler
                0x0000000008000650                BDMA_Channel4_IRQHandler
                0x0000000008000650                OTG_HS_EP1_OUT_IRQHandler
                0x0000000008000650                WWDG_IRQHandler
                0x0000000008000650                SPI6_IRQHandler
                0x0000000008000650                I2C4_EV_IRQHandler
                0x0000000008000650                MDIOS_IRQHandler
                0x0000000008000650                FDCAN2_IT0_IRQHandler
                0x0000000008000650                LPUART1_IRQHandler
                0x0000000008000650                FDCAN1_IT0_IRQHandler
                0x0000000008000650                TIM2_IRQHandler
                0x0000000008000650                OTG_FS_WKUP_IRQHandler
                0x0000000008000650                OTG_HS_IRQHandler
                0x0000000008000650                DMA2D_IRQHandler
                0x0000000008000650                TIM1_BRK_IRQHandler
                0x0000000008000650                EXTI1_IRQHandler
                0x0000000008000650                SDMMC2_IRQHandler
                0x0000000008000650                OTG_FS_EP1_OUT_IRQHandler
                0x0000000008000650                BDMA_Channel3_IRQHandler
                0x0000000008000650                UART7_IRQHandler
                0x0000000008000650                MDIOS_WKUP_IRQHandler
                0x0000000008000650                USART2_IRQHandler
                0x0000000008000650                DFSDM1_FLT0_IRQHandler
                0x0000000008000650                SAI4_IRQHandler
                0x0000000008000650                I2C2_ER_IRQHandler
                0x0000000008000650                DMA2_Stream1_IRQHandler
                0x0000000008000650                FLASH_IRQHandler
                0x0000000008000650                DMA2_Stream4_IRQHandler
                0x0000000008000650                BusFault_Handler
                0x0000000008000650                USART1_IRQHandler
                0x0000000008000650                OTG_FS_IRQHandler
                0x0000000008000650                SPI3_IRQHandler
                0x0000000008000650                WAKEUP_PIN_IRQHandler
                0x0000000008000650                OTG_FS_EP1_IN_IRQHandler
                0x0000000008000650                I2C1_ER_IRQHandler
                0x0000000008000650                FMC_IRQHandler
                0x0000000008000650                FDCAN_CAL_IRQHandler
                0x0000000008000650                SWPMI1_IRQHandler
                0x0000000008000650                COMP1_IRQHandler
                0x0000000008000650                LPTIM1_IRQHandler
                0x0000000008000650                I2C4_ER_IRQHandler
                0x0000000008000650                DMA2_Stream6_IRQHandler
                0x0000000008000650                RTC_Alarm_IRQHandler
 .text.Reset_Handler
                0x0000000008000654       0x44 build/startup_stm32h750xx.o
                0x0000000008000654                Reset_Handler
 .text._ZN7daisysp6BiquadD2Ev
                0x0000000008000698        0x4 build/Fake08.o
                0x0000000008000698                daisysp::Biquad::~Biquad()
                0x0000000008000698                daisysp::Biquad::~Biquad()
 .text._ZN7daisysp5MetroD2Ev
                0x000000000800069c        0x4 build/Fake08.o
                0x000000000800069c                daisysp::Metro::~Metro()
                0x000000000800069c                daisysp::Metro::~Metro()
 .text._ZN5daisy9ParameterD2Ev
                0x00000000080006a0        0x4 build/Fake08.o
                0x00000000080006a0                daisy::Parameter::~Parameter()
                0x00000000080006a0                daisy::Parameter::~Parameter()
 .text._ZN5daisy10DaisyFieldD2Ev
                0x00000000080006a4        0x4 build/Fake08.o
                0x00000000080006a4                daisy::DaisyField::~DaisyField()
                0x00000000080006a4                daisy::DaisyField::~DaisyField()
 .text._Z4Kickv
                0x00000000080006a8       0x28 build/Fake08.o
                0x00000000080006a8                Kick()
 .text._Z5Snarev
                0x00000000080006d0       0x2c build/Fake08.o
                0x00000000080006d0                Snare()
 .text._Z3Hatv  0x00000000080006fc       0x1c build/Fake08.o
                0x00000000080006fc                Hat()
 .text._Z5Laserv
                0x0000000008000718       0x2c build/Fake08.o
                0x0000000008000718                Laser()
 .text._Z3Tomv  0x0000000008000744       0x2c build/Fake08.o
                0x0000000008000744                Tom()
 .text.__tcf_0  0x0000000008000770        0x4 build/Fake08.o
 .text.__tcf_3  0x0000000008000774        0x4 build/Fake08.o
 .text.__tcf_4  0x0000000008000778        0x4 build/Fake08.o
 .text.__tcf_1  0x000000000800077c        0x4 build/Fake08.o
 .text.__tcf_2  0x0000000008000780        0x4 build/Fake08.o
 .text._ZN5daisy16LedDriverPca9685ILi2ELb1EE14TxCpltCallbackEPvNS_9I2CHandle6ResultE
                0x0000000008000784       0x54 build/Fake08.o
                0x0000000008000784                daisy::LedDriverPca9685<2, true>::TxCpltCallback(void*, daisy::I2CHandle::Result)
 .text._Z10SetupDrumsf
                0x00000000080007d8      0x218 build/Fake08.o
                0x00000000080007d8                SetupDrums(float)
 .text._Z12UpdateSwitchv
                0x00000000080009f0       0x64 build/Fake08.o
                0x00000000080009f0                UpdateSwitch()
 .text.startup.main
                0x0000000008000a54      0x190 build/Fake08.o
                0x0000000008000a54                main
 .text._Z11ProcessTickv
                0x0000000008000be4       0x58 build/Fake08.o
                0x0000000008000be4                ProcessTick()
 .text._Z10UpdateLedsv
                0x0000000008000c3c      0x13c build/Fake08.o
                0x0000000008000c3c                UpdateLeds()
 .text._Z10UpdateVarsv
                0x0000000008000d78      0x1d4 build/Fake08.o
                0x0000000008000d78                UpdateVars()
 .text._Z13AudioCallbackPfS_j
                0x0000000008000f4c      0x194 build/Fake08.o
                0x0000000008000f4c                AudioCallback(float*, float*, unsigned int)
 .text.startup._GLOBAL__sub_I_p_Pitch
                0x00000000080010e0      0x118 build/Fake08.o
 .text._ZN5daisy10DaisyField4InitEb
                0x00000000080011f8      0x388 ../../DaisyExamples/libdaisy/build/libdaisy.a(daisy_field.o)
                0x00000000080011f8                daisy::DaisyField::Init(bool)
 .text._ZN5daisy10DaisyField10StartAudioEPFvPfS1_jE
                0x0000000008001580        0x4 ../../DaisyExamples/libdaisy/build/libdaisy.a(daisy_field.o)
                0x0000000008001580                daisy::DaisyField::StartAudio(void (*)(float*, float*, unsigned int))
 .text._ZN5daisy10DaisyField15AudioSampleRateEv
                0x0000000008001584        0x4 ../../DaisyExamples/libdaisy/build/libdaisy.a(daisy_field.o)
                0x0000000008001584                daisy::DaisyField::AudioSampleRate()
 .text._ZN5daisy10DaisyField17AudioCallbackRateEv
                0x0000000008001588        0x4 ../../DaisyExamples/libdaisy/build/libdaisy.a(daisy_field.o)
                0x0000000008001588                daisy::DaisyField::AudioCallbackRate()
 .text._ZN5daisy10DaisyField8StartAdcEv
                0x000000000800158c        0x8 ../../DaisyExamples/libdaisy/build/libdaisy.a(daisy_field.o)
                0x000000000800158c                daisy::DaisyField::StartAdc()
 .text._ZN5daisy10DaisyField21ProcessAnalogControlsEv
                0x0000000008001594       0x3c ../../DaisyExamples/libdaisy/build/libdaisy.a(daisy_field.o)
                0x0000000008001594                daisy::DaisyField::ProcessAnalogControls()
 .text._ZN5daisy10DaisyField22ProcessDigitalControlsEv
                0x00000000080015d0      0x188 ../../DaisyExamples/libdaisy/build/libdaisy.a(daisy_field.o)
                0x00000000080015d0                daisy::DaisyField::ProcessDigitalControls()
 .text._ZNK5daisy10DaisyField18KeyboardRisingEdgeEj
                0x0000000008001758       0x14 ../../DaisyExamples/libdaisy/build/libdaisy.a(daisy_field.o)
                0x0000000008001758                daisy::DaisyField::KeyboardRisingEdge(unsigned int) const
 .text.startup._GLOBAL__sub_I__ZN5daisy10DaisyField4InitEb
                0x000000000800176c       0x18 ../../DaisyExamples/libdaisy/build/libdaisy.a(daisy_field.o)
 .text._ZN5daisy9DaisySeed9ConfigureEv
                0x0000000008001784       0x58 ../../DaisyExamples/libdaisy/build/libdaisy.a(daisy_seed.o)
                0x0000000008001784                daisy::DaisySeed::Configure()
 .text._ZN5daisy9DaisySeed6GetPinEh
                0x00000000080017dc       0x2c ../../DaisyExamples/libdaisy/build/libdaisy.a(daisy_seed.o)
                0x00000000080017dc                daisy::DaisySeed::GetPin(unsigned char)
 .text._ZN5daisy9DaisySeed10StartAudioEPFvPfS1_jE
                0x0000000008001808        0x8 ../../DaisyExamples/libdaisy/build/libdaisy.a(daisy_seed.o)
                0x0000000008001808                daisy::DaisySeed::StartAudio(void (*)(float*, float*, unsigned int))
 .text._ZN5daisy9DaisySeed15AudioSampleRateEv
                0x0000000008001810        0x8 ../../DaisyExamples/libdaisy/build/libdaisy.a(daisy_seed.o)
                0x0000000008001810                daisy::DaisySeed::AudioSampleRate()
 .text._ZN5daisy9DaisySeed17SetAudioBlockSizeEj
                0x0000000008001818       0x38 ../../DaisyExamples/libdaisy/build/libdaisy.a(daisy_seed.o)
                0x0000000008001818                daisy::DaisySeed::SetAudioBlockSize(unsigned int)
 .text._ZNK5daisy9DaisySeed17AudioCallbackRateEv
                0x0000000008001850        0x8 ../../DaisyExamples/libdaisy/build/libdaisy.a(daisy_seed.o)
                0x0000000008001850                daisy::DaisySeed::AudioCallbackRate() const
 .text._ZN5daisy9DaisySeed14ConfigureAudioEv
                0x0000000008001858       0x78 ../../DaisyExamples/libdaisy/build/libdaisy.a(daisy_seed.o)
                0x0000000008001858                daisy::DaisySeed::ConfigureAudio()
 .text._ZN5daisy9DaisySeed4InitEb
                0x00000000080018d0       0x7c ../../DaisyExamples/libdaisy/build/libdaisy.a(daisy_seed.o)
                0x00000000080018d0                daisy::DaisySeed::Init(bool)
 .text._ZN5daisy6Ak45564InitE12dsy_gpio_pin
                0x000000000800194c       0x44 ../../DaisyExamples/libdaisy/build/libdaisy.a(codec_ak4556.o)
                0x000000000800194c                daisy::Ak4556::Init(dsy_gpio_pin)
 .text.dsy_sdram_init
                0x0000000008001990      0x108 ../../DaisyExamples/libdaisy/build/libdaisy.a(sdram.o)
                0x0000000008001990                dsy_sdram_init
 .text.HAL_SDRAM_MspInit
                0x0000000008001a98      0x1d0 ../../DaisyExamples/libdaisy/build/libdaisy.a(sdram.o)
                0x0000000008001a98                HAL_SDRAM_MspInit
 .text._ZN5daisy11AudioHandle4Impl16InternalCallbackEPlS2_j
                0x0000000008001c68      0xbbc ../../DaisyExamples/libdaisy/build/libdaisy.a(audio.o)
                0x0000000008001c68                daisy::AudioHandle::Impl::InternalCallback(long*, long*, unsigned int)
 .text._ZN5daisy11AudioHandle4InitERKNS0_6ConfigENS_9SaiHandleE
                0x0000000008002824       0x64 ../../DaisyExamples/libdaisy/build/libdaisy.a(audio.o)
                0x0000000008002824                daisy::AudioHandle::Init(daisy::AudioHandle::Config const&, daisy::SaiHandle)
 .text._ZNK5daisy11AudioHandle9GetConfigEv
                0x0000000008002888        0x8 ../../DaisyExamples/libdaisy/build/libdaisy.a(audio.o)
                0x0000000008002888                daisy::AudioHandle::GetConfig() const
 .text._ZN5daisy11AudioHandle12SetBlockSizeEj
                0x0000000008002890       0x1c ../../DaisyExamples/libdaisy/build/libdaisy.a(audio.o)
                0x0000000008002890                daisy::AudioHandle::SetBlockSize(unsigned int)
 .text._ZN5daisy11AudioHandle13GetSampleRateEv
                0x00000000080028ac        0x8 ../../DaisyExamples/libdaisy/build/libdaisy.a(audio.o)
                0x00000000080028ac                daisy::AudioHandle::GetSampleRate()
 .text._ZN5daisy11AudioHandle5StartEPFvPfS1_jE
                0x00000000080028b4       0x2c ../../DaisyExamples/libdaisy/build/libdaisy.a(audio.o)
                0x00000000080028b4                daisy::AudioHandle::Start(void (*)(float*, float*, unsigned int))
 .text.startup._GLOBAL__sub_I__ZN5daisy11AudioHandle4Impl4InitENS0_6ConfigENS_9SaiHandleE
                0x00000000080028e0       0x10 ../../DaisyExamples/libdaisy/build/libdaisy.a(audio.o)
 .text._ZN5daisy13AnalogControl4InitEPtfbbf
                0x00000000080028f0       0x30 ../../DaisyExamples/libdaisy/build/libdaisy.a(ctrl.o)
                0x00000000080028f0                daisy::AnalogControl::Init(unsigned short*, float, bool, bool, float)
 .text._ZN5daisy13AnalogControl13InitBipolarCvEPtf
                0x0000000008002920       0x40 ../../DaisyExamples/libdaisy/build/libdaisy.a(ctrl.o)
                0x0000000008002920                daisy::AnalogControl::InitBipolarCv(unsigned short*, float)
 .text._ZN5daisy13AnalogControl7ProcessEv
                0x0000000008002960       0x48 ../../DaisyExamples/libdaisy/build/libdaisy.a(ctrl.o)
                0x0000000008002960                daisy::AnalogControl::Process()
 .text._ZN5daisy6GateIn4InitEP12dsy_gpio_pin
                0x00000000080029a8       0x10 ../../DaisyExamples/libdaisy/build/libdaisy.a(gatein.o)
                0x00000000080029a8                daisy::GateIn::Init(dsy_gpio_pin*)
 .text._ZN5daisy6GateIn4TrigEv
                0x00000000080029b8       0x28 ../../DaisyExamples/libdaisy/build/libdaisy.a(gatein.o)
                0x00000000080029b8                daisy::GateIn::Trig()
 .text._ZN5daisy9SpiHandleD2Ev
                0x00000000080029e0        0x4 ../../DaisyExamples/libdaisy/build/libdaisy.a(oled_display.o)
                0x00000000080029e0                daisy::SpiHandle::~SpiHandle()
                0x00000000080029e0                daisy::SpiHandle::~SpiHandle()
 .text._ZN5daisy11OledDisplay6UpdateEv
                0x00000000080029e4       0x8c ../../DaisyExamples/libdaisy/build/libdaisy.a(oled_display.o)
                0x00000000080029e4                daisy::OledDisplay::Update()
 .text._ZN5daisy11OledDisplay4InitEP12dsy_gpio_pin
                0x0000000008002a70      0x324 ../../DaisyExamples/libdaisy/build/libdaisy.a(oled_display.o)
                0x0000000008002a70                daisy::OledDisplay::Init(dsy_gpio_pin*)
 .text.startup._GLOBAL__sub_I__ZN5daisy11OledDisplay4InitEP12dsy_gpio_pin
                0x0000000008002d94       0x18 ../../DaisyExamples/libdaisy/build/libdaisy.a(oled_display.o)
 .text._ZN5daisy9Parameter4InitENS_13AnalogControlEffNS0_5CurveE
                0x0000000008002dac       0x6c ../../DaisyExamples/libdaisy/build/libdaisy.a(parameter.o)
                0x0000000008002dac                daisy::Parameter::Init(daisy::AnalogControl, float, float, daisy::Parameter::Curve)
 .text._ZN5daisy9Parameter7ProcessEv
                0x0000000008002e18       0xac ../../DaisyExamples/libdaisy/build/libdaisy.a(parameter.o)
                0x0000000008002e18                daisy::Parameter::Process()
 .text._ZN5daisy6Switch4InitE12dsy_gpio_pinf
                0x0000000008002ec4       0x3c ../../DaisyExamples/libdaisy/build/libdaisy.a(switch.o)
                0x0000000008002ec4                daisy::Switch::Init(dsy_gpio_pin, float)
 .text._ZN5daisy6Switch8DebounceEv
                0x0000000008002f00       0x4c ../../DaisyExamples/libdaisy/build/libdaisy.a(switch.o)
                0x0000000008002f00                daisy::Switch::Debounce()
 .text._ZN5daisy16AdcChannelConfig10InitSingleE12dsy_gpio_pin
                0x0000000008002f4c       0x1c ../../DaisyExamples/libdaisy/build/libdaisy.a(adc.o)
                0x0000000008002f4c                daisy::AdcChannelConfig::InitSingle(dsy_gpio_pin)
 .text._ZN5daisy16AdcChannelConfig7InitMuxE12dsy_gpio_pinjS1_S1_S1_
                0x0000000008002f68       0x5c ../../DaisyExamples/libdaisy/build/libdaisy.a(adc.o)
                0x0000000008002f68                daisy::AdcChannelConfig::InitMux(dsy_gpio_pin, unsigned int, dsy_gpio_pin, dsy_gpio_pin, dsy_gpio_pin)
 .text._ZN5daisy9AdcHandle4InitEPNS_16AdcChannelConfigEjNS0_12OverSamplingE
                0x0000000008002fc4      0x6e8 ../../DaisyExamples/libdaisy/build/libdaisy.a(adc.o)
                0x0000000008002fc4                daisy::AdcHandle::Init(daisy::AdcChannelConfig*, unsigned int, daisy::AdcHandle::OverSampling)
 .text._ZN5daisy9AdcHandle5StartEv
                0x00000000080036ac       0x2c ../../DaisyExamples/libdaisy/build/libdaisy.a(adc.o)
                0x00000000080036ac                daisy::AdcHandle::Start()
 .text._ZNK5daisy9AdcHandle6GetPtrEh
                0x00000000080036d8       0x14 ../../DaisyExamples/libdaisy/build/libdaisy.a(adc.o)
                0x00000000080036d8                daisy::AdcHandle::GetPtr(unsigned char) const
 .text._ZNK5daisy9AdcHandle9GetMuxPtrEhh
                0x00000000080036ec       0x18 ../../DaisyExamples/libdaisy/build/libdaisy.a(adc.o)
                0x00000000080036ec                daisy::AdcHandle::GetMuxPtr(unsigned char, unsigned char) const
 .text.HAL_ADC_MspInit
                0x0000000008003704       0x98 ../../DaisyExamples/libdaisy/build/libdaisy.a(adc.o)
                0x0000000008003704                HAL_ADC_MspInit
 .text.DMA1_Stream2_IRQHandler
                0x000000000800379c        0xc ../../DaisyExamples/libdaisy/build/libdaisy.a(adc.o)
                0x000000000800379c                DMA1_Stream2_IRQHandler
 .text.HAL_ADC_ConvCpltCallback
                0x00000000080037a8      0x14c ../../DaisyExamples/libdaisy/build/libdaisy.a(adc.o)
                0x00000000080037a8                HAL_ADC_ConvCpltCallback
 .text.HAL_ADC_ErrorCallback
                0x00000000080038f4        0x4 ../../DaisyExamples/libdaisy/build/libdaisy.a(adc.o)
                0x00000000080038f4                HAL_ADC_ErrorCallback
 .text.dsy_dac_init
                0x00000000080038f8       0x6c ../../DaisyExamples/libdaisy/build/libdaisy.a(dac.o)
                0x00000000080038f8                dsy_dac_init
 .text.HAL_DAC_MspInit
                0x0000000008003964       0xb0 ../../DaisyExamples/libdaisy/build/libdaisy.a(dac.o)
                0x0000000008003964                HAL_DAC_MspInit
 .text.dsy_gpio_init
                0x0000000008003a14      0x1b8 ../../DaisyExamples/libdaisy/build/libdaisy.a(gpio.o)
                0x0000000008003a14                dsy_gpio_init
 .text.dsy_gpio_read
                0x0000000008003bcc       0x1c ../../DaisyExamples/libdaisy/build/libdaisy.a(gpio.o)
                0x0000000008003bcc                dsy_gpio_read
 .text.dsy_gpio_write
                0x0000000008003be8       0x24 ../../DaisyExamples/libdaisy/build/libdaisy.a(gpio.o)
                0x0000000008003be8                dsy_gpio_write
 .text._ZN5daisy9I2CHandle4Impl16StartDmaTransferEtPhtPFvPvNS0_6ResultEES3_
                0x0000000008003c0c       0xbc ../../DaisyExamples/libdaisy/build/libdaisy.a(i2c.o)
                0x0000000008003c0c                daisy::I2CHandle::Impl::StartDmaTransfer(unsigned short, unsigned char*, unsigned short, void (*)(void*, daisy::I2CHandle::Result), void*)
 .text._ZN5daisy9I2CHandle4Impl8InitPinsEv
                0x0000000008003cc8       0x58 ../../DaisyExamples/libdaisy/build/libdaisy.a(i2c.o)
                0x0000000008003cc8                daisy::I2CHandle::Impl::InitPins()
 .text.HAL_I2C_MspInit
                0x0000000008003d20      0x1b4 ../../DaisyExamples/libdaisy/build/libdaisy.a(i2c.o)
                0x0000000008003d20                HAL_I2C_MspInit
 .text.dsy_i2c_global_init
                0x0000000008003ed4       0x38 ../../DaisyExamples/libdaisy/build/libdaisy.a(i2c.o)
                0x0000000008003ed4                dsy_i2c_global_init
 .text.DMA1_Stream6_IRQHandler
                0x0000000008003f0c       0x24 ../../DaisyExamples/libdaisy/build/libdaisy.a(i2c.o)
                0x0000000008003f0c                DMA1_Stream6_IRQHandler
 .text.I2C1_EV_IRQHandler
                0x0000000008003f30        0xc ../../DaisyExamples/libdaisy/build/libdaisy.a(i2c.o)
                0x0000000008003f30                I2C1_EV_IRQHandler
 .text.I2C2_EV_IRQHandler
                0x0000000008003f3c        0xc ../../DaisyExamples/libdaisy/build/libdaisy.a(i2c.o)
                0x0000000008003f3c                I2C2_EV_IRQHandler
 .text.I2C3_EV_IRQHandler
                0x0000000008003f48        0xc ../../DaisyExamples/libdaisy/build/libdaisy.a(i2c.o)
                0x0000000008003f48                I2C3_EV_IRQHandler
 .text.HAL_I2C_MasterTxCpltCallback
                0x0000000008003f54       0x70 ../../DaisyExamples/libdaisy/build/libdaisy.a(i2c.o)
                0x0000000008003f54                HAL_I2C_MasterTxCpltCallback
 .text.HAL_I2C_ErrorCallback
                0x0000000008003fc4       0x74 ../../DaisyExamples/libdaisy/build/libdaisy.a(i2c.o)
                0x0000000008003fc4                HAL_I2C_ErrorCallback
 .text._ZN5daisy9I2CHandle4InitERKNS0_6ConfigE
                0x0000000008004038       0xf4 ../../DaisyExamples/libdaisy/build/libdaisy.a(i2c.o)
                0x0000000008004038                daisy::I2CHandle::Init(daisy::I2CHandle::Config const&)
 .text._ZNK5daisy9I2CHandle9GetConfigEv
                0x000000000800412c        0x4 ../../DaisyExamples/libdaisy/build/libdaisy.a(i2c.o)
                0x000000000800412c                daisy::I2CHandle::GetConfig() const
 .text._ZN5daisy9I2CHandle16TransmitBlockingEtPhtm
                0x0000000008004130       0x34 ../../DaisyExamples/libdaisy/build/libdaisy.a(i2c.o)
                0x0000000008004130                daisy::I2CHandle::TransmitBlocking(unsigned short, unsigned char*, unsigned short, unsigned long)
 .text._ZN5daisy9I2CHandle11TransmitDmaEtPhtPFvPvNS0_6ResultEES2_
                0x0000000008004164       0x78 ../../DaisyExamples/libdaisy/build/libdaisy.a(i2c.o)
                0x0000000008004164                daisy::I2CHandle::TransmitDma(unsigned short, unsigned char*, unsigned short, void (*)(void*, daisy::I2CHandle::Result), void*)
 *fill*         0x00000000080041dc        0x4 
 .text.dsy_qspi_init
                0x00000000080041e0      0x388 ../../DaisyExamples/libdaisy/build/libdaisy.a(qspi.o)
                0x00000000080041e0                dsy_qspi_init
 .text.HAL_QSPI_MspInit
                0x0000000008004568      0x10c ../../DaisyExamples/libdaisy/build/libdaisy.a(qspi.o)
                0x0000000008004568                HAL_QSPI_MspInit
 .text.HAL_QSPI_MspDeInit
                0x0000000008004674       0x58 ../../DaisyExamples/libdaisy/build/libdaisy.a(qspi.o)
                0x0000000008004674                HAL_QSPI_MspDeInit
 .text.QUADSPI_IRQHandler
                0x00000000080046cc        0xc ../../DaisyExamples/libdaisy/build/libdaisy.a(qspi.o)
                0x00000000080046cc                QUADSPI_IRQHandler
 .text._ZN5daisy9SaiHandle4Impl7InitDmaENS1_15PeripheralBlockE
                0x00000000080046d8       0xa0 ../../DaisyExamples/libdaisy/build/libdaisy.a(sai.o)
                0x00000000080046d8                daisy::SaiHandle::Impl::InitDma(daisy::SaiHandle::Impl::PeripheralBlock)
 .text._ZN5daisy9SaiHandle4Impl8InitPinsEv
                0x0000000008004778       0xa8 ../../DaisyExamples/libdaisy/build/libdaisy.a(sai.o)
                0x0000000008004778                daisy::SaiHandle::Impl::InitPins()
 .text.HAL_SAI_MspInit
                0x0000000008004820      0x134 ../../DaisyExamples/libdaisy/build/libdaisy.a(sai.o)
                0x0000000008004820                HAL_SAI_MspInit
 .text.DMA1_Stream0_IRQHandler
                0x0000000008004954        0xc ../../DaisyExamples/libdaisy/build/libdaisy.a(sai.o)
                0x0000000008004954                DMA1_Stream0_IRQHandler
 .text.DMA1_Stream1_IRQHandler
                0x0000000008004960        0xc ../../DaisyExamples/libdaisy/build/libdaisy.a(sai.o)
                0x0000000008004960                DMA1_Stream1_IRQHandler
 .text.DMA1_Stream3_IRQHandler
                0x000000000800496c        0xc ../../DaisyExamples/libdaisy/build/libdaisy.a(sai.o)
                0x000000000800496c                DMA1_Stream3_IRQHandler
 .text.DMA1_Stream4_IRQHandler
                0x0000000008004978        0xc ../../DaisyExamples/libdaisy/build/libdaisy.a(sai.o)
                0x0000000008004978                DMA1_Stream4_IRQHandler
 .text.HAL_SAI_RxHalfCpltCallback
                0x0000000008004984       0x78 ../../DaisyExamples/libdaisy/build/libdaisy.a(sai.o)
                0x0000000008004984                HAL_SAI_RxHalfCpltCallback
 .text.HAL_SAI_RxCpltCallback
                0x00000000080049fc       0x70 ../../DaisyExamples/libdaisy/build/libdaisy.a(sai.o)
                0x00000000080049fc                HAL_SAI_RxCpltCallback
 *fill*         0x0000000008004a6c        0x4 
 .text._ZN5daisy9SaiHandle4InitERKNS0_6ConfigE
                0x0000000008004a70      0x1f0 ../../DaisyExamples/libdaisy/build/libdaisy.a(sai.o)
                0x0000000008004a70                daisy::SaiHandle::Init(daisy::SaiHandle::Config const&)
 .text._ZNK5daisy9SaiHandle9GetConfigEv
                0x0000000008004c60        0x4 ../../DaisyExamples/libdaisy/build/libdaisy.a(sai.o)
                0x0000000008004c60                daisy::SaiHandle::GetConfig() const
 .text._ZN5daisy9SaiHandle8StartDmaEPlS1_jPFvS1_S1_jE
                0x0000000008004c64       0x68 ../../DaisyExamples/libdaisy/build/libdaisy.a(sai.o)
                0x0000000008004c64                daisy::SaiHandle::StartDma(long*, long*, unsigned int, void (*)(long*, long*, unsigned int))
 .text._ZN5daisy9SaiHandle13GetSampleRateEv
                0x0000000008004ccc       0x24 ../../DaisyExamples/libdaisy/build/libdaisy.a(sai.o)
                0x0000000008004ccc                daisy::SaiHandle::GetSampleRate()
 .text._ZNK5daisy9SaiHandle9GetOffsetEv
                0x0000000008004cf0        0x8 ../../DaisyExamples/libdaisy/build/libdaisy.a(sai.o)
                0x0000000008004cf0                daisy::SaiHandle::GetOffset() const
 .text._ZN5daisy9SpiHandle4InitEv
                0x0000000008004cf8       0x58 ../../DaisyExamples/libdaisy/build/libdaisy.a(spi.o)
                0x0000000008004cf8                daisy::SpiHandle::Init()
 .text._ZN5daisy9SpiHandle16BlockingTransmitEPhj
                0x0000000008004d50       0x10 ../../DaisyExamples/libdaisy/build/libdaisy.a(spi.o)
                0x0000000008004d50                daisy::SpiHandle::BlockingTransmit(unsigned char*, unsigned int)
 .text.HAL_SPI_MspInit
                0x0000000008004d60       0xd4 ../../DaisyExamples/libdaisy/build/libdaisy.a(spi.o)
                0x0000000008004d60                HAL_SPI_MspInit
 .text._ZN5daisy11TimerHandleD2Ev
                0x0000000008004e34        0x4 ../../DaisyExamples/libdaisy/build/libdaisy.a(system.o)
                0x0000000008004e34                daisy::TimerHandle::~TimerHandle()
                0x0000000008004e34                daisy::TimerHandle::~TimerHandle()
 .text.SysTick_Handler
                0x0000000008004e38       0x10 ../../DaisyExamples/libdaisy/build/libdaisy.a(system.o)
                0x0000000008004e38                SysTick_Handler
 .text.HardFault_Handler
                0x0000000008004e48        0x4 ../../DaisyExamples/libdaisy/build/libdaisy.a(system.o)
                0x0000000008004e48                HardFault_Handler
 .text._ZN5daisy6System5DelayEm
                0x0000000008004e4c        0x4 ../../DaisyExamples/libdaisy/build/libdaisy.a(system.o)
                0x0000000008004e4c                daisy::System::Delay(unsigned long)
 .text._ZN5daisy6System10DelayTicksEm
                0x0000000008004e50        0xc ../../DaisyExamples/libdaisy/build/libdaisy.a(system.o)
                0x0000000008004e50                daisy::System::DelayTicks(unsigned long)
 .text._ZN5daisy6System15ConfigureClocksEv
                0x0000000008004e5c      0x18c ../../DaisyExamples/libdaisy/build/libdaisy.a(system.o)
                0x0000000008004e5c                daisy::System::ConfigureClocks()
 .text._ZN5daisy6System4InitERKNS0_6ConfigE
                0x0000000008004fe8      0x11c ../../DaisyExamples/libdaisy/build/libdaisy.a(system.o)
                0x0000000008004fe8                daisy::System::Init(daisy::System::Config const&)
 .text._ZN5daisy6System12GetPClk1FreqEv
                0x0000000008005104        0x4 ../../DaisyExamples/libdaisy/build/libdaisy.a(system.o)
                0x0000000008005104                daisy::System::GetPClk1Freq()
 .text.startup._GLOBAL__sub_I_SysTick_Handler
                0x0000000008005108       0x1c ../../DaisyExamples/libdaisy/build/libdaisy.a(system.o)
 .text.SystemInit
                0x0000000008005124       0x84 ../../DaisyExamples/libdaisy/build/libdaisy.a(system_stm32h7xx.o)
                0x0000000008005124                SystemInit
 .text.dsy_hal_map_get_port
                0x00000000080051a8       0x10 ../../DaisyExamples/libdaisy/build/libdaisy.a(hal_map.o)
                0x00000000080051a8                dsy_hal_map_get_port
 .text.dsy_hal_map_get_pin
                0x00000000080051b8       0x10 ../../DaisyExamples/libdaisy/build/libdaisy.a(hal_map.o)
                0x00000000080051b8                dsy_hal_map_get_pin
 .text.HAL_MspInit
                0x00000000080051c8        0x4 ../../DaisyExamples/libdaisy/build/libdaisy.a(stm32h7xx_hal.o)
                0x00000000080051c8                HAL_MspInit
 .text.HAL_InitTick
                0x00000000080051cc       0x4c ../../DaisyExamples/libdaisy/build/libdaisy.a(stm32h7xx_hal.o)
                0x00000000080051cc                HAL_InitTick
 .text.HAL_Init
                0x0000000008005218       0x60 ../../DaisyExamples/libdaisy/build/libdaisy.a(stm32h7xx_hal.o)
                0x0000000008005218                HAL_Init
 .text.HAL_IncTick
                0x0000000008005278       0x18 ../../DaisyExamples/libdaisy/build/libdaisy.a(stm32h7xx_hal.o)
                0x0000000008005278                HAL_IncTick
 .text.HAL_GetTick
                0x0000000008005290        0xc ../../DaisyExamples/libdaisy/build/libdaisy.a(stm32h7xx_hal.o)
                0x0000000008005290                HAL_GetTick
 .text.HAL_Delay
                0x000000000800529c       0x24 ../../DaisyExamples/libdaisy/build/libdaisy.a(stm32h7xx_hal.o)
                0x000000000800529c                HAL_Delay
 .text.HAL_GetREVID
                0x00000000080052c0        0xc ../../DaisyExamples/libdaisy/build/libdaisy.a(stm32h7xx_hal.o)
                0x00000000080052c0                HAL_GetREVID
 .text.HAL_ADC_ConvHalfCpltCallback
                0x00000000080052cc        0x4 ../../DaisyExamples/libdaisy/build/libdaisy.a(stm32h7xx_hal_adc.o)
                0x00000000080052cc                HAL_ADC_ConvHalfCpltCallback
 .text.ADC_DMAHalfConvCplt
                0x00000000080052d0        0xc ../../DaisyExamples/libdaisy/build/libdaisy.a(stm32h7xx_hal_adc.o)
                0x00000000080052d0                ADC_DMAHalfConvCplt
 .text.ADC_DMAConvCplt
                0x00000000080052dc       0x6c ../../DaisyExamples/libdaisy/build/libdaisy.a(stm32h7xx_hal_adc.o)
                0x00000000080052dc                ADC_DMAConvCplt
 .text.ADC_DMAError
                0x0000000008005348       0x1c ../../DaisyExamples/libdaisy/build/libdaisy.a(stm32h7xx_hal_adc.o)
                0x0000000008005348                ADC_DMAError
 .text.HAL_ADC_ConfigChannel
                0x0000000008005364      0x3fc ../../DaisyExamples/libdaisy/build/libdaisy.a(stm32h7xx_hal_adc.o)
                0x0000000008005364                HAL_ADC_ConfigChannel
 .text.ADC_Enable
                0x0000000008005760       0xac ../../DaisyExamples/libdaisy/build/libdaisy.a(stm32h7xx_hal_adc.o)
                0x0000000008005760                ADC_Enable
 .text.HAL_ADC_Start_DMA
                0x000000000800580c      0x114 ../../DaisyExamples/libdaisy/build/libdaisy.a(stm32h7xx_hal_adc.o)
                0x000000000800580c                HAL_ADC_Start_DMA
 .text.ADC_Disable
                0x0000000008005920       0x68 ../../DaisyExamples/libdaisy/build/libdaisy.a(stm32h7xx_hal_adc.o)
                0x0000000008005920                ADC_Disable
 .text.ADC_ConfigureBoostMode
                0x0000000008005988      0x184 ../../DaisyExamples/libdaisy/build/libdaisy.a(stm32h7xx_hal_adc.o)
                0x0000000008005988                ADC_ConfigureBoostMode
 .text.HAL_ADC_Init
                0x0000000008005b0c      0x218 ../../DaisyExamples/libdaisy/build/libdaisy.a(stm32h7xx_hal_adc.o)
                0x0000000008005b0c                HAL_ADC_Init
 .text.HAL_ADCEx_Calibration_Start
                0x0000000008005d24       0xa4 ../../DaisyExamples/libdaisy/build/libdaisy.a(stm32h7xx_hal_adc_ex.o)
                0x0000000008005d24                HAL_ADCEx_Calibration_Start
 .text.HAL_ADCEx_MultiModeConfigChannel
                0x0000000008005dc8       0xc4 ../../DaisyExamples/libdaisy/build/libdaisy.a(stm32h7xx_hal_adc_ex.o)
                0x0000000008005dc8                HAL_ADCEx_MultiModeConfigChannel
 .text.HAL_NVIC_SetPriorityGrouping
                0x0000000008005e8c       0x24 ../../DaisyExamples/libdaisy/build/libdaisy.a(stm32h7xx_hal_cortex.o)
                0x0000000008005e8c                HAL_NVIC_SetPriorityGrouping
 .text.HAL_NVIC_SetPriority
                0x0000000008005eb0       0x7c ../../DaisyExamples/libdaisy/build/libdaisy.a(stm32h7xx_hal_cortex.o)
                0x0000000008005eb0                HAL_NVIC_SetPriority
 .text.HAL_NVIC_EnableIRQ
                0x0000000008005f2c       0x1c ../../DaisyExamples/libdaisy/build/libdaisy.a(stm32h7xx_hal_cortex.o)
                0x0000000008005f2c                HAL_NVIC_EnableIRQ
 .text.HAL_NVIC_DisableIRQ
                0x0000000008005f48       0x28 ../../DaisyExamples/libdaisy/build/libdaisy.a(stm32h7xx_hal_cortex.o)
                0x0000000008005f48                HAL_NVIC_DisableIRQ
 .text.HAL_SYSTICK_Config
                0x0000000008005f70       0x2c ../../DaisyExamples/libdaisy/build/libdaisy.a(stm32h7xx_hal_cortex.o)
                0x0000000008005f70                HAL_SYSTICK_Config
 .text.HAL_MPU_Disable
                0x0000000008005f9c       0x1c ../../DaisyExamples/libdaisy/build/libdaisy.a(stm32h7xx_hal_cortex.o)
                0x0000000008005f9c                HAL_MPU_Disable
 .text.HAL_MPU_Enable
                0x0000000008005fb8       0x20 ../../DaisyExamples/libdaisy/build/libdaisy.a(stm32h7xx_hal_cortex.o)
                0x0000000008005fb8                HAL_MPU_Enable
 .text.HAL_MPU_ConfigRegion
                0x0000000008005fd8       0x64 ../../DaisyExamples/libdaisy/build/libdaisy.a(stm32h7xx_hal_cortex.o)
                0x0000000008005fd8                HAL_MPU_ConfigRegion
 .text.HAL_SYSTICK_Callback
                0x000000000800603c        0x4 ../../DaisyExamples/libdaisy/build/libdaisy.a(stm32h7xx_hal_cortex.o)
                0x000000000800603c                HAL_SYSTICK_Callback
 .text.HAL_SYSTICK_IRQHandler
                0x0000000008006040        0x8 ../../DaisyExamples/libdaisy/build/libdaisy.a(stm32h7xx_hal_cortex.o)
                0x0000000008006040                HAL_SYSTICK_IRQHandler
 .text.HAL_DAC_Init
                0x0000000008006048       0x2c ../../DaisyExamples/libdaisy/build/libdaisy.a(stm32h7xx_hal_dac.o)
                0x0000000008006048                HAL_DAC_Init
 .text.HAL_DAC_ConfigChannel
                0x0000000008006074      0x130 ../../DaisyExamples/libdaisy/build/libdaisy.a(stm32h7xx_hal_dac.o)
                0x0000000008006074                HAL_DAC_ConfigChannel
 .text.DMA_CalcBaseAndBitshift
                0x00000000080061a4       0xf4 ../../DaisyExamples/libdaisy/build/libdaisy.a(stm32h7xx_hal_dma.o)
 .text.DMA_CalcDMAMUXChannelBaseAndMask
                0x0000000008006298       0xd8 ../../DaisyExamples/libdaisy/build/libdaisy.a(stm32h7xx_hal_dma.o)
 .text.HAL_DMA_Init
                0x0000000008006370      0x37c ../../DaisyExamples/libdaisy/build/libdaisy.a(stm32h7xx_hal_dma.o)
                0x0000000008006370                HAL_DMA_Init
 .text.HAL_DMA_Start_IT
                0x00000000080066ec      0x240 ../../DaisyExamples/libdaisy/build/libdaisy.a(stm32h7xx_hal_dma.o)
                0x00000000080066ec                HAL_DMA_Start_IT
 .text.HAL_DMA_Abort_IT
                0x000000000800692c      0x134 ../../DaisyExamples/libdaisy/build/libdaisy.a(stm32h7xx_hal_dma.o)
                0x000000000800692c                HAL_DMA_Abort_IT
 .text.HAL_DMA_IRQHandler
                0x0000000008006a60      0x6a0 ../../DaisyExamples/libdaisy/build/libdaisy.a(stm32h7xx_hal_dma.o)
                0x0000000008006a60                HAL_DMA_IRQHandler
 .text.HAL_DMA_GetError
                0x0000000008007100        0x4 ../../DaisyExamples/libdaisy/build/libdaisy.a(stm32h7xx_hal_dma.o)
                0x0000000008007100                HAL_DMA_GetError
 .text.HAL_GPIO_Init
                0x0000000008007104      0x280 ../../DaisyExamples/libdaisy/build/libdaisy.a(stm32h7xx_hal_gpio.o)
                0x0000000008007104                HAL_GPIO_Init
 .text.HAL_GPIO_DeInit
                0x0000000008007384      0x190 ../../DaisyExamples/libdaisy/build/libdaisy.a(stm32h7xx_hal_gpio.o)
                0x0000000008007384                HAL_GPIO_DeInit
 .text.HAL_GPIO_ReadPin
                0x0000000008007514        0xc ../../DaisyExamples/libdaisy/build/libdaisy.a(stm32h7xx_hal_gpio.o)
                0x0000000008007514                HAL_GPIO_ReadPin
 .text.HAL_GPIO_WritePin
                0x0000000008007520        0x8 ../../DaisyExamples/libdaisy/build/libdaisy.a(stm32h7xx_hal_gpio.o)
                0x0000000008007520                HAL_GPIO_WritePin
 .text.I2C_WaitOnTXISFlagUntilTimeout
                0x0000000008007528       0xb8 ../../DaisyExamples/libdaisy/build/libdaisy.a(stm32h7xx_hal_i2c.o)
 .text.I2C_WaitOnSTOPFlagUntilTimeout
                0x00000000080075e0       0xac ../../DaisyExamples/libdaisy/build/libdaisy.a(stm32h7xx_hal_i2c.o)
 .text.HAL_I2C_Init
                0x000000000800768c       0xac ../../DaisyExamples/libdaisy/build/libdaisy.a(stm32h7xx_hal_i2c.o)
                0x000000000800768c                HAL_I2C_Init
 .text.HAL_I2C_Master_Transmit
                0x0000000008007738      0x1a8 ../../DaisyExamples/libdaisy/build/libdaisy.a(stm32h7xx_hal_i2c.o)
                0x0000000008007738                HAL_I2C_Master_Transmit
 .text.HAL_I2C_Master_Transmit_DMA
                0x00000000080078e0      0x174 ../../DaisyExamples/libdaisy/build/libdaisy.a(stm32h7xx_hal_i2c.o)
                0x00000000080078e0                HAL_I2C_Master_Transmit_DMA
 .text.HAL_I2C_EV_IRQHandler
                0x0000000008007a54       0x10 ../../DaisyExamples/libdaisy/build/libdaisy.a(stm32h7xx_hal_i2c.o)
                0x0000000008007a54                HAL_I2C_EV_IRQHandler
 .text.HAL_I2C_MasterRxCpltCallback
                0x0000000008007a64        0x4 ../../DaisyExamples/libdaisy/build/libdaisy.a(stm32h7xx_hal_i2c.o)
                0x0000000008007a64                HAL_I2C_MasterRxCpltCallback
 .text.HAL_I2C_SlaveTxCpltCallback
                0x0000000008007a68        0x4 ../../DaisyExamples/libdaisy/build/libdaisy.a(stm32h7xx_hal_i2c.o)
                0x0000000008007a68                HAL_I2C_SlaveTxCpltCallback
 .text.HAL_I2C_SlaveRxCpltCallback
                0x0000000008007a6c        0x4 ../../DaisyExamples/libdaisy/build/libdaisy.a(stm32h7xx_hal_i2c.o)
                0x0000000008007a6c                HAL_I2C_SlaveRxCpltCallback
 .text.HAL_I2C_AddrCallback
                0x0000000008007a70        0x4 ../../DaisyExamples/libdaisy/build/libdaisy.a(stm32h7xx_hal_i2c.o)
                0x0000000008007a70                HAL_I2C_AddrCallback
 .text.I2C_ITAddrCplt.part.0
                0x0000000008007a74       0x64 ../../DaisyExamples/libdaisy/build/libdaisy.a(stm32h7xx_hal_i2c.o)
 .text.HAL_I2C_ListenCpltCallback
                0x0000000008007ad8        0x4 ../../DaisyExamples/libdaisy/build/libdaisy.a(stm32h7xx_hal_i2c.o)
                0x0000000008007ad8                HAL_I2C_ListenCpltCallback
 .text.HAL_I2C_MemTxCpltCallback
                0x0000000008007adc        0x4 ../../DaisyExamples/libdaisy/build/libdaisy.a(stm32h7xx_hal_i2c.o)
                0x0000000008007adc                HAL_I2C_MemTxCpltCallback
 .text.HAL_I2C_MemRxCpltCallback
                0x0000000008007ae0        0x4 ../../DaisyExamples/libdaisy/build/libdaisy.a(stm32h7xx_hal_i2c.o)
                0x0000000008007ae0                HAL_I2C_MemRxCpltCallback
 .text.HAL_I2C_AbortCpltCallback
                0x0000000008007ae4        0x4 ../../DaisyExamples/libdaisy/build/libdaisy.a(stm32h7xx_hal_i2c.o)
                0x0000000008007ae4                HAL_I2C_AbortCpltCallback
 .text.I2C_ITError
                0x0000000008007ae8      0x114 ../../DaisyExamples/libdaisy/build/libdaisy.a(stm32h7xx_hal_i2c.o)
 .text.I2C_ITSlaveCplt
                0x0000000008007bfc      0x1d8 ../../DaisyExamples/libdaisy/build/libdaisy.a(stm32h7xx_hal_i2c.o)
 .text.I2C_Slave_ISR_IT
                0x0000000008007dd4      0x324 ../../DaisyExamples/libdaisy/build/libdaisy.a(stm32h7xx_hal_i2c.o)
 .text.I2C_ITMasterCplt
                0x00000000080080f8       0xe8 ../../DaisyExamples/libdaisy/build/libdaisy.a(stm32h7xx_hal_i2c.o)
 .text.I2C_Master_ISR_IT
                0x00000000080081e0      0x1f4 ../../DaisyExamples/libdaisy/build/libdaisy.a(stm32h7xx_hal_i2c.o)
 .text.I2C_Slave_ISR_DMA
                0x00000000080083d4      0x1e4 ../../DaisyExamples/libdaisy/build/libdaisy.a(stm32h7xx_hal_i2c.o)
 .text.I2C_Master_ISR_DMA
                0x00000000080085b8      0x22c ../../DaisyExamples/libdaisy/build/libdaisy.a(stm32h7xx_hal_i2c.o)
 .text.I2C_DMAError
                0x00000000080087e4       0x48 ../../DaisyExamples/libdaisy/build/libdaisy.a(stm32h7xx_hal_i2c.o)
 .text.I2C_DMAMasterTransmitCplt
                0x000000000800882c       0x90 ../../DaisyExamples/libdaisy/build/libdaisy.a(stm32h7xx_hal_i2c.o)
 .text.I2C_DMAAbort
                0x00000000080088bc       0x28 ../../DaisyExamples/libdaisy/build/libdaisy.a(stm32h7xx_hal_i2c.o)
 .text.HAL_I2C_GetState
                0x00000000080088e4        0x8 ../../DaisyExamples/libdaisy/build/libdaisy.a(stm32h7xx_hal_i2c.o)
                0x00000000080088e4                HAL_I2C_GetState
 .text.HAL_I2CEx_ConfigAnalogFilter
                0x00000000080088ec       0x54 ../../DaisyExamples/libdaisy/build/libdaisy.a(stm32h7xx_hal_i2c_ex.o)
                0x00000000080088ec                HAL_I2CEx_ConfigAnalogFilter
 .text.HAL_I2CEx_ConfigDigitalFilter
                0x0000000008008940       0x58 ../../DaisyExamples/libdaisy/build/libdaisy.a(stm32h7xx_hal_i2c_ex.o)
                0x0000000008008940                HAL_I2CEx_ConfigDigitalFilter
 .text.HAL_PWREx_ConfigSupply
                0x0000000008008998       0x4c ../../DaisyExamples/libdaisy/build/libdaisy.a(stm32h7xx_hal_pwr_ex.o)
                0x0000000008008998                HAL_PWREx_ConfigSupply
 .text.HAL_PWREx_EnableUSBVoltageDetector
                0x00000000080089e4       0x10 ../../DaisyExamples/libdaisy/build/libdaisy.a(stm32h7xx_hal_pwr_ex.o)
                0x00000000080089e4                HAL_PWREx_EnableUSBVoltageDetector
 .text.QSPI_Config
                0x00000000080089f4      0x174 ../../DaisyExamples/libdaisy/build/libdaisy.a(stm32h7xx_hal_qspi.o)
 .text.HAL_QSPI_Init
                0x0000000008008b68       0xd8 ../../DaisyExamples/libdaisy/build/libdaisy.a(stm32h7xx_hal_qspi.o)
                0x0000000008008b68                HAL_QSPI_Init
 .text.HAL_QSPI_DeInit
                0x0000000008008c40       0x3c ../../DaisyExamples/libdaisy/build/libdaisy.a(stm32h7xx_hal_qspi.o)
                0x0000000008008c40                HAL_QSPI_DeInit
 .text.HAL_QSPI_Command
                0x0000000008008c7c       0xd4 ../../DaisyExamples/libdaisy/build/libdaisy.a(stm32h7xx_hal_qspi.o)
                0x0000000008008c7c                HAL_QSPI_Command
 .text.HAL_QSPI_Transmit
                0x0000000008008d50       0xfc ../../DaisyExamples/libdaisy/build/libdaisy.a(stm32h7xx_hal_qspi.o)
                0x0000000008008d50                HAL_QSPI_Transmit
 .text.HAL_QSPI_Receive
                0x0000000008008e4c      0x108 ../../DaisyExamples/libdaisy/build/libdaisy.a(stm32h7xx_hal_qspi.o)
                0x0000000008008e4c                HAL_QSPI_Receive
 .text.HAL_QSPI_AutoPolling
                0x0000000008008f54       0xf0 ../../DaisyExamples/libdaisy/build/libdaisy.a(stm32h7xx_hal_qspi.o)
                0x0000000008008f54                HAL_QSPI_AutoPolling
 .text.HAL_QSPI_MemoryMapped
                0x0000000008009044       0xc0 ../../DaisyExamples/libdaisy/build/libdaisy.a(stm32h7xx_hal_qspi.o)
                0x0000000008009044                HAL_QSPI_MemoryMapped
 .text.HAL_QSPI_ErrorCallback
                0x0000000008009104        0x4 ../../DaisyExamples/libdaisy/build/libdaisy.a(stm32h7xx_hal_qspi.o)
                0x0000000008009104                HAL_QSPI_ErrorCallback
 .text.QSPI_DMAAbortCplt
                0x0000000008009108       0x38 ../../DaisyExamples/libdaisy/build/libdaisy.a(stm32h7xx_hal_qspi.o)
 .text.HAL_QSPI_AbortCpltCallback
                0x0000000008009140        0x4 ../../DaisyExamples/libdaisy/build/libdaisy.a(stm32h7xx_hal_qspi.o)
                0x0000000008009140                HAL_QSPI_AbortCpltCallback
 .text.HAL_QSPI_CmdCpltCallback
                0x0000000008009144        0x4 ../../DaisyExamples/libdaisy/build/libdaisy.a(stm32h7xx_hal_qspi.o)
                0x0000000008009144                HAL_QSPI_CmdCpltCallback
 .text.HAL_QSPI_RxCpltCallback
                0x0000000008009148        0x4 ../../DaisyExamples/libdaisy/build/libdaisy.a(stm32h7xx_hal_qspi.o)
                0x0000000008009148                HAL_QSPI_RxCpltCallback
 .text.HAL_QSPI_TxCpltCallback
                0x000000000800914c        0x4 ../../DaisyExamples/libdaisy/build/libdaisy.a(stm32h7xx_hal_qspi.o)
                0x000000000800914c                HAL_QSPI_TxCpltCallback
 .text.HAL_QSPI_FifoThresholdCallback
                0x0000000008009150        0x4 ../../DaisyExamples/libdaisy/build/libdaisy.a(stm32h7xx_hal_qspi.o)
                0x0000000008009150                HAL_QSPI_FifoThresholdCallback
 .text.HAL_QSPI_StatusMatchCallback
                0x0000000008009154        0x4 ../../DaisyExamples/libdaisy/build/libdaisy.a(stm32h7xx_hal_qspi.o)
                0x0000000008009154                HAL_QSPI_StatusMatchCallback
 .text.HAL_QSPI_TimeOutCallback
                0x0000000008009158        0x4 ../../DaisyExamples/libdaisy/build/libdaisy.a(stm32h7xx_hal_qspi.o)
                0x0000000008009158                HAL_QSPI_TimeOutCallback
 .text.HAL_QSPI_IRQHandler
                0x000000000800915c      0x210 ../../DaisyExamples/libdaisy/build/libdaisy.a(stm32h7xx_hal_qspi.o)
                0x000000000800915c                HAL_QSPI_IRQHandler
 .text.HAL_RCC_OscConfig
                0x000000000800936c      0x51c ../../DaisyExamples/libdaisy/build/libdaisy.a(stm32h7xx_hal_rcc.o)
                0x000000000800936c                HAL_RCC_OscConfig
 .text.HAL_RCC_GetSysClockFreq
                0x0000000008009888      0x140 ../../DaisyExamples/libdaisy/build/libdaisy.a(stm32h7xx_hal_rcc.o)
                0x0000000008009888                HAL_RCC_GetSysClockFreq
 .text.HAL_RCC_ClockConfig
                0x00000000080099c8      0x234 ../../DaisyExamples/libdaisy/build/libdaisy.a(stm32h7xx_hal_rcc.o)
                0x00000000080099c8                HAL_RCC_ClockConfig
 .text.HAL_RCC_GetHCLKFreq
                0x0000000008009bfc       0x2c ../../DaisyExamples/libdaisy/build/libdaisy.a(stm32h7xx_hal_rcc.o)
                0x0000000008009bfc                HAL_RCC_GetHCLKFreq
 .text.HAL_RCC_GetPCLK1Freq
                0x0000000008009c28       0x38 ../../DaisyExamples/libdaisy/build/libdaisy.a(stm32h7xx_hal_rcc.o)
                0x0000000008009c28                HAL_RCC_GetPCLK1Freq
 .text.RCCEx_PLL2_Config
                0x0000000008009c60       0xf4 ../../DaisyExamples/libdaisy/build/libdaisy.a(stm32h7xx_hal_rcc_ex.o)
 .text.RCCEx_PLL3_Config
                0x0000000008009d54       0xf4 ../../DaisyExamples/libdaisy/build/libdaisy.a(stm32h7xx_hal_rcc_ex.o)
 .text.HAL_RCCEx_PeriphCLKConfig
                0x0000000008009e48      0xa7c ../../DaisyExamples/libdaisy/build/libdaisy.a(stm32h7xx_hal_rcc_ex.o)
                0x0000000008009e48                HAL_RCCEx_PeriphCLKConfig
 .text.HAL_RCCEx_GetPLL2ClockFreq
                0x000000000800a8c4      0x17c ../../DaisyExamples/libdaisy/build/libdaisy.a(stm32h7xx_hal_rcc_ex.o)
                0x000000000800a8c4                HAL_RCCEx_GetPLL2ClockFreq
 .text.HAL_RCCEx_GetPLL3ClockFreq
                0x000000000800aa40      0x17c ../../DaisyExamples/libdaisy/build/libdaisy.a(stm32h7xx_hal_rcc_ex.o)
                0x000000000800aa40                HAL_RCCEx_GetPLL3ClockFreq
 .text.HAL_RCCEx_GetPLL1ClockFreq
                0x000000000800abbc      0x17c ../../DaisyExamples/libdaisy/build/libdaisy.a(stm32h7xx_hal_rcc_ex.o)
                0x000000000800abbc                HAL_RCCEx_GetPLL1ClockFreq
 .text.HAL_RCCEx_GetPeriphCLKFreq
                0x000000000800ad38      0x198 ../../DaisyExamples/libdaisy/build/libdaisy.a(stm32h7xx_hal_rcc_ex.o)
                0x000000000800ad38                HAL_RCCEx_GetPeriphCLKFreq
 .text.HAL_RCCEx_GetD1SysClockFreq
                0x000000000800aed0       0x2c ../../DaisyExamples/libdaisy/build/libdaisy.a(stm32h7xx_hal_rcc_ex.o)
                0x000000000800aed0                HAL_RCCEx_GetD1SysClockFreq
 .text.HAL_SAI_Init.part.0
                0x000000000800aefc      0x348 ../../DaisyExamples/libdaisy/build/libdaisy.a(stm32h7xx_hal_sai.o)
 .text.HAL_SAI_InitProtocol
                0x000000000800b244      0x178 ../../DaisyExamples/libdaisy/build/libdaisy.a(stm32h7xx_hal_sai.o)
                0x000000000800b244                HAL_SAI_InitProtocol
 .text.HAL_SAI_Transmit_DMA
                0x000000000800b3bc      0x124 ../../DaisyExamples/libdaisy/build/libdaisy.a(stm32h7xx_hal_sai.o)
                0x000000000800b3bc                HAL_SAI_Transmit_DMA
 .text.HAL_SAI_Receive_DMA
                0x000000000800b4e0       0xd0 ../../DaisyExamples/libdaisy/build/libdaisy.a(stm32h7xx_hal_sai.o)
                0x000000000800b4e0                HAL_SAI_Receive_DMA
 .text.HAL_SAI_TxCpltCallback
                0x000000000800b5b0        0x4 ../../DaisyExamples/libdaisy/build/libdaisy.a(stm32h7xx_hal_sai.o)
                0x000000000800b5b0                HAL_SAI_TxCpltCallback
 .text.SAI_DMATxCplt
                0x000000000800b5b4       0x64 ../../DaisyExamples/libdaisy/build/libdaisy.a(stm32h7xx_hal_sai.o)
 .text.HAL_SAI_TxHalfCpltCallback
                0x000000000800b618        0x4 ../../DaisyExamples/libdaisy/build/libdaisy.a(stm32h7xx_hal_sai.o)
                0x000000000800b618                HAL_SAI_TxHalfCpltCallback
 .text.SAI_DMATxHalfCplt
                0x000000000800b61c        0xc ../../DaisyExamples/libdaisy/build/libdaisy.a(stm32h7xx_hal_sai.o)
 .text.SAI_DMARxCplt
                0x000000000800b628       0x64 ../../DaisyExamples/libdaisy/build/libdaisy.a(stm32h7xx_hal_sai.o)
 .text.SAI_DMARxHalfCplt
                0x000000000800b68c        0xc ../../DaisyExamples/libdaisy/build/libdaisy.a(stm32h7xx_hal_sai.o)
 .text.HAL_SAI_ErrorCallback
                0x000000000800b698        0x4 ../../DaisyExamples/libdaisy/build/libdaisy.a(stm32h7xx_hal_sai.o)
                0x000000000800b698                HAL_SAI_ErrorCallback
 .text.SAI_DMAError
                0x000000000800b69c       0x6c ../../DaisyExamples/libdaisy/build/libdaisy.a(stm32h7xx_hal_sai.o)
 .text.HAL_SDRAM_Init
                0x000000000800b708       0x54 ../../DaisyExamples/libdaisy/build/libdaisy.a(stm32h7xx_hal_sdram.o)
                0x000000000800b708                HAL_SDRAM_Init
 .text.HAL_SDRAM_SendCommand
                0x000000000800b75c       0x40 ../../DaisyExamples/libdaisy/build/libdaisy.a(stm32h7xx_hal_sdram.o)
                0x000000000800b75c                HAL_SDRAM_SendCommand
 .text.HAL_SDRAM_ProgramRefreshRate
                0x000000000800b79c       0x30 ../../DaisyExamples/libdaisy/build/libdaisy.a(stm32h7xx_hal_sdram.o)
                0x000000000800b79c                HAL_SDRAM_ProgramRefreshRate
 .text.SPI_CloseTransfer
                0x000000000800b7cc       0xb8 ../../DaisyExamples/libdaisy/build/libdaisy.a(stm32h7xx_hal_spi.o)
 .text.HAL_SPI_Init
                0x000000000800b884      0x15c ../../DaisyExamples/libdaisy/build/libdaisy.a(stm32h7xx_hal_spi.o)
                0x000000000800b884                HAL_SPI_Init
 .text.HAL_SPI_Transmit
                0x000000000800b9e0      0x314 ../../DaisyExamples/libdaisy/build/libdaisy.a(stm32h7xx_hal_spi.o)
                0x000000000800b9e0                HAL_SPI_Transmit
 .text.FMC_SDRAM_Init
                0x000000000800bcf4       0x7c ../../DaisyExamples/libdaisy/build/libdaisy.a(stm32h7xx_ll_fmc.o)
                0x000000000800bcf4                FMC_SDRAM_Init
 .text.FMC_SDRAM_Timing_Init
                0x000000000800bd70       0x98 ../../DaisyExamples/libdaisy/build/libdaisy.a(stm32h7xx_ll_fmc.o)
                0x000000000800bd70                FMC_SDRAM_Timing_Init
 .text.FMC_SDRAM_SendCommand
                0x000000000800be08       0x28 ../../DaisyExamples/libdaisy/build/libdaisy.a(stm32h7xx_ll_fmc.o)
                0x000000000800be08                FMC_SDRAM_SendCommand
 .text.FMC_SDRAM_ProgramRefreshRate
                0x000000000800be30       0x1c ../../DaisyExamples/libdaisy/build/libdaisy.a(stm32h7xx_ll_fmc.o)
                0x000000000800be30                FMC_SDRAM_ProgramRefreshRate
 .text.HAL_TIM_Base_MspInit
                0x000000000800be4c       0xa8 ../../DaisyExamples/libdaisy/build/libdaisy.a(tim.o)
                0x000000000800be4c                HAL_TIM_Base_MspInit
 .text._ZN5daisy11TimerHandle4InitERKNS0_6ConfigE
                0x000000000800bef4       0xc4 ../../DaisyExamples/libdaisy/build/libdaisy.a(tim.o)
                0x000000000800bef4                daisy::TimerHandle::Init(daisy::TimerHandle::Config const&)
 .text._ZN5daisy11TimerHandle5StartEv
                0x000000000800bfb8       0x14 ../../DaisyExamples/libdaisy/build/libdaisy.a(tim.o)
                0x000000000800bfb8                daisy::TimerHandle::Start()
 .text._ZN5daisy11TimerHandle9DelayTickEm
                0x000000000800bfcc       0x10 ../../DaisyExamples/libdaisy/build/libdaisy.a(tim.o)
                0x000000000800bfcc                daisy::TimerHandle::DelayTick(unsigned long)
 .text.dsy_dma_init
                0x000000000800bfdc       0x98 ../../DaisyExamples/libdaisy/build/libdaisy.a(dma.o)
                0x000000000800bfdc                dsy_dma_init
 .text.HAL_MDMA_Abort_IT
                0x000000000800c074       0x2c ../../DaisyExamples/libdaisy/build/libdaisy.a(stm32h7xx_hal_mdma.o)
                0x000000000800c074                HAL_MDMA_Abort_IT
 .text.HAL_TIM_Base_Init
                0x000000000800c0a0      0x140 ../../DaisyExamples/libdaisy/build/libdaisy.a(stm32h7xx_hal_tim.o)
                0x000000000800c0a0                HAL_TIM_Base_Init
 .text.HAL_TIM_Base_Start
                0x000000000800c1e0       0x34 ../../DaisyExamples/libdaisy/build/libdaisy.a(stm32h7xx_hal_tim.o)
                0x000000000800c1e0                HAL_TIM_Base_Start
 .text.HAL_TIM_ConfigClockSource
                0x000000000800c214      0x17c ../../DaisyExamples/libdaisy/build/libdaisy.a(stm32h7xx_hal_tim.o)
                0x000000000800c214                HAL_TIM_ConfigClockSource
 .text.HAL_TIMEx_MasterConfigSynchronization
                0x000000000800c390       0x64 ../../DaisyExamples/libdaisy/build/libdaisy.a(stm32h7xx_hal_tim_ex.o)
                0x000000000800c390                HAL_TIMEx_MasterConfigSynchronization
 .text._ZN7daisysp5AdEnv4InitEf
                0x000000000800c3f4       0x30 ../../DaisyExamples/DaisySP/build/libdaisysp.a(adenv.o)
                0x000000000800c3f4                daisysp::AdEnv::Init(float)
 .text._ZN7daisysp5AdEnv7ProcessEv
                0x000000000800c424      0x1b8 ../../DaisyExamples/DaisySP/build/libdaisysp.a(adenv.o)
                0x000000000800c424                daisysp::AdEnv::Process()
 .text._ZN7daisysp5ATone4InitEf
                0x000000000800c5dc       0x18 ../../DaisyExamples/DaisySP/build/libdaisysp.a(atone.o)
                0x000000000800c5dc                daisysp::ATone::Init(float)
 .text._ZN7daisysp5ATone7ProcessERf
                0x000000000800c5f4       0x20 ../../DaisyExamples/DaisySP/build/libdaisysp.a(atone.o)
                0x000000000800c5f4                daisysp::ATone::Process(float&)
 .text._ZN7daisysp5ATone21CalculateCoefficientsEv
                0x000000000800c614       0x5c ../../DaisyExamples/DaisySP/build/libdaisysp.a(atone.o)
                0x000000000800c614                daisysp::ATone::CalculateCoefficients()
 .text._ZN7daisysp6Biquad5ResetEv
                0x000000000800c670       0xd8 ../../DaisyExamples/DaisySP/build/libdaisysp.a(biquad.o)
                0x000000000800c670                daisysp::Biquad::Reset()
 .text._ZN7daisysp6Biquad4InitEf
                0x000000000800c748      0x114 ../../DaisyExamples/DaisySP/build/libdaisysp.a(biquad.o)
                0x000000000800c748                daisysp::Biquad::Init(float)
 .text._ZN7daisysp6Biquad7ProcessEf
                0x000000000800c85c       0x54 ../../DaisyExamples/DaisySP/build/libdaisysp.a(biquad.o)
                0x000000000800c85c                daisysp::Biquad::Process(float)
 .text._ZN7daisysp5Metro4InitEff
                0x000000000800c8b0       0x24 ../../DaisyExamples/DaisySP/build/libdaisysp.a(metro.o)
                0x000000000800c8b0                daisysp::Metro::Init(float, float)
 .text._ZN7daisysp5Metro7ProcessEv
                0x000000000800c8d4       0x34 ../../DaisyExamples/DaisySP/build/libdaisysp.a(metro.o)
                0x000000000800c8d4                daisysp::Metro::Process()
 .text._ZN7daisysp5Metro7SetFreqEf
                0x000000000800c908       0x20 ../../DaisyExamples/DaisySP/build/libdaisysp.a(metro.o)
                0x000000000800c908                daisysp::Metro::SetFreq(float)
 .text._ZN7daisysp10Oscillator12CalcPhaseIncEf
                0x000000000800c928       0x18 ../../DaisyExamples/DaisySP/build/libdaisysp.a(oscillator.o)
                0x000000000800c928                daisysp::Oscillator::CalcPhaseInc(float)
 .text.__aeabi_atexit
                0x000000000800c940        0xa /usr/local/Caskroom/gcc-arm-embedded/10-2020-q4-major/gcc-arm-none-eabi-10-2020-q4-major/bin/../lib/gcc/arm-none-eabi/10.2.1/../../../../arm-none-eabi/lib/thumb/v7e-m+dp/hard/libstdc++_nano.a(atexit_arm.o)
                0x000000000800c940                __aeabi_atexit
 *fill*         0x000000000800c94a        0x6 
 .text.cosf     0x000000000800c950      0x1bc /usr/local/Caskroom/gcc-arm-embedded/10-2020-q4-major/gcc-arm-none-eabi-10-2020-q4-major/bin/../lib/gcc/arm-none-eabi/10.2.1/../../../../arm-none-eabi/lib/thumb/v7e-m+dp/hard/libm.a(lib_a-cosf.o)
                0x000000000800c950                cosf
 .text.with_errnof
                0x000000000800cb0c       0x18 /usr/local/Caskroom/gcc-arm-embedded/10-2020-q4-major/gcc-arm-none-eabi-10-2020-q4-major/bin/../lib/gcc/arm-none-eabi/10.2.1/../../../../arm-none-eabi/lib/thumb/v7e-m+dp/hard/libm.a(lib_a-math_errf.o)
 .text.xflowf   0x000000000800cb24       0x20 /usr/local/Caskroom/gcc-arm-embedded/10-2020-q4-major/gcc-arm-none-eabi-10-2020-q4-major/bin/../lib/gcc/arm-none-eabi/10.2.1/../../../../arm-none-eabi/lib/thumb/v7e-m+dp/hard/libm.a(lib_a-math_errf.o)
 .text.__math_uflowf
                0x000000000800cb44        0xc /usr/local/Caskroom/gcc-arm-embedded/10-2020-q4-major/gcc-arm-none-eabi-10-2020-q4-major/bin/../lib/gcc/arm-none-eabi/10.2.1/../../../../arm-none-eabi/lib/thumb/v7e-m+dp/hard/libm.a(lib_a-math_errf.o)
                0x000000000800cb44                __math_uflowf
 .text.__math_may_uflowf
                0x000000000800cb50        0xc /usr/local/Caskroom/gcc-arm-embedded/10-2020-q4-major/gcc-arm-none-eabi-10-2020-q4-major/bin/../lib/gcc/arm-none-eabi/10.2.1/../../../../arm-none-eabi/lib/thumb/v7e-m+dp/hard/libm.a(lib_a-math_errf.o)
                0x000000000800cb50                __math_may_uflowf
 .text.__math_oflowf
                0x000000000800cb5c        0xc /usr/local/Caskroom/gcc-arm-embedded/10-2020-q4-major/gcc-arm-none-eabi-10-2020-q4-major/bin/../lib/gcc/arm-none-eabi/10.2.1/../../../../arm-none-eabi/lib/thumb/v7e-m+dp/hard/libm.a(lib_a-math_errf.o)
                0x000000000800cb5c                __math_oflowf
 .text.__math_divzerof
                0x000000000800cb68       0x24 /usr/local/Caskroom/gcc-arm-embedded/10-2020-q4-major/gcc-arm-none-eabi-10-2020-q4-major/bin/../lib/gcc/arm-none-eabi/10.2.1/../../../../arm-none-eabi/lib/thumb/v7e-m+dp/hard/libm.a(lib_a-math_errf.o)
                0x000000000800cb68                __math_divzerof
 .text.__math_invalidf
                0x000000000800cb8c       0x20 /usr/local/Caskroom/gcc-arm-embedded/10-2020-q4-major/gcc-arm-none-eabi-10-2020-q4-major/bin/../lib/gcc/arm-none-eabi/10.2.1/../../../../arm-none-eabi/lib/thumb/v7e-m+dp/hard/libm.a(lib_a-math_errf.o)
                0x000000000800cb8c                __math_invalidf
 .text.expf     0x000000000800cbac       0xe4 /usr/local/Caskroom/gcc-arm-embedded/10-2020-q4-major/gcc-arm-none-eabi-10-2020-q4-major/bin/../lib/gcc/arm-none-eabi/10.2.1/../../../../arm-none-eabi/lib/thumb/v7e-m+dp/hard/libm.a(lib_a-sf_exp.o)
                0x000000000800cbac                expf
 .text.logf     0x000000000800cc90       0xc8 /usr/local/Caskroom/gcc-arm-embedded/10-2020-q4-major/gcc-arm-none-eabi-10-2020-q4-major/bin/../lib/gcc/arm-none-eabi/10.2.1/../../../../arm-none-eabi/lib/thumb/v7e-m+dp/hard/libm.a(lib_a-sf_log.o)
                0x000000000800cc90                logf
 .text.sinf     0x000000000800cd58      0x20c /usr/local/Caskroom/gcc-arm-embedded/10-2020-q4-major/gcc-arm-none-eabi-10-2020-q4-major/bin/../lib/gcc/arm-none-eabi/10.2.1/../../../../arm-none-eabi/lib/thumb/v7e-m+dp/hard/libm.a(lib_a-sinf.o)
                0x000000000800cd58                sinf
 .text.sqrtf    0x000000000800cf64       0x50 /usr/local/Caskroom/gcc-arm-embedded/10-2020-q4-major/gcc-arm-none-eabi-10-2020-q4-major/bin/../lib/gcc/arm-none-eabi/10.2.1/../../../../arm-none-eabi/lib/thumb/v7e-m+dp/hard/libm.a(lib_a-wf_sqrt.o)
                0x000000000800cf64                sqrtf
 .text.__ieee754_sqrtf
                0x000000000800cfb4        0x8 /usr/local/Caskroom/gcc-arm-embedded/10-2020-q4-major/gcc-arm-none-eabi-10-2020-q4-major/bin/../lib/gcc/arm-none-eabi/10.2.1/../../../../arm-none-eabi/lib/thumb/v7e-m+dp/hard/libm.a(lib_a-ef_sqrt.o)
                0x000000000800cfb4                __ieee754_sqrtf
 .text.__cxa_atexit
                0x000000000800cfbc       0x1c /usr/local/Caskroom/gcc-arm-embedded/10-2020-q4-major/gcc-arm-none-eabi-10-2020-q4-major/bin/../lib/gcc/arm-none-eabi/10.2.1/../../../../arm-none-eabi/lib/thumb/v7e-m+dp/hard/libc_nano.a(lib_a-cxa_atexit.o)
                0x000000000800cfbc                __cxa_atexit
 .text.__errno  0x000000000800cfd8        0xc /usr/local/Caskroom/gcc-arm-embedded/10-2020-q4-major/gcc-arm-none-eabi-10-2020-q4-major/bin/../lib/gcc/arm-none-eabi/10.2.1/../../../../arm-none-eabi/lib/thumb/v7e-m+dp/hard/libc_nano.a(lib_a-errno.o)
                0x000000000800cfd8                __errno
 .text.__libc_init_array
                0x000000000800cfe4       0x48 /usr/local/Caskroom/gcc-arm-embedded/10-2020-q4-major/gcc-arm-none-eabi-10-2020-q4-major/bin/../lib/gcc/arm-none-eabi/10.2.1/../../../../arm-none-eabi/lib/thumb/v7e-m+dp/hard/libc_nano.a(lib_a-init.o)
                0x000000000800cfe4                __libc_init_array
 .text.memcpy   0x000000000800d02c       0x1c /usr/local/Caskroom/gcc-arm-embedded/10-2020-q4-major/gcc-arm-none-eabi-10-2020-q4-major/bin/../lib/gcc/arm-none-eabi/10.2.1/../../../../arm-none-eabi/lib/thumb/v7e-m+dp/hard/libc_nano.a(lib_a-memcpy-stub.o)
                0x000000000800d02c                memcpy
 .text.memset   0x000000000800d048       0x10 /usr/local/Caskroom/gcc-arm-embedded/10-2020-q4-major/gcc-arm-none-eabi-10-2020-q4-major/bin/../lib/gcc/arm-none-eabi/10.2.1/../../../../arm-none-eabi/lib/thumb/v7e-m+dp/hard/libc_nano.a(lib_a-memset.o)
                0x000000000800d048                memset
 *(.rodata)
 .rodata        0x000000000800d058      0x200 build/Fake08.o
 .rodata        0x000000000800d258       0x20 ../../DaisyExamples/libdaisy/build/libdaisy.a(daisy_field.o)
 .rodata        0x000000000800d278       0x10 ../../DaisyExamples/libdaisy/build/libdaisy.a(i2c.o)
 .rodata        0x000000000800d288       0x10 ../../DaisyExamples/libdaisy/build/libdaisy.a(tim.o)
 *(.rodata*)
 .rodata._ZN5daisy10DaisyField4InitEb.str1.4
                0x000000000800d298        0x6 ../../DaisyExamples/libdaisy/build/libdaisy.a(daisy_field.o)
 *fill*         0x000000000800d29e        0x2 
 .rodata._ZL20field_led_i2c_config
                0x000000000800d2a0        0xc ../../DaisyExamples/libdaisy/build/libdaisy.a(daisy_field.o)
 .rodata._ZL8seedgpio
                0x000000000800d2ac       0x3e ../../DaisyExamples/libdaisy/build/libdaisy.a(daisy_seed.o)
 *fill*         0x000000000800d2ea        0x2 
 .rodata._ZL16dsy_adc_rank_map
                0x000000000800d2ec       0x40 ../../DaisyExamples/libdaisy/build/libdaisy.a(adc.o)
 .rodata.HAL_QSPI_MspInit.str1.4
                0x000000000800d32c        0x7 ../../DaisyExamples/libdaisy/build/libdaisy.a(qspi.o)
 *fill*         0x000000000800d333        0x1 
 .rodata.CSWTCH.31
                0x000000000800d334        0x3 ../../DaisyExamples/libdaisy/build/libdaisy.a(sai.o)
 *fill*         0x000000000800d337        0x1 
 .rodata.CSWTCH.32
                0x000000000800d338        0xc ../../DaisyExamples/libdaisy/build/libdaisy.a(sai.o)
 .rodata.CSWTCH.39
                0x000000000800d344       0x14 ../../DaisyExamples/libdaisy/build/libdaisy.a(sai.o)
 .rodata.D1CorePrescTable
                0x000000000800d358       0x10 ../../DaisyExamples/libdaisy/build/libdaisy.a(system_stm32h7xx.o)
                0x000000000800d358                D1CorePrescTable
 .rodata.gpio_hal_pin_map
                0x000000000800d368       0x20 ../../DaisyExamples/libdaisy/build/libdaisy.a(hal_map.o)
 .rodata.gpio_hal_port_map
                0x000000000800d388       0x30 ../../DaisyExamples/libdaisy/build/libdaisy.a(hal_map.o)
 .rodata.flagBitshiftOffset.0
                0x000000000800d3b8        0x8 ../../DaisyExamples/libdaisy/build/libdaisy.a(stm32h7xx_hal_dma.o)
 .rodata.__exp2f_data
                0x000000000800d3c0      0x148 /usr/local/Caskroom/gcc-arm-embedded/10-2020-q4-major/gcc-arm-none-eabi-10-2020-q4-major/bin/../lib/gcc/arm-none-eabi/10.2.1/../../../../arm-none-eabi/lib/thumb/v7e-m+dp/hard/libm.a(lib_a-sf_exp2_data.o)
                0x000000000800d3c0                __exp2f_data
 .rodata.__logf_data
                0x000000000800d508      0x120 /usr/local/Caskroom/gcc-arm-embedded/10-2020-q4-major/gcc-arm-none-eabi-10-2020-q4-major/bin/../lib/gcc/arm-none-eabi/10.2.1/../../../../arm-none-eabi/lib/thumb/v7e-m+dp/hard/libm.a(lib_a-sf_log_data.o)
                0x000000000800d508                __logf_data
 .rodata.__inv_pio4
                0x000000000800d628       0x60 /usr/local/Caskroom/gcc-arm-embedded/10-2020-q4-major/gcc-arm-none-eabi-10-2020-q4-major/bin/../lib/gcc/arm-none-eabi/10.2.1/../../../../arm-none-eabi/lib/thumb/v7e-m+dp/hard/libm.a(lib_a-sincosf_data.o)
                0x000000000800d628                __inv_pio4
 .rodata.__sincosf_table
                0x000000000800d688       0xe0 /usr/local/Caskroom/gcc-arm-embedded/10-2020-q4-major/gcc-arm-none-eabi-10-2020-q4-major/bin/../lib/gcc/arm-none-eabi/10.2.1/../../../../arm-none-eabi/lib/thumb/v7e-m+dp/hard/libm.a(lib_a-sincosf_data.o)
                0x000000000800d688                __sincosf_table
 *(.glue_7)
 .glue_7        0x000000000800d768        0x0 linker stubs
 *(.glue_7t)
 .glue_7t       0x000000000800d768        0x0 linker stubs
 *(.init)
 .init          0x000000000800d768        0x4 /usr/local/Caskroom/gcc-arm-embedded/10-2020-q4-major/gcc-arm-none-eabi-10-2020-q4-major/bin/../lib/gcc/arm-none-eabi/10.2.1/thumb/v7e-m+dp/hard/crti.o
                0x000000000800d768                _init
 .init          0x000000000800d76c        0x8 /usr/local/Caskroom/gcc-arm-embedded/10-2020-q4-major/gcc-arm-none-eabi-10-2020-q4-major/bin/../lib/gcc/arm-none-eabi/10.2.1/thumb/v7e-m+dp/hard/crtn.o
 *(.fini)
 .fini          0x000000000800d774        0x4 /usr/local/Caskroom/gcc-arm-embedded/10-2020-q4-major/gcc-arm-none-eabi-10-2020-q4-major/bin/../lib/gcc/arm-none-eabi/10.2.1/thumb/v7e-m+dp/hard/crti.o
                0x000000000800d774                _fini
 .fini          0x000000000800d778        0x8 /usr/local/Caskroom/gcc-arm-embedded/10-2020-q4-major/gcc-arm-none-eabi-10-2020-q4-major/bin/../lib/gcc/arm-none-eabi/10.2.1/thumb/v7e-m+dp/hard/crtn.o
                0x000000000800d780                . = ALIGN (0x4)
                0x000000000800d780                _etext = .

.eh_frame       0x000000000800d780        0x0
 .eh_frame      0x000000000800d780        0x0 /usr/local/Caskroom/gcc-arm-embedded/10-2020-q4-major/gcc-arm-none-eabi-10-2020-q4-major/bin/../lib/gcc/arm-none-eabi/10.2.1/thumb/v7e-m+dp/hard/crtbegin.o

.vfp11_veneer   0x000000000800d780        0x0
 .vfp11_veneer  0x000000000800d780        0x0 linker stubs

.v4_bx          0x000000000800d780        0x0
 .v4_bx         0x000000000800d780        0x0 linker stubs

.iplt           0x000000000800d780        0x0
 .iplt          0x000000000800d780        0x0 /usr/local/Caskroom/gcc-arm-embedded/10-2020-q4-major/gcc-arm-none-eabi-10-2020-q4-major/bin/../lib/gcc/arm-none-eabi/10.2.1/thumb/v7e-m+dp/hard/crtbegin.o

.rel.dyn        0x000000000800d780        0x0
 .rel.iplt      0x000000000800d780        0x0 /usr/local/Caskroom/gcc-arm-embedded/10-2020-q4-major/gcc-arm-none-eabi-10-2020-q4-major/bin/../lib/gcc/arm-none-eabi/10.2.1/thumb/v7e-m+dp/hard/crtbegin.o

.ARM.extab      0x000000000800d780        0x0
                0x000000000800d780                . = ALIGN (0x4)
 *(.ARM.extab)
 *(.gnu.linkonce.armextab.*)
                0x000000000800d780                . = ALIGN (0x4)

.exidx          0x000000000800d780        0x0
                0x000000000800d780                . = ALIGN (0x4)
                [!provide]                        PROVIDE (__exidx_start = .)
 *(.ARM.exidx*)
                0x000000000800d780                . = ALIGN (0x4)
                [!provide]                        PROVIDE (__exidx_end = .)

.ARM.attributes
                0x000000000800d780       0x2e
 *(.ARM.attributes)
 .ARM.attributes
                0x000000000800d780       0x1e /usr/local/Caskroom/gcc-arm-embedded/10-2020-q4-major/gcc-arm-none-eabi-10-2020-q4-major/bin/../lib/gcc/arm-none-eabi/10.2.1/thumb/v7e-m+dp/hard/crti.o
 .ARM.attributes
                0x000000000800d79e       0x32 /usr/local/Caskroom/gcc-arm-embedded/10-2020-q4-major/gcc-arm-none-eabi-10-2020-q4-major/bin/../lib/gcc/arm-none-eabi/10.2.1/thumb/v7e-m+dp/hard/crtbegin.o
 .ARM.attributes
                0x000000000800d7d0       0x32 build/startup_stm32h750xx.o
 .ARM.attributes
                0x000000000800d802       0x32 build/Fake08.o
 .ARM.attributes
                0x000000000800d834       0x32 ../../DaisyExamples/libdaisy/build/libdaisy.a(daisy_field.o)
 .ARM.attributes
                0x000000000800d866       0x32 ../../DaisyExamples/libdaisy/build/libdaisy.a(daisy_seed.o)
 .ARM.attributes
                0x000000000800d898       0x32 ../../DaisyExamples/libdaisy/build/libdaisy.a(codec_ak4556.o)
 .ARM.attributes
                0x000000000800d8ca       0x32 ../../DaisyExamples/libdaisy/build/libdaisy.a(sdram.o)
 .ARM.attributes
                0x000000000800d8fc       0x32 ../../DaisyExamples/libdaisy/build/libdaisy.a(audio.o)
 .ARM.attributes
                0x000000000800d92e       0x32 ../../DaisyExamples/libdaisy/build/libdaisy.a(ctrl.o)
 .ARM.attributes
                0x000000000800d960       0x32 ../../DaisyExamples/libdaisy/build/libdaisy.a(gatein.o)
 .ARM.attributes
                0x000000000800d992       0x32 ../../DaisyExamples/libdaisy/build/libdaisy.a(oled_display.o)
 .ARM.attributes
                0x000000000800d9c4       0x32 ../../DaisyExamples/libdaisy/build/libdaisy.a(parameter.o)
 .ARM.attributes
                0x000000000800d9f6       0x32 ../../DaisyExamples/libdaisy/build/libdaisy.a(switch.o)
 .ARM.attributes
                0x000000000800da28       0x32 ../../DaisyExamples/libdaisy/build/libdaisy.a(adc.o)
 .ARM.attributes
                0x000000000800da5a       0x32 ../../DaisyExamples/libdaisy/build/libdaisy.a(dac.o)
 .ARM.attributes
                0x000000000800da8c       0x32 ../../DaisyExamples/libdaisy/build/libdaisy.a(gpio.o)
 .ARM.attributes
                0x000000000800dabe       0x32 ../../DaisyExamples/libdaisy/build/libdaisy.a(i2c.o)
 .ARM.attributes
                0x000000000800daf0       0x32 ../../DaisyExamples/libdaisy/build/libdaisy.a(qspi.o)
 .ARM.attributes
                0x000000000800db22       0x32 ../../DaisyExamples/libdaisy/build/libdaisy.a(sai.o)
 .ARM.attributes
                0x000000000800db54       0x32 ../../DaisyExamples/libdaisy/build/libdaisy.a(spi.o)
 .ARM.attributes
                0x000000000800db86       0x32 ../../DaisyExamples/libdaisy/build/libdaisy.a(system.o)
 .ARM.attributes
                0x000000000800dbb8       0x32 ../../DaisyExamples/libdaisy/build/libdaisy.a(system_stm32h7xx.o)
 .ARM.attributes
                0x000000000800dbea       0x32 ../../DaisyExamples/libdaisy/build/libdaisy.a(hal_map.o)
 .ARM.attributes
                0x000000000800dc1c       0x32 ../../DaisyExamples/libdaisy/build/libdaisy.a(stm32h7xx_hal.o)
 .ARM.attributes
                0x000000000800dc4e       0x32 ../../DaisyExamples/libdaisy/build/libdaisy.a(stm32h7xx_hal_adc.o)
 .ARM.attributes
                0x000000000800dc80       0x32 ../../DaisyExamples/libdaisy/build/libdaisy.a(stm32h7xx_hal_adc_ex.o)
 .ARM.attributes
                0x000000000800dcb2       0x32 ../../DaisyExamples/libdaisy/build/libdaisy.a(stm32h7xx_hal_cortex.o)
 .ARM.attributes
                0x000000000800dce4       0x32 ../../DaisyExamples/libdaisy/build/libdaisy.a(stm32h7xx_hal_dac.o)
 .ARM.attributes
                0x000000000800dd16       0x32 ../../DaisyExamples/libdaisy/build/libdaisy.a(stm32h7xx_hal_dma.o)
 .ARM.attributes
                0x000000000800dd48       0x32 ../../DaisyExamples/libdaisy/build/libdaisy.a(stm32h7xx_hal_gpio.o)
 .ARM.attributes
                0x000000000800dd7a       0x32 ../../DaisyExamples/libdaisy/build/libdaisy.a(stm32h7xx_hal_i2c.o)
 .ARM.attributes
                0x000000000800ddac       0x32 ../../DaisyExamples/libdaisy/build/libdaisy.a(stm32h7xx_hal_i2c_ex.o)
 .ARM.attributes
                0x000000000800ddde       0x32 ../../DaisyExamples/libdaisy/build/libdaisy.a(stm32h7xx_hal_pwr_ex.o)
 .ARM.attributes
                0x000000000800de10       0x32 ../../DaisyExamples/libdaisy/build/libdaisy.a(stm32h7xx_hal_qspi.o)
 .ARM.attributes
                0x000000000800de42       0x32 ../../DaisyExamples/libdaisy/build/libdaisy.a(stm32h7xx_hal_rcc.o)
 .ARM.attributes
                0x000000000800de74       0x32 ../../DaisyExamples/libdaisy/build/libdaisy.a(stm32h7xx_hal_rcc_ex.o)
 .ARM.attributes
                0x000000000800dea6       0x32 ../../DaisyExamples/libdaisy/build/libdaisy.a(stm32h7xx_hal_sai.o)
 .ARM.attributes
                0x000000000800ded8       0x32 ../../DaisyExamples/libdaisy/build/libdaisy.a(stm32h7xx_hal_sdram.o)
 .ARM.attributes
                0x000000000800df0a       0x32 ../../DaisyExamples/libdaisy/build/libdaisy.a(stm32h7xx_hal_spi.o)
 .ARM.attributes
                0x000000000800df3c       0x32 ../../DaisyExamples/libdaisy/build/libdaisy.a(stm32h7xx_ll_fmc.o)
 .ARM.attributes
                0x000000000800df6e       0x32 ../../DaisyExamples/libdaisy/build/libdaisy.a(tim.o)
 .ARM.attributes
                0x000000000800dfa0       0x32 ../../DaisyExamples/libdaisy/build/libdaisy.a(dma.o)
 .ARM.attributes
                0x000000000800dfd2       0x32 ../../DaisyExamples/libdaisy/build/libdaisy.a(stm32h7xx_hal_mdma.o)
 .ARM.attributes
                0x000000000800e004       0x32 ../../DaisyExamples/libdaisy/build/libdaisy.a(stm32h7xx_hal_tim.o)
 .ARM.attributes
                0x000000000800e036       0x32 ../../DaisyExamples/libdaisy/build/libdaisy.a(stm32h7xx_hal_tim_ex.o)
 .ARM.attributes
                0x000000000800e068       0x32 ../../DaisyExamples/DaisySP/build/libdaisysp.a(adenv.o)
 .ARM.attributes
                0x000000000800e09a       0x32 ../../DaisyExamples/DaisySP/build/libdaisysp.a(atone.o)
 .ARM.attributes
                0x000000000800e0cc       0x32 ../../DaisyExamples/DaisySP/build/libdaisysp.a(biquad.o)
 .ARM.attributes
                0x000000000800e0fe       0x32 ../../DaisyExamples/DaisySP/build/libdaisysp.a(metro.o)
 .ARM.attributes
                0x000000000800e130       0x32 ../../DaisyExamples/DaisySP/build/libdaisysp.a(oscillator.o)
 .ARM.attributes
                0x000000000800e162       0x32 /usr/local/Caskroom/gcc-arm-embedded/10-2020-q4-major/gcc-arm-none-eabi-10-2020-q4-major/bin/../lib/gcc/arm-none-eabi/10.2.1/../../../../arm-none-eabi/lib/thumb/v7e-m+dp/hard/libstdc++_nano.a(atexit_arm.o)
 .ARM.attributes
                0x000000000800e194       0x32 /usr/local/Caskroom/gcc-arm-embedded/10-2020-q4-major/gcc-arm-none-eabi-10-2020-q4-major/bin/../lib/gcc/arm-none-eabi/10.2.1/../../../../arm-none-eabi/lib/thumb/v7e-m+dp/hard/libm.a(lib_a-cosf.o)
 .ARM.attributes
                0x000000000800e1c6       0x32 /usr/local/Caskroom/gcc-arm-embedded/10-2020-q4-major/gcc-arm-none-eabi-10-2020-q4-major/bin/../lib/gcc/arm-none-eabi/10.2.1/../../../../arm-none-eabi/lib/thumb/v7e-m+dp/hard/libm.a(lib_a-math_errf.o)
 .ARM.attributes
                0x000000000800e1f8       0x32 /usr/local/Caskroom/gcc-arm-embedded/10-2020-q4-major/gcc-arm-none-eabi-10-2020-q4-major/bin/../lib/gcc/arm-none-eabi/10.2.1/../../../../arm-none-eabi/lib/thumb/v7e-m+dp/hard/libm.a(lib_a-sf_exp.o)
 .ARM.attributes
                0x000000000800e22a       0x30 /usr/local/Caskroom/gcc-arm-embedded/10-2020-q4-major/gcc-arm-none-eabi-10-2020-q4-major/bin/../lib/gcc/arm-none-eabi/10.2.1/../../../../arm-none-eabi/lib/thumb/v7e-m+dp/hard/libm.a(lib_a-sf_exp2_data.o)
 .ARM.attributes
                0x000000000800e25a       0x32 /usr/local/Caskroom/gcc-arm-embedded/10-2020-q4-major/gcc-arm-none-eabi-10-2020-q4-major/bin/../lib/gcc/arm-none-eabi/10.2.1/../../../../arm-none-eabi/lib/thumb/v7e-m+dp/hard/libm.a(lib_a-sf_log.o)
 .ARM.attributes
                0x000000000800e28c       0x30 /usr/local/Caskroom/gcc-arm-embedded/10-2020-q4-major/gcc-arm-none-eabi-10-2020-q4-major/bin/../lib/gcc/arm-none-eabi/10.2.1/../../../../arm-none-eabi/lib/thumb/v7e-m+dp/hard/libm.a(lib_a-sf_log_data.o)
 .ARM.attributes
                0x000000000800e2bc       0x30 /usr/local/Caskroom/gcc-arm-embedded/10-2020-q4-major/gcc-arm-none-eabi-10-2020-q4-major/bin/../lib/gcc/arm-none-eabi/10.2.1/../../../../arm-none-eabi/lib/thumb/v7e-m+dp/hard/libm.a(lib_a-sincosf_data.o)
 .ARM.attributes
                0x000000000800e2ec       0x32 /usr/local/Caskroom/gcc-arm-embedded/10-2020-q4-major/gcc-arm-none-eabi-10-2020-q4-major/bin/../lib/gcc/arm-none-eabi/10.2.1/../../../../arm-none-eabi/lib/thumb/v7e-m+dp/hard/libm.a(lib_a-sinf.o)
 .ARM.attributes
                0x000000000800e31e       0x32 /usr/local/Caskroom/gcc-arm-embedded/10-2020-q4-major/gcc-arm-none-eabi-10-2020-q4-major/bin/../lib/gcc/arm-none-eabi/10.2.1/../../../../arm-none-eabi/lib/thumb/v7e-m+dp/hard/libm.a(lib_a-wf_sqrt.o)
 .ARM.attributes
                0x000000000800e350       0x32 /usr/local/Caskroom/gcc-arm-embedded/10-2020-q4-major/gcc-arm-none-eabi-10-2020-q4-major/bin/../lib/gcc/arm-none-eabi/10.2.1/../../../../arm-none-eabi/lib/thumb/v7e-m+dp/hard/libm.a(lib_a-ef_sqrt.o)
 .ARM.attributes
                0x000000000800e382       0x30 /usr/local/Caskroom/gcc-arm-embedded/10-2020-q4-major/gcc-arm-none-eabi-10-2020-q4-major/bin/../lib/gcc/arm-none-eabi/10.2.1/../../../../arm-none-eabi/lib/thumb/v7e-m+dp/hard/libm.a(lib_a-s_lib_ver.o)
 .ARM.attributes
                0x000000000800e3b2       0x32 /usr/local/Caskroom/gcc-arm-embedded/10-2020-q4-major/gcc-arm-none-eabi-10-2020-q4-major/bin/../lib/gcc/arm-none-eabi/10.2.1/../../../../arm-none-eabi/lib/thumb/v7e-m+dp/hard/libc_nano.a(lib_a-cxa_atexit.o)
 .ARM.attributes
                0x000000000800e3e4       0x32 /usr/local/Caskroom/gcc-arm-embedded/10-2020-q4-major/gcc-arm-none-eabi-10-2020-q4-major/bin/../lib/gcc/arm-none-eabi/10.2.1/../../../../arm-none-eabi/lib/thumb/v7e-m+dp/hard/libc_nano.a(lib_a-errno.o)
 .ARM.attributes
                0x000000000800e416       0x30 /usr/local/Caskroom/gcc-arm-embedded/10-2020-q4-major/gcc-arm-none-eabi-10-2020-q4-major/bin/../lib/gcc/arm-none-eabi/10.2.1/../../../../arm-none-eabi/lib/thumb/v7e-m+dp/hard/libc_nano.a(lib_a-impure.o)
 .ARM.attributes