Archive member included to satisfy reference by file (symbol)

../../DaisyExamples/libdaisy/build/libdaisy.a(daisy_field.o)
                              build/Fake08.o (daisy::DaisyField::Init(bool))
../../DaisyExamples/libdaisy/build/libdaisy.a(daisy_seed.o)
                              ../../DaisyExamples/libdaisy/build/libdaisy.a(daisy_field.o) (daisy::DaisySeed::Configure())
../../DaisyExamples/libdaisy/build/libdaisy.a(codec_ak4556.o)
                              ../../DaisyExamples/libdaisy/build/libdaisy.a(daisy_seed.o) (daisy::Ak4556::Init(dsy_gpio_pin))
../../DaisyExamples/libdaisy/build/libdaisy.a(sdram.o)
                              ../../DaisyExamples/libdaisy/build/libdaisy.a(daisy_seed.o) (dsy_sdram_init)
../../DaisyExamples/libdaisy/build/libdaisy.a(audio.o)
                              ../../DaisyExamples/libdaisy/build/libdaisy.a(daisy_seed.o) (daisy::AudioHandle::Init(daisy::AudioHandle::Config const&, daisy::SaiHandle))
../../DaisyExamples/libdaisy/build/libdaisy.a(ctrl.o)
                              ../../DaisyExamples/libdaisy/build/libdaisy.a(daisy_field.o) (daisy::AnalogControl::Init(unsigned short*, float, bool, bool, float))
../../DaisyExamples/libdaisy/build/libdaisy.a(gatein.o)
                              ../../DaisyExamples/libdaisy/build/libdaisy.a(daisy_field.o) (daisy::GateIn::Init(dsy_gpio_pin*))
../../DaisyExamples/libdaisy/build/libdaisy.a(oled_display.o)
                              ../../DaisyExamples/libdaisy/build/libdaisy.a(daisy_field.o) (daisy::OledDisplay::Fill(bool))
../../DaisyExamples/libdaisy/build/libdaisy.a(switch.o)
                              ../../DaisyExamples/libdaisy/build/libdaisy.a(daisy_field.o) (daisy::Switch::Init(dsy_gpio_pin, float))
../../DaisyExamples/libdaisy/build/libdaisy.a(adc.o)
                              ../../DaisyExamples/libdaisy/build/libdaisy.a(daisy_field.o) (daisy::AdcChannelConfig::InitSingle(dsy_gpio_pin))
../../DaisyExamples/libdaisy/build/libdaisy.a(dac.o)
                              ../../DaisyExamples/libdaisy/build/libdaisy.a(daisy_field.o) (dsy_dac_init)
../../DaisyExamples/libdaisy/build/libdaisy.a(gpio.o)
                              ../../DaisyExamples/libdaisy/build/libdaisy.a(daisy_field.o) (dsy_gpio_init)
../../DaisyExamples/libdaisy/build/libdaisy.a(i2c.o)
                              build/Fake08.o (daisy::I2CHandle::Init(daisy::I2CHandle::Config const&))
../../DaisyExamples/libdaisy/build/libdaisy.a(qspi.o)
                              ../../DaisyExamples/libdaisy/build/libdaisy.a(daisy_seed.o) (dsy_qspi_init)
../../DaisyExamples/libdaisy/build/libdaisy.a(sai.o)
                              ../../DaisyExamples/libdaisy/build/libdaisy.a(daisy_seed.o) (daisy::SaiHandle::Init(daisy::SaiHandle::Config const&))
../../DaisyExamples/libdaisy/build/libdaisy.a(spi.o)
                              ../../DaisyExamples/libdaisy/build/libdaisy.a(oled_display.o) (daisy::SpiHandle::Init())
../../DaisyExamples/libdaisy/build/libdaisy.a(system.o)
                              ../../DaisyExamples/libdaisy/build/libdaisy.a(daisy_field.o) (daisy::System::GetNow())
../../DaisyExamples/libdaisy/build/libdaisy.a(system_stm32h7xx.o)
                              build/startup_stm32h750xx.o (SystemInit)
../../DaisyExamples/libdaisy/build/libdaisy.a(hal_map.o)
                              ../../DaisyExamples/libdaisy/build/libdaisy.a(sdram.o) (dsy_hal_map_get_port)
../../DaisyExamples/libdaisy/build/libdaisy.a(stm32h7xx_hal.o)
                              ../../DaisyExamples/libdaisy/build/libdaisy.a(system.o) (HAL_Init)
../../DaisyExamples/libdaisy/build/libdaisy.a(stm32h7xx_hal_adc.o)
                              ../../DaisyExamples/libdaisy/build/libdaisy.a(adc.o) (HAL_ADC_ConfigChannel)
../../DaisyExamples/libdaisy/build/libdaisy.a(stm32h7xx_hal_adc_ex.o)
                              ../../DaisyExamples/libdaisy/build/libdaisy.a(adc.o) (HAL_ADCEx_Calibration_Start)
../../DaisyExamples/libdaisy/build/libdaisy.a(stm32h7xx_hal_cortex.o)
                              ../../DaisyExamples/libdaisy/build/libdaisy.a(stm32h7xx_hal.o) (HAL_NVIC_SetPriorityGrouping)
../../DaisyExamples/libdaisy/build/libdaisy.a(stm32h7xx_hal_dac.o)
                              ../../DaisyExamples/libdaisy/build/libdaisy.a(dac.o) (HAL_DAC_Init)
../../DaisyExamples/libdaisy/build/libdaisy.a(stm32h7xx_hal_dac_ex.o)
                              ../../DaisyExamples/libdaisy/build/libdaisy.a(stm32h7xx_hal_dac.o) (HAL_DACEx_DMAUnderrunCallbackCh2)
../../DaisyExamples/libdaisy/build/libdaisy.a(stm32h7xx_hal_dma.o)
                              ../../DaisyExamples/libdaisy/build/libdaisy.a(adc.o) (HAL_DMA_Init)
../../DaisyExamples/libdaisy/build/libdaisy.a(stm32h7xx_hal_gpio.o)
                              ../../DaisyExamples/libdaisy/build/libdaisy.a(sdram.o) (HAL_GPIO_Init)
../../DaisyExamples/libdaisy/build/libdaisy.a(stm32h7xx_hal_i2c.o)
                              ../../DaisyExamples/libdaisy/build/libdaisy.a(i2c.o) (HAL_I2C_Init)
[...]
Memory Configuration

Name             Origin             Length             Attributes
FLASH            0x0000000008000000 0x0000000000020000 xr
DTCMRAM          0x0000000020000000 0x0000000000020000 xrw
SRAM             0x0000000024000000 0x0000000000080000 xrw
RAM_D2           0x0000000030000000 0x0000000000048000 xrw
RAM_D3           0x0000000038000000 0x0000000000010000 xrw
ITCMRAM          0x0000000000000000 0x0000000000010000 xrw
SDRAM            0x00000000c0000000 0x0000000004000000 xrw
QSPIFLASH        0x0000000090000000 0x0000000000800000 xr
*default*        0x0000000000000000 0xffffffffffffffff

Linker script and memory map

LOAD /usr/local/Caskroom/gcc-arm-embedded/10-2020-q4-major/gcc-arm-none-eabi-10-2020-q4-major/bin/../lib/gcc/arm-none-eabi/10.2.1/thumb/v7e-m+dp/hard/crti.o
LOAD /usr/local/Caskroom/gcc-arm-embedded/10-2020-q4-major/gcc-arm-none-eabi-10-2020-q4-major/bin/../lib/gcc/arm-none-eabi/10.2.1/thumb/v7e-m+dp/hard/crtbegin.o
LOAD /usr/local/Caskroom/gcc-arm-embedded/10-2020-q4-major/gcc-arm-none-eabi-10-2020-q4-major/bin/../lib/gcc/arm-none-eabi/10.2.1/../../../../arm-none-eabi/lib/thumb/v7e-m+dp/hard/crt0.o
LOAD build/startup_stm32h750xx.o
LOAD build/Fake08.o
LOAD ../../DaisyExamples/libdaisy/build/libdaisy.a
LOAD /usr/local/Caskroom/gcc-arm-embedded/10-2020-q4-major/gcc-arm-none-eabi-10-2020-q4-major/bin/../lib/gcc/arm-none-eabi/10.2.1/../../../../arm-none-eabi/lib/thumb/v7e-m+dp/hard/libnosys.a
LOAD ../../DaisyExamples/DaisySP/build/libdaisysp.a
LOAD /usr/local/Caskroom/gcc-arm-embedded/10-2020-q4-major/gcc-arm-none-eabi-10-2020-q4-major/bin/../lib/gcc/arm-none-eabi/10.2.1/../../../../arm-none-eabi/lib/thumb/v7e-m+dp/hard/libstdc++_nano.a
LOAD /usr/local/Caskroom/gcc-arm-embedded/10-2020-q4-major/gcc-arm-none-eabi-10-2020-q4-major/bin/../lib/gcc/arm-none-eabi/10.2.1/../../../../arm-none-eabi/lib/thumb/v7e-m+dp/hard/libm.a
LOAD /usr/local/Caskroom/gcc-arm-embedded/10-2020-q4-major/gcc-arm-none-eabi-10-2020-q4-major/bin/../lib/gcc/arm-none-eabi/10.2.1/../../../../arm-none-eabi/lib/thumb/v7e-m+dp/hard/libc_nano.a
START GROUP
LOAD /usr/local/Caskroom/gcc-arm-embedded/10-2020-q4-major/gcc-arm-none-eabi-10-2020-q4-major/bin/../lib/gcc/arm-none-eabi/10.2.1/thumb/v7e-m+dp/hard/libgcc.a
LOAD /usr/local/Caskroom/gcc-arm-embedded/10-2020-q4-major/gcc-arm-none-eabi-10-2020-q4-major/bin/../lib/gcc/arm-none-eabi/10.2.1/../../../../arm-none-eabi/lib/thumb/v7e-m+dp/hard/libc_nano.a
END GROUP
START GROUP
LOAD /usr/local/Caskroom/gcc-arm-embedded/10-2020-q4-major/gcc-arm-none-eabi-10-2020-q4-major/bin/../lib/gcc/arm-none-eabi/10.2.1/thumb/v7e-m+dp/hard/libgcc.a
LOAD /usr/local/Caskroom/gcc-arm-embedded/10-2020-q4-major/gcc-arm-none-eabi-10-2020-q4-major/bin/../lib/gcc/arm-none-eabi/10.2.1/../../../../arm-none-eabi/lib/thumb/v7e-m+dp/hard/libc_nano.a
LOAD /usr/local/Caskroom/gcc-arm-embedded/10-2020-q4-major/gcc-arm-none-eabi-10-2020-q4-major/bin/../lib/gcc/arm-none-eabi/10.2.1/../../../../arm-none-eabi/lib/thumb/v7e-m+dp/hard/libnosys.a
END GROUP
START GROUP
LOAD /usr/local/Caskroom/gcc-arm-embedded/10-2020-q4-major/gcc-arm-none-eabi-10-2020-q4-major/bin/../lib/gcc/arm-none-eabi/10.2.1/thumb/v7e-m+dp/hard/libgcc.a
LOAD /usr/local/Caskroom/gcc-arm-embedded/10-2020-q4-major/gcc-arm-none-eabi-10-2020-q4-major/bin/../lib/gcc/arm-none-eabi/10.2.1/../../../../arm-none-eabi/lib/thumb/v7e-m+dp/hard/libc_nano.a
LOAD /usr/local/Caskroom/gcc-arm-embedded/10-2020-q4-major/gcc-arm-none-eabi-10-2020-q4-major/bin/../lib/gcc/arm-none-eabi/10.2.1/../../../../arm-none-eabi/lib/thumb/v7e-m+dp/hard/libnosys.a
END GROUP
LOAD /usr/local/Caskroom/gcc-arm-embedded/10-2020-q4-major/gcc-arm-none-eabi-10-2020-q4-major/bin/../lib/gcc/arm-none-eabi/10.2.1/thumb/v7e-m+dp/hard/crtend.o
LOAD /usr/local/Caskroom/gcc-arm-embedded/10-2020-q4-major/gcc-arm-none-eabi-10-2020-q4-major/bin/../lib/gcc/arm-none-eabi/10.2.1/thumb/v7e-m+dp/hard/crtn.o
                0x0000000020020000                _estack = 0x20020000

.isr_vector     0x0000000008000000      0x298
                0x0000000008000000                . = ALIGN (0x4)
 *(.isr_vector)
 .isr_vector    0x0000000008000000      0x298 build/startup_stm32h750xx.o
                0x0000000008000000                g_pfnVectors
                0x0000000008000298                . = ALIGN (0x4)

.text           0x00000000080002a0     0xe58c
                0x00000000080002a0                . = ALIGN (0x4)
                0x00000000080002a0                _stext = .
 *(.text)
 .text          0x00000000080002a0       0x40 /usr/local/Caskroom/gcc-arm-embedded/10-2020-q4-major/gcc-arm-none-eabi-10-2020-q4-major/bin/../lib/gcc/arm-none-eabi/10.2.1/thumb/v7e-m+dp/hard/crtbegin.o
 .text          0x00000000080002e0       0xa0 /usr/local/Caskroom/gcc-arm-embedded/10-2020-q4-major/gcc-arm-none-eabi-10-2020-q4-major/bin/../lib/gcc/arm-none-eabi/10.2.1/../../../../arm-none-eabi/lib/thumb/v7e-m+dp/hard/libc_nano.a(lib_a-memchr.o)
                0x00000000080002e0                memchr
 .text          0x0000000008000380      0x378 /usr/local/Caskroom/gcc-arm-embedded/10-2020-q4-major/gcc-arm-none-eabi-10-2020-q4-major/bin/../lib/gcc/arm-none-eabi/10.2.1/thumb/v7e-m+dp/hard/libgcc.a(_arm_addsubdf3.o)
                0x0000000008000380                __aeabi_drsub
                0x0000000008000388                __subdf3
                0x0000000008000388                __aeabi_dsub
                0x000000000800038c                __aeabi_dadd
                0x000000000800038c                __adddf3
                0x0000000008000604                __aeabi_ui2d
                0x0000000008000604                __floatunsidf
                0x0000000008000624                __floatsidf
                0x0000000008000624                __aeabi_i2d
                0x0000000008000648                __extendsfdf2
                0x0000000008000648                __aeabi_f2d
                0x000000000800068c                __aeabi_ul2d
                0x000000000800068c                __floatundidf
                0x000000000800069c                __aeabi_l2d
                0x000000000800069c                __floatdidf
 *(.text*)
 .text.Default_Handler
                0x00000000080006f8        0x4 build/startup_stm32h750xx.o
                0x00000000080006f8                SAI1_IRQHandler
                0x00000000080006f8                HASH_RNG_IRQHandler
                0x00000000080006f8                EXTI2_IRQHandler
                0x00000000080006f8                TIM8_CC_IRQHandler
                0x00000000080006f8                HRTIM1_Master_IRQHandler
                0x00000000080006f8                DebugMon_Handler
                0x00000000080006f8                UART8_IRQHandler
                0x00000000080006f8                SPI4_IRQHandler
                0x00000000080006f8                TIM1_CC_IRQHandler
                0x00000000080006f8                BDMA_Channel6_IRQHandler
                0x00000000080006f8                DMA2_Stream5_IRQHandler
                0x00000000080006f8                HRTIM1_FLT_IRQHandler
                0x00000000080006f8                JPEG_IRQHandler
                0x00000000080006f8                DMA1_Stream5_IRQHandler
                0x00000000080006f8                BDMA_Channel1_IRQHandler
                0x00000000080006f8                HRTIM1_TIMD_IRQHandler
                0x00000000080006f8                TAMP_STAMP_IRQHandler
                0x00000000080006f8                PendSV_Handler
                0x00000000080006f8                NMI_Handler
                0x00000000080006f8                EXTI3_IRQHandler
                0x00000000080006f8                LPTIM4_IRQHandler
                0x00000000080006f8                TIM8_TRG_COM_TIM14_IRQHandler
                0x00000000080006f8                LPTIM2_IRQHandler
                0x00000000080006f8                DFSDM1_FLT1_IRQHandler
                0x00000000080006f8                DMAMUX2_OVR_IRQHandler
                0x00000000080006f8                TIM8_UP_TIM13_IRQHandler
                0x00000000080006f8                I2C3_ER_IRQHandler
                0x00000000080006f8                DFSDM1_FLT2_IRQHandler
                0x00000000080006f8                MDMA_IRQHandler
                0x00000000080006f8                LPTIM3_IRQHandler
                0x00000000080006f8                HSEM1_IRQHandler
                0x00000000080006f8                EXTI0_IRQHandler
                0x00000000080006f8                FPU_IRQHandler
                0x00000000080006f8                OTG_HS_WKUP_IRQHandler
                0x00000000080006f8                FDCAN1_IT1_IRQHandler
                0x00000000080006f8                UsageFault_Handler
                0x00000000080006f8                LTDC_ER_IRQHandler
                0x00000000080006f8                DMA2_Stream2_IRQHandler
                0x00000000080006f8                HRTIM1_TIME_IRQHandler
                0x00000000080006f8                SPI1_IRQHandler
                0x00000000080006f8                TIM6_DAC_IRQHandler
                0x00000000080006f8                DCMI_IRQHandler
                0x00000000080006f8                HRTIM1_TIMC_IRQHandler
                0x00000000080006f8                DMA2_Stream3_IRQHandler
                0x00000000080006f8                SAI2_IRQHandler
                0x00000000080006f8                DFSDM1_FLT3_IRQHandler
                0x00000000080006f8                USART6_IRQHandler
                0x00000000080006f8                TIM17_IRQHandler
                0x00000000080006f8                USART3_IRQHandler
                0x00000000080006f8                CRYP_IRQHandler
                0x00000000080006f8                BDMA_Channel7_IRQHandler
                0x00000000080006f8                LPTIM5_IRQHandler
                0x00000000080006f8                UART5_IRQHandler
                0x00000000080006f8                ADC3_IRQHandler
                0x00000000080006f8                DMA2_Stream0_IRQHandler
                0x00000000080006f8                TIM4_IRQHandler
                0x00000000080006f8                BDMA_Channel2_IRQHandler
                0x00000000080006f8                DMAMUX1_OVR_IRQHandler
                0x00000000080006f8                TIM16_IRQHandler
                0x00000000080006f8                UART4_IRQHandler
                0x00000000080006f8                BDMA_Channel5_IRQHandler
                0x00000000080006f8                TIM3_IRQHandler
                0x00000000080006f8                RCC_IRQHandler
                0x00000000080006f8                TIM8_BRK_TIM12_IRQHandler
                0x00000000080006f8                TIM1_TRG_COM_IRQHandler
                0x00000000080006f8                Default_Handler
                0x00000000080006f8                ECC_IRQHandler
                0x00000000080006f8                CEC_IRQHandler
                0x00000000080006f8                EXTI15_10_IRQHandler
                0x00000000080006f8                BDMA_Channel0_IRQHandler
                0x00000000080006f8                ADC_IRQHandler
                0x00000000080006f8                DMA1_Stream7_IRQHandler
                0x00000000080006f8                HRTIM1_TIMA_IRQHandler
                0x00000000080006f8                SPI5_IRQHandler
                0x00000000080006f8                TIM7_IRQHandler
                0x00000000080006f8                SDMMC1_IRQHandler
                0x00000000080006f8                TIM5_IRQHandler
                0x00000000080006f8                DMA2_Stream7_IRQHandler
                0x00000000080006f8                TIM15_IRQHandler
                0x00000000080006f8                PVD_AVD_IRQHandler
                0x00000000080006f8                EXTI9_5_IRQHandler
                0x00000000080006f8                RTC_WKUP_IRQHandler
                0x00000000080006f8                LTDC_IRQHandler
                0x00000000080006f8                SAI3_IRQHandler
                0x00000000080006f8                ETH_WKUP_IRQHandler
                0x00000000080006f8                SPDIF_RX_IRQHandler
                0x00000000080006f8                SPI2_IRQHandler
                0x00000000080006f8                OTG_HS_EP1_IN_IRQHandler
                0x00000000080006f8                MemManage_Handler
                0x00000000080006f8                SVC_Handler
                0x00000000080006f8                CRS_IRQHandler
                0x00000000080006f8                EXTI4_IRQHandler
                0x00000000080006f8                HRTIM1_TIMB_IRQHandler
                0x00000000080006f8                FDCAN2_IT1_IRQHandler
                0x00000000080006f8                ETH_IRQHandler
                0x00000000080006f8                TIM1_UP_IRQHandler
                0x00000000080006f8                BDMA_Channel4_IRQHandler
                0x00000000080006f8                OTG_HS_EP1_OUT_IRQHandler
                0x00000000080006f8                WWDG_IRQHandler
                0x00000000080006f8                SPI6_IRQHandler
                0x00000000080006f8                I2C4_EV_IRQHandler
                0x00000000080006f8                MDIOS_IRQHandler
                0x00000000080006f8                FDCAN2_IT0_IRQHandler
                0x00000000080006f8                LPUART1_IRQHandler
                0x00000000080006f8                FDCAN1_IT0_IRQHandler
                0x00000000080006f8                TIM2_IRQHandler
                0x00000000080006f8                OTG_FS_WKUP_IRQHandler
                0x00000000080006f8                OTG_HS_IRQHandler
                0x00000000080006f8                DMA2D_IRQHandler
                0x00000000080006f8                TIM1_BRK_IRQHandler
                0x00000000080006f8                EXTI1_IRQHandler
                0x00000000080006f8                SDMMC2_IRQHandler
                0x00000000080006f8                OTG_FS_EP1_OUT_IRQHandler
                0x00000000080006f8                BDMA_Channel3_IRQHandler
                0x00000000080006f8                UART7_IRQHandler
                0x00000000080006f8                MDIOS_WKUP_IRQHandler
                0x00000000080006f8                USART2_IRQHandler
                0x00000000080006f8                DFSDM1_FLT0_IRQHandler
                0x00000000080006f8                SAI4_IRQHandler
                0x00000000080006f8                I2C2_ER_IRQHandler
                0x00000000080006f8                DMA2_Stream1_IRQHandler
                0x00000000080006f8                FLASH_IRQHandler
                0x00000000080006f8                DMA2_Stream4_IRQHandler
                0x00000000080006f8                BusFault_Handler
                0x00000000080006f8                USART1_IRQHandler
                0x00000000080006f8                OTG_FS_IRQHandler
                0x00000000080006f8                SPI3_IRQHandler
                0x00000000080006f8                WAKEUP_PIN_IRQHandler
                0x00000000080006f8                OTG_FS_EP1_IN_IRQHandler
                0x00000000080006f8                I2C1_ER_IRQHandler
                0x00000000080006f8                FMC_IRQHandler
                0x00000000080006f8                FDCAN_CAL_IRQHandler
                0x00000000080006f8                SWPMI1_IRQHandler
                0x00000000080006f8                COMP1_IRQHandler
                0x00000000080006f8                LPTIM1_IRQHandler
                0x00000000080006f8                I2C4_ER_IRQHandler
                0x00000000080006f8                DMA2_Stream6_IRQHandler
                0x00000000080006f8                RTC_Alarm_IRQHandler
 .text.Reset_Handler
                0x00000000080006fc       0x44 build/startup_stm32h750xx.o
                0x00000000080006fc                Reset_Handler
 .text._ZN7daisysp3SvfD2Ev
                0x0000000008000740        0x4 build/Fake08.o
                0x0000000008000740                daisysp::Svf::~Svf()
                0x0000000008000740                daisysp::Svf::~Svf()
 .text._ZN7daisysp5MetroD2Ev
                0x0000000008000744        0x4 build/Fake08.o
                0x0000000008000744                daisysp::Metro::~Metro()
                0x0000000008000744                daisysp::Metro::~Metro()
 .text._ZN7daisysp5PluckD2Ev
                0x0000000008000748        0x4 build/Fake08.o
                0x0000000008000748                daisysp::Pluck::~Pluck()
                0x0000000008000748                daisysp::Pluck::~Pluck()
 .text._ZN5daisy10DaisyFieldD2Ev
                0x000000000800074c        0x4 build/Fake08.o
                0x000000000800074c                daisy::DaisyField::~DaisyField()
                0x000000000800074c                daisy::DaisyField::~DaisyField()
 .text._Z4Kickv
                0x0000000008000750       0x1c build/Fake08.o
                0x0000000008000750                Kick()
 .text._Z5Snarev
                0x000000000800076c       0x10 build/Fake08.o
                0x000000000800076c                Snare()
 .text._Z3Hatv  0x000000000800077c       0x10 build/Fake08.o
                0x000000000800077c                Hat()
 .text._Z5Laserv
                0x000000000800078c       0x18 build/Fake08.o
                0x000000000800078c                Laser()
 .text._Z3Tomv  0x00000000080007a4       0x10 build/Fake08.o
                0x00000000080007a4                Tom()
 .text.__tcf_0  0x00000000080007b4        0x4 build/Fake08.o
 .text.__tcf_2  0x00000000080007b8        0x4 build/Fake08.o
 .text.__tcf_3  0x00000000080007bc        0x4 build/Fake08.o
 .text.__tcf_1  0x00000000080007c0        0x4 build/Fake08.o
 .text._ZN5daisy16LedDriverPca9685ILi2ELb1EE14TxCpltCallbackEPvNS_9I2CHandle6ResultE
                0x00000000080007c4       0x54 build/Fake08.o
                0x00000000080007c4                daisy::LedDriverPca9685<2, true>::TxCpltCallback(void*, daisy::I2CHandle::Result)
 .text._Z10SetupDrumsf
                0x0000000008000818      0x194 build/Fake08.o
                0x0000000008000818                SetupDrums(float)
 .text._Z12UpdateSwitchv
                0x00000000080009ac       0x64 build/Fake08.o
                0x00000000080009ac                UpdateSwitch()
 .text.startup.main
                0x0000000008000a10       0x7c build/Fake08.o
                0x0000000008000a10                main
 .text._Z11ProcessTickv
                0x0000000008000a8c       0x58 build/Fake08.o
                0x0000000008000a8c                ProcessTick()
 *fill*         0x0000000008000ae4        0x4 
 .text._Z11UpdateTempov
                0x0000000008000ae8       0x88 build/Fake08.o
                0x0000000008000ae8                UpdateTempo()
 .text._Z10UpdateLedsv
                0x0000000008000b70      0x140 build/Fake08.o
                0x0000000008000b70                UpdateLeds()
 .text._Z10UpdateVarsv
                0x0000000008000cb0      0x12c build/Fake08.o
                0x0000000008000cb0                UpdateVars()
 *fill*         0x0000000008000ddc        0x4 
 .text._Z13AudioCallbackPfS_j
                0x0000000008000de0      0x14c build/Fake08.o
                0x0000000008000de0                AudioCallback(float*, float*, unsigned int)
 .text.startup._GLOBAL__sub_I_params
                0x0000000008000f2c       0xa8 build/Fake08.o
 .text._ZN5daisy10DaisyField4InitEb
                0x0000000008000fd4      0x388 ../../DaisyExamples/libdaisy/build/libdaisy.a(daisy_field.o)
                0x0000000008000fd4                daisy::DaisyField::Init(bool)
 .text._ZN5daisy10DaisyField10StartAudioEPFvPfS1_jE
                0x000000000800135c        0x4 ../../DaisyExamples/libdaisy/build/libdaisy.a(daisy_field.o)
                0x000000000800135c                daisy::DaisyField::StartAudio(void (*)(float*, float*, unsigned int))
 .text._ZN5daisy10DaisyField15AudioSampleRateEv
                0x0000000008001360        0x4 ../../DaisyExamples/libdaisy/build/libdaisy.a(daisy_field.o)
                0x0000000008001360                daisy::DaisyField::AudioSampleRate()
 .text._ZN5daisy10DaisyField17AudioCallbackRateEv
                0x0000000008001364        0x4 ../../DaisyExamples/libdaisy/build/libdaisy.a(daisy_field.o)
                0x0000000008001364                daisy::DaisyField::AudioCallbackRate()
 .text._ZN5daisy10DaisyField8StartAdcEv
                0x0000000008001368        0x8 ../../DaisyExamples/libdaisy/build/libdaisy.a(daisy_field.o)
                0x0000000008001368                daisy::DaisyField::StartAdc()
 .text._ZN5daisy10DaisyField21ProcessAnalogControlsEv
                0x0000000008001370       0x3c ../../DaisyExamples/libdaisy/build/libdaisy.a(daisy_field.o)
                0x0000000008001370                daisy::DaisyField::ProcessAnalogControls()
 .text._ZN5daisy10DaisyField22ProcessDigitalControlsEv
                0x00000000080013ac      0x188 ../../DaisyExamples/libdaisy/build/libdaisy.a(daisy_field.o)
                0x00000000080013ac                daisy::DaisyField::ProcessDigitalControls()
 .text._ZNK5daisy10DaisyField18KeyboardRisingEdgeEj
                0x0000000008001534       0x14 ../../DaisyExamples/libdaisy/build/libdaisy.a(daisy_field.o)
                0x0000000008001534                daisy::DaisyField::KeyboardRisingEdge(unsigned int) const
 .text.startup._GLOBAL__sub_I__ZN5daisy10DaisyField4InitEb
                0x0000000008001548       0x18 ../../DaisyExamples/libdaisy/build/libdaisy.a(daisy_field.o)
 .text._ZN5daisy9DaisySeed9ConfigureEv
                0x0000000008001560       0x58 ../../DaisyExamples/libdaisy/build/libdaisy.a(daisy_seed.o)
                0x0000000008001560                daisy::DaisySeed::Configure()
 .text._ZN5daisy9DaisySeed6GetPinEh
                0x00000000080015b8       0x2c ../../DaisyExamples/libdaisy/build/libdaisy.a(daisy_seed.o)
                0x00000000080015b8                daisy::DaisySeed::GetPin(unsigned char)
 .text._ZN5daisy9DaisySeed10StartAudioEPFvPfS1_jE
                0x00000000080015e4        0x8 ../../DaisyExamples/libdaisy/build/libdaisy.a(daisy_seed.o)
                0x00000000080015e4                daisy::DaisySeed::StartAudio(void (*)(float*, float*, unsigned int))
 .text._ZN5daisy9DaisySeed15AudioSampleRateEv
                0x00000000080015ec        0x8 ../../DaisyExamples/libdaisy/build/libdaisy.a(daisy_seed.o)
                0x00000000080015ec                daisy::DaisySeed::AudioSampleRate()
 .text._ZN5daisy9DaisySeed17SetAudioBlockSizeEj
                0x00000000080015f4       0x38 ../../DaisyExamples/libdaisy/build/libdaisy.a(daisy_seed.o)
                0x00000000080015f4                daisy::DaisySeed::SetAudioBlockSize(unsigned int)
 .text._ZNK5daisy9DaisySeed17AudioCallbackRateEv
                0x000000000800162c        0x8 ../../DaisyExamples/libdaisy/build/libdaisy.a(daisy_seed.o)
                0x000000000800162c                daisy::DaisySeed::AudioCallbackRate() const
 *fill*         0x0000000008001634        0x4 
 .text._ZN5daisy9DaisySeed14ConfigureAudioEv
                0x0000000008001638       0x78 ../../DaisyExamples/libdaisy/build/libdaisy.a(daisy_seed.o)
                0x0000000008001638                daisy::DaisySeed::ConfigureAudio()
 .text._ZN5daisy9DaisySeed4InitEb
                0x00000000080016b0       0x7c ../../DaisyExamples/libdaisy/build/libdaisy.a(daisy_seed.o)
                0x00000000080016b0                daisy::DaisySeed::Init(bool)
 .text._ZN5daisy6Ak45564InitE12dsy_gpio_pin
                0x000000000800172c       0x44 ../../DaisyExamples/libdaisy/build/libdaisy.a(codec_ak4556.o)
                0x000000000800172c                daisy::Ak4556::Init(dsy_gpio_pin)
 .text.dsy_sdram_init
                0x0000000008001770      0x108 ../../DaisyExamples/libdaisy/build/libdaisy.a(sdram.o)
                0x0000000008001770                dsy_sdram_init
 .text.HAL_SDRAM_MspInit
                0x0000000008001878      0x1d0 ../../DaisyExamples/libdaisy/build/libdaisy.a(sdram.o)
                0x0000000008001878                HAL_SDRAM_MspInit
 .text._ZN5daisy11AudioHandle4Impl16InternalCallbackEPlS2_j
                0x0000000008001a48      0xbbc ../../DaisyExamples/libdaisy/build/libdaisy.a(audio.o)
                0x0000000008001a48                daisy::AudioHandle::Impl::InternalCallback(long*, long*, unsigned int)
 .text._ZN5daisy11AudioHandle4InitERKNS0_6ConfigENS_9SaiHandleE
                0x0000000008002604       0x64 ../../DaisyExamples/libdaisy/build/libdaisy.a(audio.o)
                0x0000000008002604                daisy::AudioHandle::Init(daisy::AudioHandle::Config const&, daisy::SaiHandle)
 .text._ZNK5daisy11AudioHandle9GetConfigEv
                0x0000000008002668        0x8 ../../DaisyExamples/libdaisy/build/libdaisy.a(audio.o)
                0x0000000008002668                daisy::AudioHandle::GetConfig() const
 .text._ZN5daisy11AudioHandle12SetBlockSizeEj
                0x0000000008002670       0x1c ../../DaisyExamples/libdaisy/build/libdaisy.a(audio.o)
                0x0000000008002670                daisy::AudioHandle::SetBlockSize(unsigned int)
 .text._ZN5daisy11AudioHandle13GetSampleRateEv
                0x000000000800268c        0x8 ../../DaisyExamples/libdaisy/build/libdaisy.a(audio.o)
                0x000000000800268c                daisy::AudioHandle::GetSampleRate()
 .text._ZN5daisy11AudioHandle5StartEPFvPfS1_jE
                0x0000000008002694       0x2c ../../DaisyExamples/libdaisy/build/libdaisy.a(audio.o)
                0x0000000008002694                daisy::AudioHandle::Start(void (*)(float*, float*, unsigned int))
 .text.startup._GLOBAL__sub_I__ZN5daisy11AudioHandle4Impl4InitENS0_6ConfigENS_9SaiHandleE
                0x00000000080026c0       0x10 ../../DaisyExamples/libdaisy/build/libdaisy.a(audio.o)
 .text._ZN5daisy13AnalogControl4InitEPtfbbf
                0x00000000080026d0       0x30 ../../DaisyExamples/libdaisy/build/libdaisy.a(ctrl.o)
                0x00000000080026d0                daisy::AnalogControl::Init(unsigned short*, float, bool, bool, float)
 .text._ZN5daisy13AnalogControl13InitBipolarCvEPtf
                0x0000000008002700       0x40 ../../DaisyExamples/libdaisy/build/libdaisy.a(ctrl.o)
                0x0000000008002700                daisy::AnalogControl::InitBipolarCv(unsigned short*, float)
 .text._ZN5daisy13AnalogControl7ProcessEv
                0x0000000008002740       0x48 ../../DaisyExamples/libdaisy/build/libdaisy.a(ctrl.o)
                0x0000000008002740                daisy::AnalogControl::Process()
 .text._ZN5daisy6GateIn4InitEP12dsy_gpio_pin
                0x0000000008002788       0x10 ../../DaisyExamples/libdaisy/build/libdaisy.a(gatein.o)
                0x0000000008002788                daisy::GateIn::Init(dsy_gpio_pin*)
 .text._ZN5daisy6GateIn4TrigEv
                0x0000000008002798       0x28 ../../DaisyExamples/libdaisy/build/libdaisy.a(gatein.o)
                0x0000000008002798                daisy::GateIn::Trig()
 .text._ZN5daisy9SpiHandleD2Ev
                0x00000000080027c0        0x4 ../../DaisyExamples/libdaisy/build/libdaisy.a(oled_display.o)
                0x00000000080027c0                daisy::SpiHandle::~SpiHandle()
                0x00000000080027c0                daisy::SpiHandle::~SpiHandle()
 .text._ZN5daisy11OledDisplay6UpdateEv
                0x00000000080027c4       0x8c ../../DaisyExamples/libdaisy/build/libdaisy.a(oled_display.o)
                0x00000000080027c4                daisy::OledDisplay::Update()
 .text._ZN5daisy11OledDisplay4InitEP12dsy_gpio_pin
                0x0000000008002850      0x324 ../../DaisyExamples/libdaisy/build/libdaisy.a(oled_display.o)
                0x0000000008002850                daisy::OledDisplay::Init(dsy_gpio_pin*)
 .text.startup._GLOBAL__sub_I__ZN5daisy11OledDisplay4InitEP12dsy_gpio_pin
                0x0000000008002b74       0x18 ../../DaisyExamples/libdaisy/build/libdaisy.a(oled_display.o)
 .text._ZN5daisy6Switch4InitE12dsy_gpio_pinf
                0x0000000008002b8c       0x3c ../../DaisyExamples/libdaisy/build/libdaisy.a(switch.o)
                0x0000000008002b8c                daisy::Switch::Init(dsy_gpio_pin, float)
 .text._ZN5daisy6Switch8DebounceEv
                0x0000000008002bc8       0x4c ../../DaisyExamples/libdaisy/build/libdaisy.a(switch.o)
                0x0000000008002bc8                daisy::Switch::Debounce()
 .text._ZN5daisy16AdcChannelConfig10InitSingleE12dsy_gpio_pin
                0x0000000008002c14       0x1c ../../DaisyExamples/libdaisy/build/libdaisy.a(adc.o)
                0x0000000008002c14                daisy::AdcChannelConfig::InitSingle(dsy_gpio_pin)
 .text._ZN5daisy16AdcChannelConfig7InitMuxE12dsy_gpio_pinjS1_S1_S1_
                0x0000000008002c30       0x5c ../../DaisyExamples/libdaisy/build/libdaisy.a(adc.o)
                0x0000000008002c30                daisy::AdcChannelConfig::InitMux(dsy_gpio_pin, unsigned int, dsy_gpio_pin, dsy_gpio_pin, dsy_gpio_pin)
 .text._ZN5daisy9AdcHandle4InitEPNS_16AdcChannelConfigEjNS0_12OverSamplingE
                0x0000000008002c8c      0x6e8 ../../DaisyExamples/libdaisy/build/libdaisy.a(adc.o)
                0x0000000008002c8c                daisy::AdcHandle::Init(daisy::AdcChannelConfig*, unsigned int, daisy::AdcHandle::OverSampling)
 .text._ZN5daisy9AdcHandle5StartEv
                0x0000000008003374       0x2c ../../DaisyExamples/libdaisy/build/libdaisy.a(adc.o)
                0x0000000008003374                daisy::AdcHandle::Start()
 .text._ZNK5daisy9AdcHandle6GetPtrEh
                0x00000000080033a0       0x14 ../../DaisyExamples/libdaisy/build/libdaisy.a(adc.o)
                0x00000000080033a0                daisy::AdcHandle::GetPtr(unsigned char) const
 .text._ZNK5daisy9AdcHandle9GetMuxPtrEhh
                0x00000000080033b4       0x18 ../../DaisyExamples/libdaisy/build/libdaisy.a(adc.o)
                0x00000000080033b4                daisy::AdcHandle::GetMuxPtr(unsigned char, unsigned char) const
 .text.HAL_ADC_MspInit
                0x00000000080033cc       0x98 ../../DaisyExamples/libdaisy/build/libdaisy.a(adc.o)
                0x00000000080033cc                HAL_ADC_MspInit
 .text.DMA1_Stream2_IRQHandler
                0x0000000008003464        0xc ../../DaisyExamples/libdaisy/build/libdaisy.a(adc.o)
                0x0000000008003464                DMA1_Stream2_IRQHandler
 .text.HAL_ADC_ConvCpltCallback
                0x0000000008003470      0x14c ../../DaisyExamples/libdaisy/build/libdaisy.a(adc.o)
                0x0000000008003470                HAL_ADC_ConvCpltCallback
 .text.HAL_ADC_ErrorCallback
                0x00000000080035bc        0x4 ../../DaisyExamples/libdaisy/build/libdaisy.a(adc.o)
                0x00000000080035bc                HAL_ADC_ErrorCallback
 .text.dsy_dac_init
                0x00000000080035c0       0x6c ../../DaisyExamples/libdaisy/build/libdaisy.a(dac.o)
                0x00000000080035c0                dsy_dac_init
 .text.HAL_DAC_MspInit
                0x000000000800362c       0xb0 ../../DaisyExamples/libdaisy/build/libdaisy.a(dac.o)
                0x000000000800362c                HAL_DAC_MspInit
 .text.dsy_gpio_init
                0x00000000080036dc      0x1b8 ../../DaisyExamples/libdaisy/build/libdaisy.a(gpio.o)
                0x00000000080036dc                dsy_gpio_init
 .text.dsy_gpio_read
                0x0000000008003894       0x1c ../../DaisyExamples/libdaisy/build/libdaisy.a(gpio.o)
                0x0000000008003894                dsy_gpio_read
 .text.dsy_gpio_write
                0x00000000080038b0       0x24 ../../DaisyExamples/libdaisy/build/libdaisy.a(gpio.o)
                0x00000000080038b0                dsy_gpio_write
 .text._ZN5daisy9I2CHandle4Impl16StartDmaTransferEtPhtPFvPvNS0_6ResultEES3_
                0x00000000080038d4       0xbc ../../DaisyExamples/libdaisy/build/libdaisy.a(i2c.o)
                0x00000000080038d4                daisy::I2CHandle::Impl::StartDmaTransfer(unsigned short, unsigned char*, unsigned short, void (*)(void*, daisy::I2CHandle::Result), void*)
 .text._ZN5daisy9I2CHandle4Impl8InitPinsEv
                0x0000000008003990       0x58 ../../DaisyExamples/libdaisy/build/libdaisy.a(i2c.o)
                0x0000000008003990                daisy::I2CHandle::Impl::InitPins()
 .text.HAL_I2C_MspInit
                0x00000000080039e8      0x1b4 ../../DaisyExamples/libdaisy/build/libdaisy.a(i2c.o)
                0x00000000080039e8                HAL_I2C_MspInit
 .text.dsy_i2c_global_init
                0x0000000008003b9c       0x38 ../../DaisyExamples/libdaisy/build/libdaisy.a(i2c.o)
                0x0000000008003b9c                dsy_i2c_global_init
 .text.DMA1_Stream6_IRQHandler
                0x0000000008003bd4       0x24 ../../DaisyExamples/libdaisy/build/libdaisy.a(i2c.o)
                0x0000000008003bd4                DMA1_Stream6_IRQHandler
 .text.I2C1_EV_IRQHandler
                0x0000000008003bf8        0xc ../../DaisyExamples/libdaisy/build/libdaisy.a(i2c.o)
                0x0000000008003bf8                I2C1_EV_IRQHandler
 .text.I2C2_EV_IRQHandler
                0x0000000008003c04        0xc ../../DaisyExamples/libdaisy/build/libdaisy.a(i2c.o)
                0x0000000008003c04                I2C2_EV_IRQHandler
 .text.I2C3_EV_IRQHandler
                0x0000000008003c10        0xc ../../DaisyExamples/libdaisy/build/libdaisy.a(i2c.o)
                0x0000000008003c10                I2C3_EV_IRQHandler
 .text.HAL_I2C_MasterTxCpltCallback
                0x0000000008003c1c       0x70 ../../DaisyExamples/libdaisy/build/libdaisy.a(i2c.o)
                0x0000000008003c1c                HAL_I2C_MasterTxCpltCallback
 .text.HAL_I2C_ErrorCallback
                0x0000000008003c8c       0x74 ../../DaisyExamples/libdaisy/build/libdaisy.a(i2c.o)
                0x0000000008003c8c                HAL_I2C_ErrorCallback
 .text._ZN5daisy9I2CHandle4InitERKNS0_6ConfigE
                0x0000000008003d00       0xf4 ../../DaisyExamples/libdaisy/build/libdaisy.a(i2c.o)
                0x0000000008003d00                daisy::I2CHandle::Init(daisy::I2CHandle::Config const&)
 .text._ZNK5daisy9I2CHandle9GetConfigEv
                0x0000000008003df4        0x4 ../../DaisyExamples/libdaisy/build/libdaisy.a(i2c.o)
                0x0000000008003df4                daisy::I2CHandle::GetConfig() const
 .text._ZN5daisy9I2CHandle16TransmitBlockingEtPhtm
                0x0000000008003df8       0x34 ../../DaisyExamples/libdaisy/build/libdaisy.a(i2c.o)
                0x0000000008003df8                daisy::I2CHandle::TransmitBlocking(unsigned short, unsigned char*, unsigned short, unsigned long)
 .text._ZN5daisy9I2CHandle11TransmitDmaEtPhtPFvPvNS0_6ResultEES2_
                0x0000000008003e2c       0x78 ../../DaisyExamples/libdaisy/build/libdaisy.a(i2c.o)
                0x0000000008003e2c                daisy::I2CHandle::TransmitDma(unsigned short, unsigned char*, unsigned short, void (*)(void*, daisy::I2CHandle::Result), void*)
 *fill*         0x0000000008003ea4        0x4 
 .text.dsy_qspi_init
                0x0000000008003ea8      0x388 ../../DaisyExamples/libdaisy/build/libdaisy.a(qspi.o)
                0x0000000008003ea8                dsy_qspi_init
 .text.HAL_QSPI_MspInit
                0x0000000008004230      0x10c ../../DaisyExamples/libdaisy/build/libdaisy.a(qspi.o)
                0x0000000008004230                HAL_QSPI_MspInit
 .text.HAL_QSPI_MspDeInit
                0x000000000800433c       0x58 ../../DaisyExamples/libdaisy/build/libdaisy.a(qspi.o)
                0x000000000800433c                HAL_QSPI_MspDeInit
 .text.QUADSPI_IRQHandler
                0x0000000008004394        0xc ../../DaisyExamples/libdaisy/build/libdaisy.a(qspi.o)
                0x0000000008004394                QUADSPI_IRQHandler
 .text._ZN5daisy9SaiHandle4Impl7InitDmaENS1_15PeripheralBlockE
                0x00000000080043a0       0xa0 ../../DaisyExamples/libdaisy/build/libdaisy.a(sai.o)
                0x00000000080043a0                daisy::SaiHandle::Impl::InitDma(daisy::SaiHandle::Impl::PeripheralBlock)
 .text._ZN5daisy9SaiHandle4Impl8InitPinsEv
                0x0000000008004440       0xa8 ../../DaisyExamples/libdaisy/build/libdaisy.a(sai.o)
                0x0000000008004440                daisy::SaiHandle::Impl::InitPins()
 .text.HAL_SAI_MspInit
                0x00000000080044e8      0x134 ../../DaisyExamples/libdaisy/build/libdaisy.a(sai.o)
                0x00000000080044e8                HAL_SAI_MspInit
 .text.DMA1_Stream0_IRQHandler
                0x000000000800461c        0xc ../../DaisyExamples/libdaisy/build/libdaisy.a(sai.o)
                0x000000000800461c                DMA1_Stream0_IRQHandler
 .text.DMA1_Stream1_IRQHandler
                0x0000000008004628        0xc ../../DaisyExamples/libdaisy/build/libdaisy.a(sai.o)
                0x0000000008004628                DMA1_Stream1_IRQHandler
 .text.DMA1_Stream3_IRQHandler
                0x0000000008004634        0xc ../../DaisyExamples/libdaisy/build/libdaisy.a(sai.o)
                0x0000000008004634                DMA1_Stream3_IRQHandler
 .text.DMA1_Stream4_IRQHandler
                0x0000000008004640        0xc ../../DaisyExamples/libdaisy/build/libdaisy.a(sai.o)
                0x0000000008004640                DMA1_Stream4_IRQHandler
 .text.HAL_SAI_RxHalfCpltCallback
                0x000000000800464c       0x78 ../../DaisyExamples/libdaisy/build/libdaisy.a(sai.o)
                0x000000000800464c                HAL_SAI_RxHalfCpltCallback
 .text.HAL_SAI_RxCpltCallback
                0x00000000080046c4       0x70 ../../DaisyExamples/libdaisy/build/libdaisy.a(sai.o)
                0x00000000080046c4                HAL_SAI_RxCpltCallback
 *fill*         0x0000000008004734        0x4 
 .text._ZN5daisy9SaiHandle4InitERKNS0_6ConfigE
                0x0000000008004738      0x1f0 ../../DaisyExamples/libdaisy/build/libdaisy.a(sai.o)
                0x0000000008004738                daisy::SaiHandle::Init(daisy::SaiHandle::Config const&)
 .text._ZNK5daisy9SaiHandle9GetConfigEv
                0x0000000008004928        0x4 ../../DaisyExamples/libdaisy/build/libdaisy.a(sai.o)
                0x0000000008004928                daisy::SaiHandle::GetConfig() const
 .text._ZN5daisy9SaiHandle8StartDmaEPlS1_jPFvS1_S1_jE
                0x000000000800492c       0x68 ../../DaisyExamples/libdaisy/build/libdaisy.a(sai.o)
                0x000000000800492c                daisy::SaiHandle::StartDma(long*, long*, unsigned int, void (*)(long*, long*, unsigned int))
 .text._ZN5daisy9SaiHandle13GetSampleRateEv
                0x0000000008004994       0x24 ../../DaisyExamples/libdaisy/build/libdaisy.a(sai.o)
                0x0000000008004994                daisy::SaiHandle::GetSampleRate()
 .text._ZNK5daisy9SaiHandle9GetOffsetEv
                0x00000000080049b8        0x8 ../../DaisyExamples/libdaisy/build/libdaisy.a(sai.o)
                0x00000000080049b8                daisy::SaiHandle::GetOffset() const
 .text._ZN5daisy9SpiHandle4InitEv
                0x00000000080049c0       0x58 ../../DaisyExamples/libdaisy/build/libdaisy.a(spi.o)
                0x00000000080049c0                daisy::SpiHandle::Init()
 .text._ZN5daisy9SpiHandle16BlockingTransmitEPhj
                0x0000000008004a18       0x10 ../../DaisyExamples/libdaisy/build/libdaisy.a(spi.o)
                0x0000000008004a18                daisy::SpiHandle::BlockingTransmit(unsigned char*, unsigned int)
 .text.HAL_SPI_MspInit
                0x0000000008004a28       0xd4 ../../DaisyExamples/libdaisy/build/libdaisy.a(spi.o)
                0x0000000008004a28                HAL_SPI_MspInit
 .text._ZN5daisy11TimerHandleD2Ev
                0x0000000008004afc        0x4 ../../DaisyExamples/libdaisy/build/libdaisy.a(system.o)
                0x0000000008004afc                daisy::TimerHandle::~TimerHandle()
                0x0000000008004afc                daisy::TimerHandle::~TimerHandle()
 .text.SysTick_Handler
                0x0000000008004b00       0x10 ../../DaisyExamples/libdaisy/build/libdaisy.a(system.o)
                0x0000000008004b00                SysTick_Handler
 .text.HardFault_Handler
                0x0000000008004b10        0x4 ../../DaisyExamples/libdaisy/build/libdaisy.a(system.o)
                0x0000000008004b10                HardFault_Handler
 .text._ZN5daisy6System5DelayEm
                0x0000000008004b14        0x4 ../../DaisyExamples/libdaisy/build/libdaisy.a(system.o)
                0x0000000008004b14                daisy::System::Delay(unsigned long)
 .text._ZN5daisy6System10DelayTicksEm
                0x0000000008004b18        0xc ../../DaisyExamples/libdaisy/build/libdaisy.a(system.o)
                0x0000000008004b18                daisy::System::DelayTicks(unsigned long)
 .text._ZN5daisy6System15ConfigureClocksEv
                0x0000000008004b24      0x18c ../../DaisyExamples/libdaisy/build/libdaisy.a(system.o)
                0x0000000008004b24                daisy::System::ConfigureClocks()
 .text._ZN5daisy6System4InitERKNS0_6ConfigE
                0x0000000008004cb0      0x11c ../../DaisyExamples/libdaisy/build/libdaisy.a(system.o)
                0x0000000008004cb0                daisy::System::Init(daisy::System::Config const&)
 .text._ZN5daisy6System12GetPClk1FreqEv
                0x0000000008004dcc        0x4 ../../DaisyExamples/libdaisy/build/libdaisy.a(system.o)
                0x0000000008004dcc                daisy::System::GetPClk1Freq()
 .text.startup._GLOBAL__sub_I_SysTick_Handler
                0x0000000008004dd0       0x1c ../../DaisyExamples/libdaisy/build/libdaisy.a(system.o)
 .text.SystemInit
                0x0000000008004dec       0x84 ../../DaisyExamples/libdaisy/build/libdaisy.a(system_stm32h7xx.o)
                0x0000000008004dec                SystemInit
 .text.dsy_hal_map_get_port
                0x0000000008004e70       0x10 ../../DaisyExamples/libdaisy/build/libdaisy.a(hal_map.o)
                0x0000000008004e70                dsy_hal_map_get_port
 .text.dsy_hal_map_get_pin
                0x0000000008004e80       0x10 ../../DaisyExamples/libdaisy/build/libdaisy.a(hal_map.o)
                0x0000000008004e80                dsy_hal_map_get_pin
 .text.HAL_MspInit
                0x0000000008004e90        0x4 ../../DaisyExamples/libdaisy/build/libdaisy.a(stm32h7xx_hal.o)
                0x0000000008004e90                HAL_MspInit
 .text.HAL_InitTick
                0x0000000008004e94       0x4c ../../DaisyExamples/libdaisy/build/libdaisy.a(stm32h7xx_hal.o)
                0x0000000008004e94                HAL_InitTick
 .text.HAL_Init
                0x0000000008004ee0       0x60 ../../DaisyExamples/libdaisy/build/libdaisy.a(stm32h7xx_hal.o)
                0x0000000008004ee0                HAL_Init
 .text.HAL_IncTick
                0x0000000008004f40       0x18 ../../DaisyExamples/libdaisy/build/libdaisy.a(stm32h7xx_hal.o)
                0x0000000008004f40                HAL_IncTick
 .text.HAL_GetTick
                0x0000000008004f58        0xc ../../DaisyExamples/libdaisy/build/libdaisy.a(stm32h7xx_hal.o)
                0x0000000008004f58                HAL_GetTick
 .text.HAL_Delay
                0x0000000008004f64       0x24 ../../DaisyExamples/libdaisy/build/libdaisy.a(stm32h7xx_hal.o)
                0x0000000008004f64                HAL_Delay
 .text.HAL_GetREVID
                0x0000000008004f88        0xc ../../DaisyExamples/libdaisy/build/libdaisy.a(stm32h7xx_hal.o)
                0x0000000008004f88                HAL_GetREVID
 .text.HAL_ADC_ConvHalfCpltCallback
                0x0000000008004f94        0x4 ../../DaisyExamples/libdaisy/build/libdaisy.a(stm32h7xx_hal_adc.o)
                0x0000000008004f94                HAL_ADC_ConvHalfCpltCallback
 .text.ADC_DMAHalfConvCplt
                0x0000000008004f98        0xc ../../DaisyExamples/libdaisy/build/libdaisy.a(stm32h7xx_hal_adc.o)
                0x0000000008004f98                ADC_DMAHalfConvCplt
 .text.ADC_DMAConvCplt
                0x0000000008004fa4       0x6c ../../DaisyExamples/libdaisy/build/libdaisy.a(stm32h7xx_hal_adc.o)
                0x0000000008004fa4                ADC_DMAConvCplt
 .text.ADC_DMAError
                0x0000000008005010       0x1c ../../DaisyExamples/libdaisy/build/libdaisy.a(stm32h7xx_hal_adc.o)
                0x0000000008005010                ADC_DMAError
 .text.HAL_ADC_ConfigChannel
                0x000000000800502c      0x3fc ../../DaisyExamples/libdaisy/build/libdaisy.a(stm32h7xx_hal_adc.o)
                0x000000000800502c                HAL_ADC_ConfigChannel
 .text.ADC_Enable
                0x0000000008005428       0xac ../../DaisyExamples/libdaisy/build/libdaisy.a(stm32h7xx_hal_adc.o)
                0x0000000008005428                ADC_Enable
 .text.HAL_ADC_Start_DMA
                0x00000000080054d4      0x114 ../../DaisyExamples/libdaisy/build/libdaisy.a(stm32h7xx_hal_adc.o)
                0x00000000080054d4                HAL_ADC_Start_DMA
 .text.ADC_Disable
                0x00000000080055e8       0x68 ../../DaisyExamples/libdaisy/build/libdaisy.a(stm32h7xx_hal_adc.o)
                0x00000000080055e8                ADC_Disable
 .text.ADC_ConfigureBoostMode
                0x0000000008005650      0x184 ../../DaisyExamples/libdaisy/build/libdaisy.a(stm32h7xx_hal_adc.o)
                0x0000000008005650                ADC_ConfigureBoostMode
 .text.HAL_ADC_Init
                0x00000000080057d4      0x218 ../../DaisyExamples/libdaisy/build/libdaisy.a(stm32h7xx_hal_adc.o)
                0x00000000080057d4                HAL_ADC_Init
 .text.HAL_ADCEx_Calibration_Start
                0x00000000080059ec       0xa4 ../../DaisyExamples/libdaisy/build/libdaisy.a(stm32h7xx_hal_adc_ex.o)
                0x00000000080059ec                HAL_ADCEx_Calibration_Start
 .text.HAL_ADCEx_MultiModeConfigChannel
                0x0000000008005a90       0xc4 ../../DaisyExamples/libdaisy/build/libdaisy.a(stm32h7xx_hal_adc_ex.o)
                0x0000000008005a90                HAL_ADCEx_MultiModeConfigChannel
 .text.HAL_NVIC_SetPriorityGrouping
                0x0000000008005b54       0x24 ../../DaisyExamples/libdaisy/build/libdaisy.a(stm32h7xx_hal_cortex.o)
                0x0000000008005b54                HAL_NVIC_SetPriorityGrouping
 .text.HAL_NVIC_SetPriority
                0x0000000008005b78       0x7c ../../DaisyExamples/libdaisy/build/libdaisy.a(stm32h7xx_hal_cortex.o)
                0x0000000008005b78                HAL_NVIC_SetPriority
 .text.HAL_NVIC_EnableIRQ
                0x0000000008005bf4       0x1c ../../DaisyExamples/libdaisy/build/libdaisy.a(stm32h7xx_hal_cortex.o)
                0x0000000008005bf4                HAL_NVIC_EnableIRQ
 .text.HAL_NVIC_DisableIRQ
                0x0000000008005c10       0x28 ../../DaisyExamples/libdaisy/build/libdaisy.a(stm32h7xx_hal_cortex.o)
                0x0000000008005c10                HAL_NVIC_DisableIRQ
 .text.HAL_SYSTICK_Config
                0x0000000008005c38       0x2c ../../DaisyExamples/libdaisy/build/libdaisy.a(stm32h7xx_hal_cortex.o)
                0x0000000008005c38                HAL_SYSTICK_Config
 .text.HAL_MPU_Disable
                0x0000000008005c64       0x1c ../../DaisyExamples/libdaisy/build/libdaisy.a(stm32h7xx_hal_cortex.o)
                0x0000000008005c64                HAL_MPU_Disable
 .text.HAL_MPU_Enable
                0x0000000008005c80       0x20 ../../DaisyExamples/libdaisy/build/libdaisy.a(stm32h7xx_hal_cortex.o)
                0x0000000008005c80                HAL_MPU_Enable
 .text.HAL_MPU_ConfigRegion
                0x0000000008005ca0       0x64 ../../DaisyExamples/libdaisy/build/libdaisy.a(stm32h7xx_hal_cortex.o)
                0x0000000008005ca0                HAL_MPU_ConfigRegion
 .text.HAL_SYSTICK_Callback
                0x0000000008005d04        0x4 ../../DaisyExamples/libdaisy/build/libdaisy.a(stm32h7xx_hal_cortex.o)
                0x0000000008005d04                HAL_SYSTICK_Callback
 .text.HAL_SYSTICK_IRQHandler
                0x0000000008005d08        0x8 ../../DaisyExamples/libdaisy/build/libdaisy.a(stm32h7xx_hal_cortex.o)
                0x0000000008005d08                HAL_SYSTICK_IRQHandler
 .text.HAL_DAC_Init
                0x0000000008005d10       0x2c ../../DaisyExamples/libdaisy/build/libdaisy.a(stm32h7xx_hal_dac.o)
                0x0000000008005d10                HAL_DAC_Init
 .text.HAL_DAC_ConfigChannel
                0x0000000008005d3c      0x130 ../../DaisyExamples/libdaisy/build/libdaisy.a(stm32h7xx_hal_dac.o)
                0x0000000008005d3c                HAL_DAC_ConfigChannel
 .text.DMA_CalcBaseAndBitshift
                0x0000000008005e6c       0xf4 ../../DaisyExamples/libdaisy/build/libdaisy.a(stm32h7xx_hal_dma.o)
 .text.DMA_CalcDMAMUXChannelBaseAndMask
                0x0000000008005f60       0xd8 ../../DaisyExamples/libdaisy/build/libdaisy.a(stm32h7xx_hal_dma.o)
 .text.HAL_DMA_Init
                0x0000000008006038      0x37c ../../DaisyExamples/libdaisy/build/libdaisy.a(stm32h7xx_hal_dma.o)
                0x0000000008006038                HAL_DMA_Init
 .text.HAL_DMA_Start_IT
                0x00000000080063b4      0x240 ../../DaisyExamples/libdaisy/build/libdaisy.a(stm32h7xx_hal_dma.o)
                0x00000000080063b4                HAL_DMA_Start_IT
 .text.HAL_DMA_Abort_IT
                0x00000000080065f4      0x134 ../../DaisyExamples/libdaisy/build/libdaisy.a(stm32h7xx_hal_dma.o)
                0x00000000080065f4                HAL_DMA_Abort_IT
 .text.HAL_DMA_IRQHandler
                0x0000000008006728      0x6a0 ../../DaisyExamples/libdaisy/build/libdaisy.a(stm32h7xx_hal_dma.o)
                0x0000000008006728                HAL_DMA_IRQHandler
 .text.HAL_DMA_GetError
                0x0000000008006dc8        0x4 ../../DaisyExamples/libdaisy/build/libdaisy.a(stm32h7xx_hal_dma.o)
                0x0000000008006dc8                HAL_DMA_GetError
 .text.HAL_GPIO_Init
                0x0000000008006dcc      0x280 ../../DaisyExamples/libdaisy/build/libdaisy.a(stm32h7xx_hal_gpio.o)
                0x0000000008006dcc                HAL_GPIO_Init
 .text.HAL_GPIO_DeInit
                0x000000000800704c      0x190 ../../DaisyExamples/libdaisy/build/libdaisy.a(stm32h7xx_hal_gpio.o)
                0x000000000800704c                HAL_GPIO_DeInit
 .text.HAL_GPIO_ReadPin
                0x00000000080071dc        0xc ../../DaisyExamples/libdaisy/build/libdaisy.a(stm32h7xx_hal_gpio.o)
                0x00000000080071dc                HAL_GPIO_ReadPin
 .text.HAL_GPIO_WritePin
                0x00000000080071e8        0x8 ../../DaisyExamples/libdaisy/build/libdaisy.a(stm32h7xx_hal_gpio.o)
                0x00000000080071e8                HAL_GPIO_WritePin
 .text.I2C_WaitOnTXISFlagUntilTimeout
                0x00000000080071f0       0xb8 ../../DaisyExamples/libdaisy/build/libdaisy.a(stm32h7xx_hal_i2c.o)
 .text.I2C_WaitOnSTOPFlagUntilTimeout
                0x00000000080072a8       0xac ../../DaisyExamples/libdaisy/build/libdaisy.a(stm32h7xx_hal_i2c.o)
 .text.HAL_I2C_Init
                0x0000000008007354       0xac ../../DaisyExamples/libdaisy/build/libdaisy.a(stm32h7xx_hal_i2c.o)
                0x0000000008007354                HAL_I2C_Init
 .text.HAL_I2C_Master_Transmit
                0x0000000008007400      0x1a8 ../../DaisyExamples/libdaisy/build/libdaisy.a(stm32h7xx_hal_i2c.o)
                0x0000000008007400                HAL_I2C_Master_Transmit
 .text.HAL_I2C_Master_Transmit_DMA
                0x00000000080075a8      0x174 ../../DaisyExamples/libdaisy/build/libdaisy.a(stm32h7xx_hal_i2c.o)
                0x00000000080075a8                HAL_I2C_Master_Transmit_DMA
 .text.HAL_I2C_EV_IRQHandler
                0x000000000800771c       0x10 ../../DaisyExamples/libdaisy/build/libdaisy.a(stm32h7xx_hal_i2c.o)
                0x000000000800771c                HAL_I2C_EV_IRQHandler
 .text.HAL_I2C_MasterRxCpltCallback
                0x000000000800772c        0x4 ../../DaisyExamples/libdaisy/build/libdaisy.a(stm32h7xx_hal_i2c.o)
                0x000000000800772c                HAL_I2C_MasterRxCpltCallback
 .text.HAL_I2C_SlaveTxCpltCallback
                0x0000000008007730        0x4 ../../DaisyExamples/libdaisy/build/libdaisy.a(stm32h7xx_hal_i2c.o)
                0x0000000008007730                HAL_I2C_SlaveTxCpltCallback
 .text.HAL_I2C_SlaveRxCpltCallback
                0x0000000008007734        0x4 ../../DaisyExamples/libdaisy/build/libdaisy.a(stm32h7xx_hal_i2c.o)
                0x0000000008007734                HAL_I2C_SlaveRxCpltCallback
 .text.HAL_I2C_AddrCallback
                0x0000000008007738        0x4 ../../DaisyExamples/libdaisy/build/libdaisy.a(stm32h7xx_hal_i2c.o)
                0x0000000008007738                HAL_I2C_AddrCallback
 .text.I2C_ITAddrCplt.part.0
                0x000000000800773c       0x64 ../../DaisyExamples/libdaisy/build/libdaisy.a(stm32h7xx_hal_i2c.o)
 .text.HAL_I2C_ListenCpltCallback
                0x00000000080077a0        0x4 ../../DaisyExamples/libdaisy/build/libdaisy.a(stm32h7xx_hal_i2c.o)
                0x00000000080077a0                HAL_I2C_ListenCpltCallback
 .text.HAL_I2C_MemTxCpltCallback
                0x00000000080077a4        0x4 ../../DaisyExamples/libdaisy/build/libdaisy.a(stm32h7xx_hal_i2c.o)
                0x00000000080077a4                HAL_I2C_MemTxCpltCallback
 .text.HAL_I2C_MemRxCpltCallback
                0x00000000080077a8        0x4 ../../DaisyExamples/libdaisy/build/libdaisy.a(stm32h7xx_hal_i2c.o)
                0x00000000080077a8                HAL_I2C_MemRxCpltCallback
 .text.HAL_I2C_AbortCpltCallback
                0x00000000080077ac        0x4 ../../DaisyExamples/libdaisy/build/libdaisy.a(stm32h7xx_hal_i2c.o)
                0x00000000080077ac                HAL_I2C_AbortCpltCallback
 .text.I2C_ITError
                0x00000000080077b0      0x114 ../../DaisyExamples/libdaisy/build/libdaisy.a(stm32h7xx_hal_i2c.o)
 .text.I2C_ITSlaveCplt
                0x00000000080078c4      0x1d8 ../../DaisyExamples/libdaisy/build/libdaisy.a(stm32h7xx_hal_i2c.o)
 .text.I2C_Slave_ISR_IT
                0x0000000008007a9c      0x324 ../../DaisyExamples/libdaisy/build/libdaisy.a(stm32h7xx_hal_i2c.o)
 .text.I2C_ITMasterCplt
                0x0000000008007dc0       0xe8 ../../DaisyExamples/libdaisy/build/libdaisy.a(stm32h7xx_hal_i2c.o)
 .text.I2C_Master_ISR_IT
                0x0000000008007ea8      0x1f4 ../../DaisyExamples/libdaisy/build/libdaisy.a(stm32h7xx_hal_i2c.o)
 .text.I2C_Slave_ISR_DMA
                0x000000000800809c      0x1e4 ../../DaisyExamples/libdaisy/build/libdaisy.a(stm32h7xx_hal_i2c.o)
 .text.I2C_Master_ISR_DMA
                0x0000000008008280      0x22c ../../DaisyExamples/libdaisy/build/libdaisy.a(stm32h7xx_hal_i2c.o)
 .text.I2C_DMAError
                0x00000000080084ac       0x48 ../../DaisyExamples/libdaisy/build/libdaisy.a(stm32h7xx_hal_i2c.o)
 .text.I2C_DMAMasterTransmitCplt
                0x00000000080084f4       0x90 ../../DaisyExamples/libdaisy/build/libdaisy.a(stm32h7xx_hal_i2c.o)
 .text.I2C_DMAAbort
                0x0000000008008584       0x28 ../../DaisyExamples/libdaisy/build/libdaisy.a(stm32h7xx_hal_i2c.o)
 .text.HAL_I2C_GetState
                0x00000000080085ac        0x8 ../../DaisyExamples/libdaisy/build/libdaisy.a(stm32h7xx_hal_i2c.o)
                0x00000000080085ac                HAL_I2C_GetState
 .text.HAL_I2CEx_ConfigAnalogFilter
                0x00000000080085b4       0x54 ../../DaisyExamples/libdaisy/build/libdaisy.a(stm32h7xx_hal_i2c_ex.o)
                0x00000000080085b4                HAL_I2CEx_ConfigAnalogFilter
 .text.HAL_I2CEx_ConfigDigitalFilter
                0x0000000008008608       0x58 ../../DaisyExamples/libdaisy/build/libdaisy.a(stm32h7xx_hal_i2c_ex.o)
                0x0000000008008608                HAL_I2CEx_ConfigDigitalFilter
 .text.HAL_PWREx_ConfigSupply
                0x0000000008008660       0x4c ../../DaisyExamples/libdaisy/build/libdaisy.a(stm32h7xx_hal_pwr_ex.o)
                0x0000000008008660                HAL_PWREx_ConfigSupply
 .text.HAL_PWREx_EnableUSBVoltageDetector
                0x00000000080086ac       0x10 ../../DaisyExamples/libdaisy/build/libdaisy.a(stm32h7xx_hal_pwr_ex.o)
                0x00000000080086ac                HAL_PWREx_EnableUSBVoltageDetector
 .text.QSPI_Config
                0x00000000080086bc      0x174 ../../DaisyExamples/libdaisy/build/libdaisy.a(stm32h7xx_hal_qspi.o)
 .text.HAL_QSPI_Init
                0x0000000008008830       0xd8 ../../DaisyExamples/libdaisy/build/libdaisy.a(stm32h7xx_hal_qspi.o)
                0x0000000008008830                HAL_QSPI_Init
 .text.HAL_QSPI_DeInit
                0x0000000008008908       0x3c ../../DaisyExamples/libdaisy/build/libdaisy.a(stm32h7xx_hal_qspi.o)
                0x0000000008008908                HAL_QSPI_DeInit
 .text.HAL_QSPI_Command
                0x0000000008008944       0xd4 ../../DaisyExamples/libdaisy/build/libdaisy.a(stm32h7xx_hal_qspi.o)
                0x0000000008008944                HAL_QSPI_Command
 .text.HAL_QSPI_Transmit
                0x0000000008008a18       0xfc ../../DaisyExamples/libdaisy/build/libdaisy.a(stm32h7xx_hal_qspi.o)
                0x0000000008008a18                HAL_QSPI_Transmit
 .text.HAL_QSPI_Receive
                0x0000000008008b14      0x108 ../../DaisyExamples/libdaisy/build/libdaisy.a(stm32h7xx_hal_qspi.o)
                0x0000000008008b14                HAL_QSPI_Receive
 .text.HAL_QSPI_AutoPolling
                0x0000000008008c1c       0xf0 ../../DaisyExamples/libdaisy/build/libdaisy.a(stm32h7xx_hal_qspi.o)
                0x0000000008008c1c                HAL_QSPI_AutoPolling
 .text.HAL_QSPI_MemoryMapped
                0x0000000008008d0c       0xc0 ../../DaisyExamples/libdaisy/build/libdaisy.a(stm32h7xx_hal_qspi.o)
                0x0000000008008d0c                HAL_QSPI_MemoryMapped
 .text.HAL_QSPI_ErrorCallback
                0x0000000008008dcc        0x4 ../../DaisyExamples/libdaisy/build/libdaisy.a(stm32h7xx_hal_qspi.o)
                0x0000000008008dcc                HAL_QSPI_ErrorCallback
 .text.QSPI_DMAAbortCplt
                0x0000000008008dd0       0x38 ../../DaisyExamples/libdaisy/build/libdaisy.a(stm32h7xx_hal_qspi.o)
 .text.HAL_QSPI_AbortCpltCallback
                0x0000000008008e08        0x4 ../../DaisyExamples/libdaisy/build/libdaisy.a(stm32h7xx_hal_qspi.o)
                0x0000000008008e08                HAL_QSPI_AbortCpltCallback
 .text.HAL_QSPI_CmdCpltCallback
                0x0000000008008e0c        0x4 ../../DaisyExamples/libdaisy/build/libdaisy.a(stm32h7xx_hal_qspi.o)
                0x0000000008008e0c                HAL_QSPI_CmdCpltCallback
 .text.HAL_QSPI_RxCpltCallback
                0x0000000008008e10        0x4 ../../DaisyExamples/libdaisy/build/libdaisy.a(stm32h7xx_hal_qspi.o)
                0x0000000008008e10                HAL_QSPI_RxCpltCallback
 .text.HAL_QSPI_TxCpltCallback
                0x0000000008008e14        0x4 ../../DaisyExamples/libdaisy/build/libdaisy.a(stm32h7xx_hal_qspi.o)
                0x0000000008008e14                HAL_QSPI_TxCpltCallback
 .text.HAL_QSPI_FifoThresholdCallback
                0x0000000008008e18        0x4 ../../DaisyExamples/libdaisy/build/libdaisy.a(stm32h7xx_hal_qspi.o)
                0x0000000008008e18                HAL_QSPI_FifoThresholdCallback
 .text.HAL_QSPI_StatusMatchCallback
                0x0000000008008e1c        0x4 ../../DaisyExamples/libdaisy/build/libdaisy.a(stm32h7xx_hal_qspi.o)
                0x0000000008008e1c                HAL_QSPI_StatusMatchCallback
 .text.HAL_QSPI_TimeOutCallback
                0x0000000008008e20        0x4 ../../DaisyExamples/libdaisy/build/libdaisy.a(stm32h7xx_hal_qspi.o)
                0x0000000008008e20                HAL_QSPI_TimeOutCallback
 .text.HAL_QSPI_IRQHandler
                0x0000000008008e24      0x210 ../../DaisyExamples/libdaisy/build/libdaisy.a(stm32h7xx_hal_qspi.o)
                0x0000000008008e24                HAL_QSPI_IRQHandler
 .text.HAL_RCC_OscConfig
                0x0000000008009034      0x51c ../../DaisyExamples/libdaisy/build/libdaisy.a(stm32h7xx_hal_rcc.o)
                0x0000000008009034                HAL_RCC_OscConfig
 .text.HAL_RCC_GetSysClockFreq
                0x0000000008009550      0x140 ../../DaisyExamples/libdaisy/build/libdaisy.a(stm32h7xx_hal_rcc.o)
                0x0000000008009550                HAL_RCC_GetSysClockFreq
 .text.HAL_RCC_ClockConfig
                0x0000000008009690      0x234 ../../DaisyExamples/libdaisy/build/libdaisy.a(stm32h7xx_hal_rcc.o)
                0x0000000008009690                HAL_RCC_ClockConfig
 .text.HAL_RCC_GetHCLKFreq
                0x00000000080098c4       0x2c ../../DaisyExamples/libdaisy/build/libdaisy.a(stm32h7xx_hal_rcc.o)
                0x00000000080098c4                HAL_RCC_GetHCLKFreq
 .text.HAL_RCC_GetPCLK1Freq
                0x00000000080098f0       0x38 ../../DaisyExamples/libdaisy/build/libdaisy.a(stm32h7xx_hal_rcc.o)
                0x00000000080098f0                HAL_RCC_GetPCLK1Freq
 .text.RCCEx_PLL2_Config
                0x0000000008009928       0xf4 ../../DaisyExamples/libdaisy/build/libdaisy.a(stm32h7xx_hal_rcc_ex.o)
 .text.RCCEx_PLL3_Config
                0x0000000008009a1c       0xf4 ../../DaisyExamples/libdaisy/build/libdaisy.a(stm32h7xx_hal_rcc_ex.o)
 .text.HAL_RCCEx_PeriphCLKConfig
                0x0000000008009b10      0xa7c ../../DaisyExamples/libdaisy/build/libdaisy.a(stm32h7xx_hal_rcc_ex.o)
                0x0000000008009b10                HAL_RCCEx_PeriphCLKConfig
 .text.HAL_RCCEx_GetPLL2ClockFreq
                0x000000000800a58c      0x17c ../../DaisyExamples/libdaisy/build/libdaisy.a(stm32h7xx_hal_rcc_ex.o)
                0x000000000800a58c                HAL_RCCEx_GetPLL2ClockFreq
 .text.HAL_RCCEx_GetPLL3ClockFreq
                0x000000000800a708      0x17c ../../DaisyExamples/libdaisy/build/libdaisy.a(stm32h7xx_hal_rcc_ex.o)
                0x000000000800a708                HAL_RCCEx_GetPLL3ClockFreq
 .text.HAL_RCCEx_GetPLL1ClockFreq
                0x000000000800a884      0x17c ../../DaisyExamples/libdaisy/build/libdaisy.a(stm32h7xx_hal_rcc_ex.o)
                0x000000000800a884                HAL_RCCEx_GetPLL1ClockFreq
 .text.HAL_RCCEx_GetPeriphCLKFreq
                0x000000000800aa00      0x198 ../../DaisyExamples/libdaisy/build/libdaisy.a(stm32h7xx_hal_rcc_ex.o)
                0x000000000800aa00                HAL_RCCEx_GetPeriphCLKFreq
 .text.HAL_RCCEx_GetD1SysClockFreq
                0x000000000800ab98       0x2c ../../DaisyExamples/libdaisy/build/libdaisy.a(stm32h7xx_hal_rcc_ex.o)
                0x000000000800ab98                HAL_RCCEx_GetD1SysClockFreq
 .text.HAL_SAI_Init.part.0
                0x000000000800abc4      0x348 ../../DaisyExamples/libdaisy/build/libdaisy.a(stm32h7xx_hal_sai.o)
 .text.HAL_SAI_InitProtocol
                0x000000000800af0c      0x178 ../../DaisyExamples/libdaisy/build/libdaisy.a(stm32h7xx_hal_sai.o)
                0x000000000800af0c                HAL_SAI_InitProtocol
 .text.HAL_SAI_Transmit_DMA
                0x000000000800b084      0x124 ../../DaisyExamples/libdaisy/build/libdaisy.a(stm32h7xx_hal_sai.o)
                0x000000000800b084                HAL_SAI_Transmit_DMA
 .text.HAL_SAI_Receive_DMA
                0x000000000800b1a8       0xd0 ../../DaisyExamples/libdaisy/build/libdaisy.a(stm32h7xx_hal_sai.o)
                0x000000000800b1a8                HAL_SAI_Receive_DMA
 .text.HAL_SAI_TxCpltCallback
                0x000000000800b278        0x4 ../../DaisyExamples/libdaisy/build/libdaisy.a(stm32h7xx_hal_sai.o)
                0x000000000800b278                HAL_SAI_TxCpltCallback
 .text.SAI_DMATxCplt
                0x000000000800b27c       0x64 ../../DaisyExamples/libdaisy/build/libdaisy.a(stm32h7xx_hal_sai.o)
 .text.HAL_SAI_TxHalfCpltCallback
                0x000000000800b2e0        0x4 ../../DaisyExamples/libdaisy/build/libdaisy.a(stm32h7xx_hal_sai.o)
                0x000000000800b2e0                HAL_SAI_TxHalfCpltCallback
 .text.SAI_DMATxHalfCplt
                0x000000000800b2e4        0xc ../../DaisyExamples/libdaisy/build/libdaisy.a(stm32h7xx_hal_sai.o)
 .text.SAI_DMARxCplt
                0x000000000800b2f0       0x64 ../../DaisyExamples/libdaisy/build/libdaisy.a(stm32h7xx_hal_sai.o)
 .text.SAI_DMARxHalfCplt
                0x000000000800b354        0xc ../../DaisyExamples/libdaisy/build/libdaisy.a(stm32h7xx_hal_sai.o)
 .text.HAL_SAI_ErrorCallback
                0x000000000800b360        0x4 ../../DaisyExamples/libdaisy/build/libdaisy.a(stm32h7xx_hal_sai.o)
                0x000000000800b360                HAL_SAI_ErrorCallback
 .text.SAI_DMAError
                0x000000000800b364       0x6c ../../DaisyExamples/libdaisy/build/libdaisy.a(stm32h7xx_hal_sai.o)
 .text.HAL_SDRAM_Init
                0x000000000800b3d0       0x54 ../../DaisyExamples/libdaisy/build/libdaisy.a(stm32h7xx_hal_sdram.o)
                0x000000000800b3d0                HAL_SDRAM_Init
 .text.HAL_SDRAM_SendCommand
                0x000000000800b424       0x40 ../../DaisyExamples/libdaisy/build/libdaisy.a(stm32h7xx_hal_sdram.o)
                0x000000000800b424                HAL_SDRAM_SendCommand
 .text.HAL_SDRAM_ProgramRefreshRate
                0x000000000800b464       0x30 ../../DaisyExamples/libdaisy/build/libdaisy.a(stm32h7xx_hal_sdram.o)
                0x000000000800b464                HAL_SDRAM_ProgramRefreshRate
 .text.SPI_CloseTransfer
                0x000000000800b494       0xb8 ../../DaisyExamples/libdaisy/build/libdaisy.a(stm32h7xx_hal_spi.o)
 .text.HAL_SPI_Init
                0x000000000800b54c      0x15c ../../DaisyExamples/libdaisy/build/libdaisy.a(stm32h7xx_hal_spi.o)
                0x000000000800b54c                HAL_SPI_Init
 .text.HAL_SPI_Transmit
                0x000000000800b6a8      0x314 ../../DaisyExamples/libdaisy/build/libdaisy.a(stm32h7xx_hal_spi.o)
                0x000000000800b6a8                HAL_SPI_Transmit
 .text.FMC_SDRAM_Init
                0x000000000800b9bc       0x7c ../../DaisyExamples/libdaisy/build/libdaisy.a(stm32h7xx_ll_fmc.o)
                0x000000000800b9bc                FMC_SDRAM_Init
 .text.FMC_SDRAM_Timing_Init
                0x000000000800ba38       0x98 ../../DaisyExamples/libdaisy/build/libdaisy.a(stm32h7xx_ll_fmc.o)
                0x000000000800ba38                FMC_SDRAM_Timing_Init
 .text.FMC_SDRAM_SendCommand
                0x000000000800bad0       0x28 ../../DaisyExamples/libdaisy/build/libdaisy.a(stm32h7xx_ll_fmc.o)
                0x000000000800bad0                FMC_SDRAM_SendCommand
 .text.FMC_SDRAM_ProgramRefreshRate
                0x000000000800baf8       0x1c ../../DaisyExamples/libdaisy/build/libdaisy.a(stm32h7xx_ll_fmc.o)
                0x000000000800baf8                FMC_SDRAM_ProgramRefreshRate
 .text.HAL_TIM_Base_MspInit
                0x000000000800bb14       0xa8 ../../DaisyExamples/libdaisy/build/libdaisy.a(tim.o)
                0x000000000800bb14                HAL_TIM_Base_MspInit
 .text._ZN5daisy11TimerHandle4InitERKNS0_6ConfigE
                0x000000000800bbbc       0xc4 ../../DaisyExamples/libdaisy/build/libdaisy.a(tim.o)
                0x000000000800bbbc                daisy::TimerHandle::Init(daisy::TimerHandle::Config const&)
 .text._ZN5daisy11TimerHandle5StartEv
                0x000000000800bc80       0x14 ../../DaisyExamples/libdaisy/build/libdaisy.a(tim.o)
                0x000000000800bc80                daisy::TimerHandle::Start()
 .text._ZN5daisy11TimerHandle9DelayTickEm
                0x000000000800bc94       0x10 ../../DaisyExamples/libdaisy/build/libdaisy.a(tim.o)
                0x000000000800bc94                daisy::TimerHandle::DelayTick(unsigned long)
 .text.dsy_dma_init
                0x000000000800bca4       0x98 ../../DaisyExamples/libdaisy/build/libdaisy.a(dma.o)
                0x000000000800bca4                dsy_dma_init
 .text.HAL_MDMA_Abort_IT
                0x000000000800bd3c       0x2c ../../DaisyExamples/libdaisy/build/libdaisy.a(stm32h7xx_hal_mdma.o)
                0x000000000800bd3c                HAL_MDMA_Abort_IT
 .text.HAL_TIM_Base_Init
                0x000000000800bd68      0x140 ../../DaisyExamples/libdaisy/build/libdaisy.a(stm32h7xx_hal_tim.o)
                0x000000000800bd68                HAL_TIM_Base_Init
 .text.HAL_TIM_Base_Start
                0x000000000800bea8       0x34 ../../DaisyExamples/libdaisy/build/libdaisy.a(stm32h7xx_hal_tim.o)
                0x000000000800bea8                HAL_TIM_Base_Start
 .text.HAL_TIM_ConfigClockSource
                0x000000000800bedc      0x17c ../../DaisyExamples/libdaisy/build/libdaisy.a(stm32h7xx_hal_tim.o)
                0x000000000800bedc                HAL_TIM_ConfigClockSource
 .text.HAL_TIMEx_MasterConfigSynchronization
                0x000000000800c058       0x64 ../../DaisyExamples/libdaisy/build/libdaisy.a(stm32h7xx_hal_tim_ex.o)
                0x000000000800c058                HAL_TIMEx_MasterConfigSynchronization
 .text._ZN7daisysp5AdEnv4InitEf
                0x000000000800c0bc       0x30 ../../DaisyExamples/DaisySP/build/libdaisysp.a(adenv.o)
                0x000000000800c0bc                daisysp::AdEnv::Init(float)
 .text._ZN7daisysp5AdEnv7ProcessEv
                0x000000000800c0ec      0x1b8 ../../DaisyExamples/DaisySP/build/libdaisysp.a(adenv.o)
                0x000000000800c0ec                daisysp::AdEnv::Process()
 .text._ZN7daisysp5Metro4InitEff
                0x000000000800c2a4       0x24 ../../DaisyExamples/DaisySP/build/libdaisysp.a(metro.o)
                0x000000000800c2a4                daisysp::Metro::Init(float, float)
 .text._ZN7daisysp5Metro7ProcessEv
                0x000000000800c2c8       0x34 ../../DaisyExamples/DaisySP/build/libdaisysp.a(metro.o)
                0x000000000800c2c8                daisysp::Metro::Process()
 .text._ZN7daisysp5Metro7SetFreqEf
                0x000000000800c2fc       0x20 ../../DaisyExamples/DaisySP/build/libdaisysp.a(metro.o)
                0x000000000800c2fc                daisysp::Metro::SetFreq(float)
 .text._ZN7daisysp10Oscillator12CalcPhaseIncEf
                0x000000000800c31c       0x18 ../../DaisyExamples/DaisySP/build/libdaisysp.a(oscillator.o)
                0x000000000800c31c                daisysp::Oscillator::CalcPhaseInc(float)
 .text._ZN7daisysp5Pluck4InitEfPfll
                0x000000000800c334       0xdc ../../DaisyExamples/DaisySP/build/libdaisysp.a(pluck.o)
                0x000000000800c334                daisysp::Pluck::Init(float, float*, long, long)
 .text._ZN7daisysp5Pluck7ProcessERf
                0x000000000800c410      0x1a4 ../../DaisyExamples/DaisySP/build/libdaisysp.a(pluck.o)
                0x000000000800c410                daisysp::Pluck::Process(float&)
 .text._ZN7daisysp3Svf4InitEf
                0x000000000800c5b4       0x38 ../../DaisyExamples/DaisySP/build/libdaisysp.a(svf.o)
                0x000000000800c5b4                daisysp::Svf::Init(float)
 .text._ZN7daisysp3Svf7ProcessEf
                0x000000000800c5ec       0xc8 ../../DaisyExamples/DaisySP/build/libdaisysp.a(svf.o)
                0x000000000800c5ec                daisysp::Svf::Process(float)
 .text._ZN7daisysp3Svf7SetFreqEf
                0x000000000800c6b4       0xec ../../DaisyExamples/DaisySP/build/libdaisysp.a(svf.o)
                0x000000000800c6b4                daisysp::Svf::SetFreq(float)
 .text._ZN7daisysp3Svf6SetResEf
                0x000000000800c7a0       0xf8 ../../DaisyExamples/DaisySP/build/libdaisysp.a(svf.o)
                0x000000000800c7a0                daisysp::Svf::SetRes(float)
 .text.__aeabi_atexit
                0x000000000800c898        0xa /usr/local/Caskroom/gcc-arm-embedded/10-2020-q4-major/gcc-arm-none-eabi-10-2020-q4-major/bin/../lib/gcc/arm-none-eabi/10.2.1/../../../../arm-none-eabi/lib/thumb/v7e-m+dp/hard/libstdc++_nano.a(atexit_arm.o)
                0x000000000800c898                __aeabi_atexit
 *fill*         0x000000000800c8a2        0x6 
 .text.powf     0x000000000800c8a8      0x328 /usr/local/Caskroom/gcc-arm-embedded/10-2020-q4-major/gcc-arm-none-eabi-10-2020-q4-major/bin/../lib/gcc/arm-none-eabi/10.2.1/../../../../arm-none-eabi/lib/thumb/v7e-m+dp/hard/libm.a(lib_a-sf_pow.o)
                0x000000000800c8a8                powf
 .text.sinf     0x000000000800cbd0      0x20c /usr/local/Caskroom/gcc-arm-embedded/10-2020-q4-major/gcc-arm-none-eabi-10-2020-q4-major/bin/../lib/gcc/arm-none-eabi/10.2.1/../../../../arm-none-eabi/lib/thumb/v7e-m+dp/hard/libm.a(lib_a-sinf.o)
                0x000000000800cbd0                sinf
 .text.with_errnof
                0x000000000800cddc       0x18 /usr/local/Caskroom/gcc-arm-embedded/10-2020-q4-major/gcc-arm-none-eabi-10-2020-q4-major/bin/../lib/gcc/arm-none-eabi/10.2.1/../../../../arm-none-eabi/lib/thumb/v7e-m+dp/hard/libm.a(lib_a-math_errf.o)
 .text.xflowf   0x000000000800cdf4       0x20 /usr/local/Caskroom/gcc-arm-embedded/10-2020-q4-major/gcc-arm-none-eabi-10-2020-q4-major/bin/../lib/gcc/arm-none-eabi/10.2.1/../../../../arm-none-eabi/lib/thumb/v7e-m+dp/hard/libm.a(lib_a-math_errf.o)
 .text.__math_uflowf
                0x000000000800ce14        0xc /usr/local/Caskroom/gcc-arm-embedded/10-2020-q4-major/gcc-arm-none-eabi-10-2020-q4-major/bin/../lib/gcc/arm-none-eabi/10.2.1/../../../../arm-none-eabi/lib/thumb/v7e-m+dp/hard/libm.a(lib_a-math_errf.o)
                0x000000000800ce14                __math_uflowf
 .text.__math_may_uflowf
                0x000000000800ce20        0xc /usr/local/Caskroom/gcc-arm-embedded/10-2020-q4-major/gcc-arm-none-eabi-10-2020-q4-major/bin/../lib/gcc/arm-none-eabi/10.2.1/../../../../arm-none-eabi/lib/thumb/v7e-m+dp/hard/libm.a(lib_a-math_errf.o)
                0x000000000800ce20                __math_may_uflowf
 .text.__math_oflowf
                0x000000000800ce2c        0xc /usr/local/Caskroom/gcc-arm-embedded/10-2020-q4-major/gcc-arm-none-eabi-10-2020-q4-major/bin/../lib/gcc/arm-none-eabi/10.2.1/../../../../arm-none-eabi/lib/thumb/v7e-m+dp/hard/libm.a(lib_a-math_errf.o)
                0x000000000800ce2c                __math_oflowf
 .text.__math_divzerof
                0x000000000800ce38       0x24 /usr/local/Caskroom/gcc-arm-embedded/10-2020-q4-major/gcc-arm-none-eabi-10-2020-q4-major/bin/../lib/gcc/arm-none-eabi/10.2.1/../../../../arm-none-eabi/lib/thumb/v7e-m+dp/hard/libm.a(lib_a-math_errf.o)
                0x000000000800ce38                __math_divzerof
 .text.__math_invalidf
                0x000000000800ce5c       0x20 /usr/local/Caskroom/gcc-arm-embedded/10-2020-q4-major/gcc-arm-none-eabi-10-2020-q4-major/bin/../lib/gcc/arm-none-eabi/10.2.1/../../../../arm-none-eabi/lib/thumb/v7e-m+dp/hard/libm.a(lib_a-math_errf.o)
                0x000000000800ce5c                __math_invalidf
 .text.__cxa_atexit
                0x000000000800ce7c       0x1c /usr/local/Caskroom/gcc-arm-embedded/10-2020-q4-major/gcc-arm-none-eabi-10-2020-q4-major/bin/../lib/gcc/arm-none-eabi/10.2.1/../../../../arm-none-eabi/lib/thumb/v7e-m+dp/hard/libc_nano.a(lib_a-cxa_atexit.o)
                0x000000000800ce7c                __cxa_atexit
 .text.__errno  0x000000000800ce98        0xc /usr/local/Caskroom/gcc-arm-embedded/10-2020-q4-major/gcc-arm-none-eabi-10-2020-q4-major/bin/../lib/gcc/arm-none-eabi/10.2.1/../../../../arm-none-eabi/lib/thumb/v7e-m+dp/hard/libc_nano.a(lib_a-errno.o)
                0x000000000800ce98                __errno
 .text.__libc_init_array
                0x000000000800cea4       0x48 /usr/local/Caskroom/gcc-arm-embedded/10-2020-q4-major/gcc-arm-none-eabi-10-2020-q4-major/bin/../lib/gcc/arm-none-eabi/10.2.1/../../../../arm-none-eabi/lib/thumb/v7e-m+dp/hard/libc_nano.a(lib_a-init.o)
                0x000000000800cea4                __libc_init_array
 .text.memcpy   0x000000000800ceec       0x1c /usr/local/Caskroom/gcc-arm-embedded/10-2020-q4-major/gcc-arm-none-eabi-10-2020-q4-major/bin/../lib/gcc/arm-none-eabi/10.2.1/../../../../arm-none-eabi/lib/thumb/v7e-m+dp/hard/libc_nano.a(lib_a-memcpy-stub.o)
                0x000000000800ceec                memcpy
 .text.memset   0x000000000800cf08       0x10 /usr/local/Caskroom/gcc-arm-embedded/10-2020-q4-major/gcc-arm-none-eabi-10-2020-q4-major/bin/../lib/gcc/arm-none-eabi/10.2.1/../../../../arm-none-eabi/lib/thumb/v7e-m+dp/hard/libc_nano.a(lib_a-memset.o)
                0x000000000800cf08                memset
 .text.rand     0x000000000800cf18       0x7c /usr/local/Caskroom/gcc-arm-embedded/10-2020-q4-major/gcc-arm-none-eabi-10-2020-q4-major/bin/../lib/gcc/arm-none-eabi/10.2.1/../../../../arm-none-eabi/lib/thumb/v7e-m+dp/hard/libc_nano.a(lib_a-rand.o)
                0x000000000800cf18                rand
 .text.__assert_func
                0x000000000800cf94       0x3c /usr/local/Caskroom/gcc-arm-embedded/10-2020-q4-major/gcc-arm-none-eabi-10-2020-q4-major/bin/../lib/gcc/arm-none-eabi/10.2.1/../../../../arm-none-eabi/lib/thumb/v7e-m+dp/hard/libc_nano.a(lib_a-assert.o)
                0x000000000800cf94                __assert_func
 .text.fprintf  0x000000000800cfd0       0x24 /usr/local/Caskroom/gcc-arm-embedded/10-2020-q4-major/gcc-arm-none-eabi-10-2020-q4-major/bin/../lib/gcc/arm-none-eabi/10.2.1/../../../../arm-none-eabi/lib/thumb/v7e-m+dp/hard/libc_nano.a(lib_a-fprintf.o)
                0x000000000800cfd0                fprintf
                0x000000000800cfd0                fiprintf
 .text.malloc   0x000000000800cff4       0x10 /usr/local/Caskroom/gcc-arm-embedded/10-2020-q4-major/gcc-arm-none-eabi-10-2020-q4-major/bin/../lib/gcc/arm-none-eabi/10.2.1/../../../../arm-none-eabi/lib/thumb/v7e-m+dp/hard/libc_nano.a(lib_a-malloc.o)
                0x000000000800cff4                malloc
 .text._free_r  0x000000000800d004       0x98 /usr/local/Caskroom/gcc-arm-embedded/10-2020-q4-major/gcc-arm-none-eabi-10-2020-q4-major/bin/../lib/gcc/arm-none-eabi/10.2.1/../../../../arm-none-eabi/lib/thumb/v7e-m+dp/hard/libc_nano.a(lib_a-nano-freer.o)
                0x000000000800d004                _free_r
 .text._malloc_r
                0x000000000800d09c       0xb4 /usr/local/Caskroom/gcc-arm-embedded/10-2020-q4-major/gcc-arm-none-eabi-10-2020-q4-major/bin/../lib/gcc/arm-none-eabi/10.2.1/../../../../arm-none-eabi/lib/thumb/v7e-m+dp/hard/libc_nano.a(lib_a-nano-mallocr.o)
                0x000000000800d09c                _malloc_r
 .text.__sfputc_r
                0x000000000800d150       0x2e /usr/local/Caskroom/gcc-arm-embedded/10-2020-q4-major/gcc-arm-none-eabi-10-2020-q4-major/bin/../lib/gcc/arm-none-eabi/10.2.1/../../../../arm-none-eabi/lib/thumb/v7e-m+dp/hard/libc_nano.a(lib_a-nano-vfprintf.o)
 .text.__sfputs_r
                0x000000000800d17e       0x24 /usr/local/Caskroom/gcc-arm-embedded/10-2020-q4-major/gcc-arm-none-eabi-10-2020-q4-major/bin/../lib/gcc/arm-none-eabi/10.2.1/../../../../arm-none-eabi/lib/thumb/v7e-m+dp/hard/libc_nano.a(lib_a-nano-vfprintf.o)
                0x000000000800d17e                __sfputs_r
 *fill*         0x000000000800d1a2        0x2 
 .text._vfprintf_r
                0x000000000800d1a4      0x260 /usr/local/Caskroom/gcc-arm-embedded/10-2020-q4-major/gcc-arm-none-eabi-10-2020-q4-major/bin/../lib/gcc/arm-none-eabi/10.2.1/../../../../arm-none-eabi/lib/thumb/v7e-m+dp/hard/libc_nano.a(lib_a-nano-vfprintf.o)
                0x000000000800d1a4                _vfiprintf_r
                0x000000000800d1a4                _vfprintf_r
 .text._printf_common
                0x000000000800d404       0xda /usr/local/Caskroom/gcc-arm-embedded/10-2020-q4-major/gcc-arm-none-eabi-10-2020-q4-major/bin/../lib/gcc/arm-none-eabi/10.2.1/../../../../arm-none-eabi/lib/thumb/v7e-m+dp/hard/libc_nano.a(lib_a-nano-vfprintf_i.o)
                0x000000000800d404                _printf_common
 *fill*         0x000000000800d4de        0x2 
 .text._printf_i
                0x000000000800d4e0      0x24c /usr/local/Caskroom/gcc-arm-embedded/10-2020-q4-major/gcc-arm-none-eabi-10-2020-q4-major/bin/../lib/gcc/arm-none-eabi/10.2.1/../../../../arm-none-eabi/lib/thumb/v7e-m+dp/hard/libc_nano.a(lib_a-nano-vfprintf_i.o)
                0x000000000800d4e0                _printf_i
 .text._sbrk_r  0x000000000800d72c       0x20 /usr/local/Caskroom/gcc-arm-embedded/10-2020-q4-major/gcc-arm-none-eabi-10-2020-q4-major/bin/../lib/gcc/arm-none-eabi/10.2.1/../../../../arm-none-eabi/lib/thumb/v7e-m+dp/hard/libc_nano.a(lib_a-sbrkr.o)
                0x000000000800d72c                _sbrk_r
 .text.__swbuf_r
                0x000000000800d74c       0xa4 /usr/local/Caskroom/gcc-arm-embedded/10-2020-q4-major/gcc-arm-none-eabi-10-2020-q4-major/bin/../lib/gcc/arm-none-eabi/10.2.1/../../../../arm-none-eabi/lib/thumb/v7e-m+dp/hard/libc_nano.a(lib_a-wbuf.o)
                0x000000000800d74c                __swbuf_r
 .text.__swsetup_r
                0x000000000800d7f0       0xdc /usr/local/Caskroom/gcc-arm-embedded/10-2020-q4-major/gcc-arm-none-eabi-10-2020-q4-major/bin/../lib/gcc/arm-none-eabi/10.2.1/../../../../arm-none-eabi/lib/thumb/v7e-m+dp/hard/libc_nano.a(lib_a-wsetup.o)
                0x000000000800d7f0                __swsetup_r
 .text.abort    0x000000000800d8cc        0xe /usr/local/Caskroom/gcc-arm-embedded/10-2020-q4-major/gcc-arm-none-eabi-10-2020-q4-major/bin/../lib/gcc/arm-none-eabi/10.2.1/../../../../arm-none-eabi/lib/thumb/v7e-m+dp/hard/libc_nano.a(lib_a-abort.o)
                0x000000000800d8cc                abort
 *fill*         0x000000000800d8da        0x2 
 .text.__sflush_r
                0x000000000800d8dc      0x10c /usr/local/Caskroom/gcc-arm-embedded/10-2020-q4-major/gcc-arm-none-eabi-10-2020-q4-major/bin/../lib/gcc/arm-none-eabi/10.2.1/../../../../arm-none-eabi/lib/thumb/v7e-m+dp/hard/libc_nano.a(lib_a-fflush.o)
                0x000000000800d8dc                __sflush_r
 .text._fflush_r
                0x000000000800d9e8       0x78 /usr/local/Caskroom/gcc-arm-embedded/10-2020-q4-major/gcc-arm-none-eabi-10-2020-q4-major/bin/../lib/gcc/arm-none-eabi/10.2.1/../../../../arm-none-eabi/lib/thumb/v7e-m+dp/hard/libc_nano.a(lib_a-fflush.o)
                0x000000000800d9e8                _fflush_r
 .text.std      0x000000000800da60       0x48 /usr/local/Caskroom/gcc-arm-embedded/10-2020-q4-major/gcc-arm-none-eabi-10-2020-q4-major/bin/../lib/gcc/arm-none-eabi/10.2.1/../../../../arm-none-eabi/lib/thumb/v7e-m+dp/hard/libc_nano.a(lib_a-findfp.o)
 .text._cleanup_r
                0x000000000800daa8        0xc /usr/local/Caskroom/gcc-arm-embedded/10-2020-q4-major/gcc-arm-none-eabi-10-2020-q4-major/bin/../lib/gcc/arm-none-eabi/10.2.1/../../../../arm-none-eabi/lib/thumb/v7e-m+dp/hard/libc_nano.a(lib_a-findfp.o)
                0x000000000800daa8                _cleanup_r
 .text.__sfmoreglue
                0x000000000800dab4       0x2c /usr/local/Caskroom/gcc-arm-embedded/10-2020-q4-major/gcc-arm-none-eabi-10-2020-q4-major/bin/../lib/gcc/arm-none-eabi/10.2.1/../../../../arm-none-eabi/lib/thumb/v7e-m+dp/hard/libc_nano.a(lib_a-findfp.o)
                0x000000000800dab4                __sfmoreglue
 .text.__sfp_lock_acquire
                0x000000000800dae0        0xc /usr/local/Caskroom/gcc-arm-embedded/10-2020-q4-major/gcc-arm-none-eabi-10-2020-q4-major/bin/../lib/gcc/arm-none-eabi/10.2.1/../../../../arm-none-eabi/lib/thumb/v7e-m+dp/hard/libc_nano.a(lib_a-findfp.o)
                0x000000000800dae0                __sfp_lock_acquire
 .text.__sfp_lock_release
                0x000000000800daec        0xc /usr/local/Caskroom/gcc-arm-embedded/10-2020-q4-major/gcc-arm-none-eabi-10-2020-q4-major/bin/../lib/gcc/arm-none-eabi/10.2.1/../../../../arm-none-eabi/lib/thumb/v7e-m+dp/hard/libc_nano.a(lib_a-findfp.o)
                0x000000000800daec                __sfp_lock_release
 .text.__sinit_lock_acquire
                0x000000000800daf8        0xc /usr/local/Caskroom/gcc-arm-embedded/10-2020-q4-major/gcc-arm-none-eabi-10-2020-q4-major/bin/../lib/gcc/arm-none-eabi/10.2.1/../../../../arm-none-eabi/lib/thumb/v7e-m+dp/hard/libc_nano.a(lib_a-findfp.o)
                0x000000000800daf8                __sinit_lock_acquire
 .text.__sinit_lock_release
                0x000000000800db04        0xc /usr/local/Caskroom/gcc-arm-embedded/10-2020-q4-major/gcc-arm-none-eabi-10-2020-q4-major/bin/../lib/gcc/arm-none-eabi/10.2.1/../../../../arm-none-eabi/lib/thumb/v7e-m+dp/hard/libc_nano.a(lib_a-findfp.o)
                0x000000000800db04                __sinit_lock_release
 .text.__sinit  0x000000000800db10       0x70 /usr/local/Caskroom/gcc-arm-embedded/10-2020-q4-major/gcc-arm-none-eabi-10-2020-q4-major/bin/../lib/gcc/arm-none-eabi/10.2.1/../../../../arm-none-eabi/lib/thumb/v7e-m+dp/hard/libc_nano.a(lib_a-findfp.o)
                0x000000000800db10                __sinit
 .text.__sfp    0x000000000800db80       0x8c /usr/local/Caskroom/gcc-arm-embedded/10-2020-q4-major/gcc-arm-none-eabi-10-2020-q4-major/bin/../lib/gcc/arm-none-eabi/10.2.1/../../../../arm-none-eabi/lib/thumb/v7e-m+dp/hard/libc_nano.a(lib_a-findfp.o)
                0x000000000800db80                __sfp
 .text._fwalk_reent
                0x000000000800dc0c       0x3e /usr/local/Caskroom/gcc-arm-embedded/10-2020-q4-major/gcc-arm-none-eabi-10-2020-q4-major/bin/../lib/gcc/arm-none-eabi/10.2.1/../../../../arm-none-eabi/lib/thumb/v7e-m+dp/hard/libc_nano.a(lib_a-fwalk.o)
                0x000000000800dc0c                _fwalk_reent
 .text.__retarget_lock_init_recursive
                0x000000000800dc4a        0x2 /usr/local/Caskroom/gcc-arm-embedded/10-2020-q4-major/gcc-arm-none-eabi-10-2020-q4-major/bin/../lib/gcc/arm-none-eabi/10.2.1/../../../../arm-none-eabi/lib/thumb/v7e-m+dp/hard/libc_nano.a(lib_a-lock.o)
                0x000000000800dc4a                __retarget_lock_init_recursive
 .text.__retarget_lock_acquire_recursive
                0x000000000800dc4c        0x2 /usr/local/Caskroom/gcc-arm-embedded/10-2020-q4-major/gcc-arm-none-eabi-10-2020-q4-major/bin/../lib/gcc/arm-none-eabi/10.2.1/../../../../arm-none-eabi/lib/thumb/v7e-m+dp/hard/libc_nano.a(lib_a-lock.o)
                0x000000000800dc4c                __retarget_lock_acquire_recursive
 .text.__retarget_lock_release_recursive
                0x000000000800dc4e        0x2 /usr/local/Caskroom/gcc-arm-embedded/10-2020-q4-major/gcc-arm-none-eabi-10-2020-q4-major/bin/../lib/gcc/arm-none-eabi/10.2.1/../../../../arm-none-eabi/lib/thumb/v7e-m+dp/hard/libc_nano.a(lib_a-lock.o)
                0x000000000800dc4e                __retarget_lock_release_recursive
 .text.__swhatbuf_r
                0x000000000800dc50       0x4a /usr/local/Caskroom/gcc-arm-embedded/10-2020-q4-major/gcc-arm-none-eabi-10-2020-q4-major/bin/../lib/gcc/arm-none-eabi/10.2.1/../../../../arm-none-eabi/lib/thumb/v7e-m+dp/hard/libc_nano.a(lib_a-makebuf.o)
                0x000000000800dc50                __swhatbuf_r
 *fill*         0x000000000800dc9a        0x2 
 .text.__smakebuf_r
                0x000000000800dc9c       0x80 /usr/local/Caskroom/gcc-arm-embedded/10-2020-q4-major/gcc-arm-none-eabi-10-2020-q4-major/bin/../lib/gcc/arm-none-eabi/10.2.1/../../../../arm-none-eabi/lib/thumb/v7e-m+dp/hard/libc_nano.a(lib_a-makebuf.o)
                0x000000000800dc9c                __smakebuf_r
 .text.__malloc_lock
                0x000000000800dd1c        0xc /usr/local/Caskroom/gcc-arm-embedded/10-2020-q4-major/gcc-arm-none-eabi-10-2020-q4-major/bin/../lib/gcc/arm-none-eabi/10.2.1/../../../../arm-none-eabi/lib/thumb/v7e-m+dp/hard/libc_nano.a(lib_a-mlock.o)
                0x000000000800dd1c                __malloc_lock
 .text.__malloc_unlock
                0x000000000800dd28        0xc /usr/local/Caskroom/gcc-arm-embedded/10-2020-q4-major/gcc-arm-none-eabi-10-2020-q4-major/bin/../lib/gcc/arm-none-eabi/10.2.1/../../../../arm-none-eabi/lib/thumb/v7e-m+dp/hard/libc_nano.a(lib_a-mlock.o)
                0x000000000800dd28                __malloc_unlock
 .text._raise_r
                0x000000000800dd34       0x50 /usr/local/Caskroom/gcc-arm-embedded/10-2020-q4-major/gcc-arm-none-eabi-10-2020-q4-major/bin/../lib/gcc/arm-none-eabi/10.2.1/../../../../arm-none-eabi/lib/thumb/v7e-m+dp/hard/libc_nano.a(lib_a-signal.o)
                0x000000000800dd34                _raise_r
 .text.raise    0x000000000800dd84       0x10 /usr/local/Caskroom/gcc-arm-embedded/10-2020-q4-major/gcc-arm-none-eabi-10-2020-q4-major/bin/../lib/gcc/arm-none-eabi/10.2.1/../../../../arm-none-eabi/lib/thumb/v7e-m+dp/hard/libc_nano.a(lib_a-signal.o)
                0x000000000800dd84                raise
 .text._kill_r  0x000000000800dd94       0x24 /usr/local/Caskroom/gcc-arm-embedded/10-2020-q4-major/gcc-arm-none-eabi-10-2020-q4-major/bin/../lib/gcc/arm-none-eabi/10.2.1/../../../../arm-none-eabi/lib/thumb/v7e-m+dp/hard/libc_nano.a(lib_a-signalr.o)
                0x000000000800dd94                _kill_r
 .text._getpid_r
                0x000000000800ddb8        0x4 /usr/local/Caskroom/gcc-arm-embedded/10-2020-q4-major/gcc-arm-none-eabi-10-2020-q4-major/bin/../lib/gcc/arm-none-eabi/10.2.1/../../../../arm-none-eabi/lib/thumb/v7e-m+dp/hard/libc_nano.a(lib_a-signalr.o)
                0x000000000800ddb8                _getpid_r
 .text.__sread  0x000000000800ddbc       0x22 /usr/local/Caskroom/gcc-arm-embedded/10-2020-q4-major/gcc-arm-none-eabi-10-2020-q4-major/bin/../lib/gcc/arm-none-eabi/10.2.1/../../../../arm-none-eabi/lib/thumb/v7e-m+dp/hard/libc_nano.a(lib_a-stdio.o)
                0x000000000800ddbc                __sread
 .text.__swrite
                0x000000000800ddde       0x38 /usr/local/Caskroom/gcc-arm-embedded/10-2020-q4-major/gcc-arm-none-eabi-10-2020-q4-major/bin/../lib/gcc/arm-none-eabi/10.2.1/../../../../arm-none-eabi/lib/thumb/v7e-m+dp/hard/libc_nano.a(lib_a-stdio.o)
                0x000000000800ddde                __swrite
 .text.__sseek  0x000000000800de16       0x24 /usr/local/Caskroom/gcc-arm-embedded/10-2020-q4-major/gcc-arm-none-eabi-10-2020-q4-major/bin/../lib/gcc/arm-none-eabi/10.2.1/../../../../arm-none-eabi/lib/thumb/v7e-m+dp/hard/libc_nano.a(lib_a-stdio.o)
                0x000000000800de16                __sseek
 .text.__sclose
                0x000000000800de3a        0x8 /usr/local/Caskroom/gcc-arm-embedded/10-2020-q4-major/gcc-arm-none-eabi-10-2020-q4-major/bin/../lib/gcc/arm-none-eabi/10.2.1/../../../../arm-none-eabi/lib/thumb/v7e-m+dp/hard/libc_nano.a(lib_a-stdio.o)
                0x000000000800de3a                __sclose
 *fill*         0x000000000800de42        0x2 
 .text._write_r
                0x000000000800de44       0x24 /usr/local/Caskroom/gcc-arm-embedded/10-2020-q4-major/gcc-arm-none-eabi-10-2020-q4-major/bin/../lib/gcc/arm-none-eabi/10.2.1/../../../../arm-none-eabi/lib/thumb/v7e-m+dp/hard/libc_nano.a(lib_a-writer.o)
                0x000000000800de44                _write_r
 .text._close_r
                0x000000000800de68       0x20 /usr/local/Caskroom/gcc-arm-embedded/10-2020-q4-major/gcc-arm-none-eabi-10-2020-q4-major/bin/../lib/gcc/arm-none-eabi/10.2.1/../../../../arm-none-eabi/lib/thumb/v7e-m+dp/hard/libc_nano.a(lib_a-closer.o)
                0x000000000800de68                _close_r
 .text._fstat_r
                0x000000000800de88       0x24 /usr/local/Caskroom/gcc-arm-embedded/10-2020-q4-major/gcc-arm-none-eabi-10-2020-q4-major/bin/../lib/gcc/arm-none-eabi/10.2.1/../../../../arm-none-eabi/lib/thumb/v7e-m+dp/hard/libc_nano.a(lib_a-fstatr.o)
                0x000000000800de88                _fstat_r
 .text._isatty_r
                0x000000000800deac       0x20 /usr/local/Caskroom/gcc-arm-embedded/10-2020-q4-major/gcc-arm-none-eabi-10-2020-q4-major/bin/../lib/gcc/arm-none-eabi/10.2.1/../../../../arm-none-eabi/lib/thumb/v7e-m+dp/hard/libc_nano.a(lib_a-isattyr.o)
                0x000000000800deac                _isatty_r
 .text._lseek_r
                0x000000000800decc       0x24 /usr/local/Caskroom/gcc-arm-embedded/10-2020-q4-major/gcc-arm-none-eabi-10-2020-q4-major/bin/../lib/gcc/arm-none-eabi/10.2.1/../../../../arm-none-eabi/lib/thumb/v7e-m+dp/hard/libc_nano.a(lib_a-lseekr.o)
                0x000000000800decc                _lseek_r
 .text._read_r  0x000000000800def0       0x24 /usr/local/Caskroom/gcc-arm-embedded/10-2020-q4-major/gcc-arm-none-eabi-10-2020-q4-major/bin/../lib/gcc/arm-none-eabi/10.2.1/../../../../arm-none-eabi/lib/thumb/v7e-m+dp/hard/libc_nano.a(lib_a-readr.o)
                0x000000000800def0                _read_r
 .text._close   0x000000000800df14       0x10 /usr/local/Caskroom/gcc-arm-embedded/10-2020-q4-major/gcc-arm-none-eabi-10-2020-q4-major/bin/../lib/gcc/arm-none-eabi/10.2.1/../../../../arm-none-eabi/lib/thumb/v7e-m+dp/hard/libnosys.a(close.o)
                0x000000000800df14                _close
 .text._fstat   0x000000000800df24       0x10 /usr/local/Caskroom/gcc-arm-embedded/10-2020-q4-major/gcc-arm-none-eabi-10-2020-q4-major/bin/../lib/gcc/arm-none-eabi/10.2.1/../../../../arm-none-eabi/lib/thumb/v7e-m+dp/hard/libnosys.a(fstat.o)
                0x000000000800df24                _fstat
 .text._getpid  0x000000000800df34       0x10 /usr/local/Caskroom/gcc-arm-embedded/10-2020-q4-major/gcc-arm-none-eabi-10-2020-q4-major/bin/../lib/gcc/arm-none-eabi/10.2.1/../../../../arm-none-eabi/lib/thumb/v7e-m+dp/hard/libnosys.a(getpid.o)
                0x000000000800df34                _getpid
 .text._isatty  0x000000000800df44       0x10 /usr/local/Caskroom/gcc-arm-embedded/10-2020-q4-major/gcc-arm-none-eabi-10-2020-q4-major/bin/../lib/gcc/arm-none-eabi/10.2.1/../../../../arm-none-eabi/lib/thumb/v7e-m+dp/hard/libnosys.a(isatty.o)
                0x000000000800df44                _isatty
 .text._kill    0x000000000800df54       0x10 /usr/local/Caskroom/gcc-arm-embedded/10-2020-q4-major/gcc-arm-none-eabi-10-2020-q4-major/bin/../lib/gcc/arm-none-eabi/10.2.1/../../../../arm-none-eabi/lib/thumb/v7e-m+dp/hard/libnosys.a(kill.o)
                0x000000000800df54                _kill
 .text._lseek   0x000000000800df64       0x10 /usr/local/Caskroom/gcc-arm-embedded/10-2020-q4-major/gcc-arm-none-eabi-10-2020-q4-major/bin/../lib/gcc/arm-none-eabi/10.2.1/../../../../arm-none-eabi/lib/thumb/v7e-m+dp/hard/libnosys.a(lseek.o)
                0x000000000800df64                _lseek
 .text._read    0x000000000800df74       0x10 /usr/local/Caskroom/gcc-arm-embedded/10-2020-q4-major/gcc-arm-none-eabi-10-2020-q4-major/bin/../lib/gcc/arm-none-eabi/10.2.1/../../../../arm-none-eabi/lib/thumb/v7e-m+dp/hard/libnosys.a(read.o)
                0x000000000800df74                _read
 .text._sbrk    0x000000000800df84       0x1c /usr/local/Caskroom/gcc-arm-embedded/10-2020-q4-major/gcc-arm-none-eabi-10-2020-q4-major/bin/../lib/gcc/arm-none-eabi/10.2.1/../../../../arm-none-eabi/lib/thumb/v7e-m+dp/hard/libnosys.a(sbrk.o)